Component: ARM Compiler 5.06 update 7 (build 960) Tool: armlink [4d3601]

==============================================================================

Section Cross References

    startup_stm32f407xx.o(STACK) refers (Special) to heapauxi.o(.text) for __use_two_region_memory
    startup_stm32f407xx.o(HEAP) refers (Special) to heapauxi.o(.text) for __use_two_region_memory
    startup_stm32f407xx.o(RESET) refers (Special) to heapauxi.o(.text) for __use_two_region_memory
    startup_stm32f407xx.o(RESET) refers to startup_stm32f407xx.o(STACK) for __initial_sp
    startup_stm32f407xx.o(RESET) refers to startup_stm32f407xx.o(.text) for Reset_Handler
    startup_stm32f407xx.o(RESET) refers to stm32f4xx_it.o(i.NMI_Handler) for NMI_Handler
    startup_stm32f407xx.o(RESET) refers to stm32f4xx_it.o(i.HardFault_Handler) for HardFault_Handler
    startup_stm32f407xx.o(RESET) refers to stm32f4xx_it.o(i.MemManage_Handler) for MemManage_Handler
    startup_stm32f407xx.o(RESET) refers to stm32f4xx_it.o(i.BusFault_Handler) for BusFault_Handler
    startup_stm32f407xx.o(RESET) refers to stm32f4xx_it.o(i.UsageFault_Handler) for UsageFault_Handler
    startup_stm32f407xx.o(RESET) refers to stm32f4xx_it.o(i.SVC_Handler) for SVC_Handler
    startup_stm32f407xx.o(RESET) refers to stm32f4xx_it.o(i.DebugMon_Handler) for DebugMon_Handler
    startup_stm32f407xx.o(RESET) refers to stm32f4xx_it.o(i.PendSV_Handler) for PendSV_Handler
    startup_stm32f407xx.o(RESET) refers to stm32f4xx_it.o(i.SysTick_Handler) for SysTick_Handler
    startup_stm32f407xx.o(RESET) refers to stm32f4xx_it.o(i.DMA1_Stream5_IRQHandler) for DMA1_Stream5_IRQHandler
    startup_stm32f407xx.o(RESET) refers to stm32f4xx_it.o(i.DMA1_Stream6_IRQHandler) for DMA1_Stream6_IRQHandler
    startup_stm32f407xx.o(RESET) refers to stm32f4xx_it.o(i.TIM6_DAC_IRQHandler) for TIM6_DAC_IRQHandler
    startup_stm32f407xx.o(RESET) refers to stm32f4xx_it.o(i.DMA2_Stream0_IRQHandler) for DMA2_Stream0_IRQHandler
    startup_stm32f407xx.o(.text) refers (Special) to heapauxi.o(.text) for __use_two_region_memory
    startup_stm32f407xx.o(.text) refers to system_stm32f4xx.o(i.SystemInit) for SystemInit
    startup_stm32f407xx.o(.text) refers to __main.o(!!!main) for __main
    startup_stm32f407xx.o(.text) refers to startup_stm32f407xx.o(HEAP) for Heap_Mem
    startup_stm32f407xx.o(.text) refers to startup_stm32f407xx.o(STACK) for Stack_Mem
    main.o(i.DrawDynamicGraph) refers to atk_md0350.o(i.atk_md0350_fill) for atk_md0350_fill
    main.o(i.DrawDynamicGraph) refers to atk_md0350.o(i.atk_md0350_draw_line) for atk_md0350_draw_line
    main.o(i.DrawDynamicGraph) refers to main.o(.data) for .data
    main.o(i.DrawDynamicGraph_float) refers to atk_md0350.o(i.atk_md0350_fill) for atk_md0350_fill
    main.o(i.DrawDynamicGraph_float) refers to atk_md0350.o(i.atk_md0350_draw_line) for atk_md0350_draw_line
    main.o(i.DrawDynamicGraph_float) refers to main.o(.data) for .data
    main.o(i.Restart_ADC_DMA) refers to stm32f4xx_hal_adc.o(i.HAL_ADC_Start_DMA) for HAL_ADC_Start_DMA
    main.o(i.Restart_ADC_DMA) refers to main.o(.data) for .data
    main.o(i.Restart_ADC_DMA) refers to adc.o(.bss) for hdma_adc1
    main.o(i.Restart_ADC_DMA) refers to fft.o(.bss) for ADC_1_Value_DMA
    main.o(i.SystemClock_Config) refers to rt_memclr_w.o(.text) for __aeabi_memclr4
    main.o(i.SystemClock_Config) refers to stm32f4xx_hal_rcc.o(i.HAL_RCC_OscConfig) for HAL_RCC_OscConfig
    main.o(i.SystemClock_Config) refers to stm32f4xx_hal_rcc.o(i.HAL_RCC_ClockConfig) for HAL_RCC_ClockConfig
    main.o(i.Task1_Start) refers to fft.o(i.capture_and_FFT) for capture_and_FFT
    main.o(i.Task1_Start) refers to rt_memcpy_w.o(.text) for __aeabi_memcpy4
    main.o(i.Task1_Start) refers to main.o(i.DrawDynamicGraph) for DrawDynamicGraph
    main.o(i.Task1_Start) refers to main.o(i.Restart_ADC_DMA) for Restart_ADC_DMA
    main.o(i.Task1_Start) refers to main.o(.data) for .data
    main.o(i.Task1_Start) refers to fft.o(.bss) for ADC_1_Value_DMA
    main.o(i.Task1_Start) refers to fft.o(.bss) for signal_info_real
    main.o(i.frequency_change) refers to main.o(.data) for .data
    main.o(i.frequency_change) refers to tim.o(.bss) for htim2
    main.o(i.key_scan) refers to stm32f4xx_hal_gpio.o(i.HAL_GPIO_ReadPin) for HAL_GPIO_ReadPin
    main.o(i.key_scan) refers to bsp_dwt.o(i.DWT_Delay) for DWT_Delay
    main.o(i.key_scan) refers to main.o(.data) for .data
    main.o(i.main) refers to _printf_percent.o(.ARM.Collect$$_printf_percent$$00000000) for _printf_percent
    main.o(i.main) refers to _printf_d.o(.ARM.Collect$$_printf_percent$$00000009) for _printf_d
    main.o(i.main) refers to _printf_dec.o(.text) for _printf_int_dec
    main.o(i.main) refers to _printf_f.o(.ARM.Collect$$_printf_percent$$00000003) for _printf_f
    main.o(i.main) refers to printf1.o(x$fpl$printf1) for _printf_fp_dec
    main.o(i.main) refers to stm32f4xx_hal.o(i.HAL_Init) for HAL_Init
[...]
    .constdata                               0x08008422   Section        8  system_stm32f4xx.o(.constdata)
    .constdata                               0x0800842a   Section    12160  atk_md0350.o(.constdata)
    .constdata                               0x0800b3ac   Section       32  rredf.o(.constdata)
    twooverpi                                0x0800b3ac   Data          32  rredf.o(.constdata)
    .constdata                               0x0800b3cc   Section      148  bigflt0.o(.constdata)
    tenpwrs_x                                0x0800b3cc   Data          60  bigflt0.o(.constdata)
    tenpwrs_i                                0x0800b408   Data          64  bigflt0.o(.constdata)
    locale$$data                             0x08013c80   Section       28  lc_numeric_c.o(locale$$data)
    __lcnum_c_name                           0x08013c84   Data           2  lc_numeric_c.o(locale$$data)
    __lcnum_c_start                          0x08013c8c   Data           0  lc_numeric_c.o(locale$$data)
    __lcnum_c_point                          0x08013c98   Data           0  lc_numeric_c.o(locale$$data)
    __lcnum_c_thousands                      0x08013c9a   Data           0  lc_numeric_c.o(locale$$data)
    __lcnum_c_grouping                       0x08013c9b   Data           0  lc_numeric_c.o(locale$$data)
    __lcnum_c_end                            0x08013c9c   Data           0  lc_numeric_c.o(locale$$data)
    .data                                    0x20000000   Section      208  main.o(.data)
    prev_x                                   0x20000006   Data           2  main.o(.data)
    prev_y                                   0x20000008   Data           2  main.o(.data)
    prev_x                                   0x2000000a   Data           2  main.o(.data)
    prev_y                                   0x2000000c   Data           2  main.o(.data)
    task_count                               0x2000001c   Data           4  main.o(.data)
    wasteT                                   0x20000020   Data           4  main.o(.data)
    time_count                               0x20000024   Data           4  main.o(.data)
    .data                                    0x200000d0   Section        8  fsmc.o(.data)
    FSMC_Initialized                         0x200000d0   Data           4  fsmc.o(.data)
    FSMC_DeInitialized                       0x200000d4   Data           4  fsmc.o(.data)
    .data                                    0x200000d8   Section       12  stm32f4xx_hal.o(.data)
    .data                                    0x200000e4   Section        4  system_stm32f4xx.o(.data)
    .data                                    0x200000e8   Section       64  bsp_dwt.o(.data)
    CPU_FREQ_Hz                              0x200000e8   Data           4  bsp_dwt.o(.data)
    CPU_FREQ_Hz_ms                           0x200000ec   Data           4  bsp_dwt.o(.data)
    CPU_FREQ_Hz_us                           0x200000f0   Data           4  bsp_dwt.o(.data)
    CYCCNT_RountCount                        0x200000f4   Data           4  bsp_dwt.o(.data)
    CYCCNT_LAST                              0x200000f8   Data           4  bsp_dwt.o(.data)
    CNT_TEMP1                                0x20000100   Data           8  bsp_dwt.o(.data)
    CNT_TEMP2                                0x20000108   Data           8  bsp_dwt.o(.data)
    CNT_TEMP3                                0x20000110   Data           8  bsp_dwt.o(.data)
    .data                                    0x20000128   Section        8  atk_md0350.o(.data)
    g_atk_md0350_sta                         0x20000128   Data           8  atk_md0350.o(.data)
    .bss                                     0x20000130   Section      168  adc.o(.bss)
    .bss                                     0x200001d8   Section      212  dac.o(.bss)
    .bss                                     0x200002ac   Section       80  fsmc.o(.bss)
    .bss                                     0x200002fc   Section       84  i2c.o(.bss)
    .bss                                     0x20000350   Section      288  tim.o(.bss)
    .bss                                     0x20000470   Section    73748  fft.o(.bss)
    .bss                                     0x20012484   Section       20  fft.o(.bss)
    .bss                                     0x20012498   Section       80  atk_md0350_fsmc.o(.bss)
    g_sram_handle                            0x20012498   Data          80  atk_md0350_fsmc.o(.bss)
    .bss                                     0x200124e8   Section       96  libspace.o(.bss)
    HEAP                                     0x20012548   Section      512  startup_stm32f407xx.o(HEAP)
    Heap_Mem                                 0x20012548   Data         512  startup_stm32f407xx.o(HEAP)
    STACK                                    0x20012748   Section     1024  startup_stm32f407xx.o(STACK)
    Stack_Mem                                0x20012748   Data        1024  startup_stm32f407xx.o(STACK)
    __initial_sp                             0x20012b48   Data           0  startup_stm32f407xx.o(STACK)

    Global Symbols

    Symbol Name                              Value     Ov Type        Size  Object(Section)

    BuildAttributes$$THM_ISAv4$E$P$D$K$B$S$7EM$VFPi3$EXTD16$VFPS$VFMA$PE$A:L22UL41UL21$X:L11$S22US41US21$IEEE1$IW$USESV6$~STKCKD$USESV7$~SHL$OTIME$ROPI$IEEEX$EBA8$UX$STANDARDLIB$REQ8$PRES8$EABIv2 0x00000000   Number         0  anon$$obj.o ABSOLUTE
    __ARM_use_no_argv                        0x00000000   Number         0  main.o ABSOLUTE
    _printf_flags                            0x00000000   Number         0  printf_stubs.o ABSOLUTE
    _printf_return_value                     0x00000000   Number         0  printf_stubs.o ABSOLUTE
    _printf_sizespec                         0x00000000   Number         0  printf_stubs.o ABSOLUTE
    _printf_widthprec                        0x00000000   Number         0  printf_stubs.o ABSOLUTE
    __ARM_exceptions_init                     - Undefined Weak Reference
    __alloca_initialize                       - Undefined Weak Reference
    __arm_fini_                               - Undefined Weak Reference
    __arm_preinit_                            - Undefined Weak Reference
    __cpp_initialize__aeabi_                  - Undefined Weak Reference
    __cxa_finalize                            - Undefined Weak Reference
    __sigvec_lookup                           - Undefined Weak Reference
    _atexit_init                              - Undefined Weak Reference
    _call_atexit_fns                          - Undefined Weak Reference
    _clock_init                               - Undefined Weak Reference
    _fp_trap_init                             - Undefined Weak Reference
    _fp_trap_shutdown                         - Undefined Weak Reference
    _get_lc_collate                           - Undefined Weak Reference
    _get_lc_ctype                             - Undefined Weak Reference
    _get_lc_monetary                          - Undefined Weak Reference
    _get_lc_time                              - Undefined Weak Reference
    _getenv_init                              - Undefined Weak Reference
    _handle_redirection                       - Undefined Weak Reference
    _init_alloc                               - Undefined Weak Reference
    _init_user_alloc                          - Undefined Weak Reference
    _initio                                   - Undefined Weak Reference
    _printf_post_padding                      - Undefined Weak Reference
    _printf_pre_padding                       - Undefined Weak Reference
    _printf_truncate_signed                   - Undefined Weak Reference
    _printf_truncate_unsigned                 - Undefined Weak Reference
    _rand_init                                - Undefined Weak Reference
    _signal_finish                            - Undefined Weak Reference
    _signal_init                              - Undefined Weak Reference
    _terminate_alloc                          - Undefined Weak Reference
    _terminate_user_alloc                     - Undefined Weak Reference
    _terminateio                              - Undefined Weak Reference
    __Vectors_Size                           0x00000188   Number         0  startup_stm32f407xx.o ABSOLUTE
    __Vectors                                0x08000000   Data           4  startup_stm32f407xx.o(RESET)
    __Vectors_End                            0x08000188   Data           0  startup_stm32f407xx.o(RESET)
    __main                                   0x08000189   Thumb Code     8  __main.o(!!!main)
    __scatterload                            0x08000191   Thumb Code     0  __scatter.o(!!!scatter)
    __scatterload_rt2                        0x08000191   Thumb Code    44  __scatter.o(!!!scatter)
    __scatterload_rt2_thumb_only             0x08000191   Thumb Code     0  __scatter.o(!!!scatter)
    __scatterload_null                       0x0800019f   Thumb Code     0  __scatter.o(!!!scatter)
    __decompress                             0x080001c5   Thumb Code    58  __dczerorl.o(!!dczerorl)
    __decompress0                            0x080001c5   Thumb Code     0  __dczerorl.o(!!dczerorl)
    __scatterload_zeroinit                   0x08000201   Thumb Code    28  __scatter_zi.o(!!handler_zi)
    _printf_f                                0x0800021d   Thumb Code     0  _printf_f.o(.ARM.Collect$$_printf_percent$$00000003)
    _printf_percent                          0x0800021d   Thumb Code     0  _printf_percent.o(.ARM.Collect$$_printf_percent$$00000000)
    _printf_d                                0x08000223   Thumb Code     0  _printf_d.o(.ARM.Collect$$_printf_percent$$00000009)
    _printf_percent_end                      0x08000229   Thumb Code     0  _printf_percent_end.o(.ARM.Collect$$_printf_percent$$00000017)
    __rt_lib_init                            0x0800022d   Thumb Code     0  libinit.o(.ARM.Collect$$libinit$$00000000)
    __rt_lib_init_fp_1                       0x0800022f   Thumb Code     0  libinit2.o(.ARM.Collect$$libinit$$00000001)
    __rt_lib_init_heap_1                     0x08000233   Thumb Code     0  libinit2.o(.ARM.Collect$$libinit$$0000000A)
    __rt_lib_init_lc_common                  0x08000233   Thumb Code     0  libinit2.o(.ARM.Collect$$libinit$$0000000F)
    __rt_lib_init_preinit_1                  0x08000233   Thumb Code     0  libinit2.o(.ARM.Collect$$libinit$$00000004)
    __rt_lib_init_rand_1                     0x08000233   Thumb Code     0  libinit2.o(.ARM.Collect$$libinit$$0000000E)
    __rt_lib_init_user_alloc_1               0x08000233   Thumb Code     0  libinit2.o(.ARM.Collect$$libinit$$0000000C)
    __rt_lib_init_lc_collate_1               0x08000239   Thumb Code     0  libinit2.o(.ARM.Collect$$libinit$$00000011)
    __rt_lib_init_lc_ctype_1                 0x08000239   Thumb Code     0  libinit2.o(.ARM.Collect$$libinit$$00000013)
    __rt_lib_init_lc_monetary_1              0x08000239   Thumb Code     0  libinit2.o(.ARM.Collect$$libinit$$00000015)
    __rt_lib_init_lc_numeric_2               0x08000239   Thumb Code     0  libinit2.o(.ARM.Collect$$libinit$$00000016)
    __rt_lib_init_alloca_1                   0x08000243   Thumb Code     0  libinit2.o(.ARM.Collect$$libinit$$0000002E)
    __rt_lib_init_argv_1                     0x08000243   Thumb Code     0  libinit2.o(.ARM.Collect$$libinit$$0000002C)
    __rt_lib_init_atexit_1                   0x08000243   Thumb Code     0  libinit2.o(.ARM.Collect$$libinit$$0000001B)
    __rt_lib_init_clock_1                    0x08000243   Thumb Code     0  libinit2.o(.ARM.Collect$$libinit$$00000021)
    __rt_lib_init_cpp_1                      0x08000243   Thumb Code     0  libinit2.o(.ARM.Collect$$libinit$$00000032)
    __rt_lib_init_exceptions_1               0x08000243   Thumb Code     0  libinit2.o(.ARM.Collect$$libinit$$00000030)
    __rt_lib_init_fp_trap_1                  0x08000243   Thumb Code     0  libinit2.o(.ARM.Collect$$libinit$$0000001F)
    __rt_lib_init_getenv_1                   0x08000243   Thumb Code     0  libinit2.o(.ARM.Collect$$libinit$$00000023)
    __rt_lib_init_lc_numeric_1               0x08000243   Thumb Code     0  libinit2.o(.ARM.Collect$$libinit$$00000017)
    __rt_lib_init_lc_time_1                  0x08000243   Thumb Code     0  libinit2.o(.ARM.Collect$$libinit$$00000019)
    __rt_lib_init_return                     0x08000243   Thumb Code     0  libinit2.o(.ARM.Collect$$libinit$$00000033)
    __rt_lib_init_signal_1                   0x08000243   Thumb Code     0  libinit2.o(.ARM.Collect$$libinit$$0000001D)
    __rt_lib_init_stdio_1                    0x08000243   Thumb Code     0  libinit2.o(.ARM.Collect$$libinit$$00000025)
    __rt_lib_shutdown                        0x08000245   Thumb Code     0  libshutdown.o(.ARM.Collect$$libshutdown$$00000000)
    __rt_lib_shutdown_cpp_1                  0x08000247   Thumb Code     0  libshutdown2.o(.ARM.Collect$$libshutdown$$00000004)
    __rt_lib_shutdown_fini_1                 0x08000247   Thumb Code     0  libshutdown2.o(.ARM.Collect$$libshutdown$$00000002)
    __rt_lib_shutdown_fp_trap_1              0x08000247   Thumb Code     0  libshutdown2.o(.ARM.Collect$$libshutdown$$00000009)
    __rt_lib_shutdown_heap_1                 0x08000247   Thumb Code     0  libshutdown2.o(.ARM.Collect$$libshutdown$$00000011)
    __rt_lib_shutdown_return                 0x08000247   Thumb Code     0  libshutdown2.o(.ARM.Collect$$libshutdown$$00000012)
    __rt_lib_shutdown_signal_1               0x08000247   Thumb Code     0  libshutdown2.o(.ARM.Collect$$libshutdown$$0000000C)
    __rt_lib_shutdown_stdio_1                0x08000247   Thumb Code     0  libshutdown2.o(.ARM.Collect$$libshutdown$$00000006)
    __rt_lib_shutdown_user_alloc_1           0x08000247   Thumb Code     0  libshutdown2.o(.ARM.Collect$$libshutdown$$0000000E)
    __rt_entry                               0x08000249   Thumb Code     0  __rtentry.o(.ARM.Collect$$rtentry$$00000000)
    __rt_entry_presh_1                       0x08000249   Thumb Code     0  __rtentry2.o(.ARM.Collect$$rtentry$$00000002)
    __rt_entry_sh                            0x08000249   Thumb Code     0  __rtentry4.o(.ARM.Collect$$rtentry$$00000004)
    __rt_entry_li                            0x0800024f   Thumb Code     0  __rtentry2.o(.ARM.Collect$$rtentry$$0000000A)
    __rt_entry_postsh_1                      0x0800024f   Thumb Code     0  __rtentry2.o(.ARM.Collect$$rtentry$$00000009)
    __rt_entry_main                          0x08000253   Thumb Code     0  __rtentry2.o(.ARM.Collect$$rtentry$$0000000D)
    __rt_entry_postli_1                      0x08000253   Thumb Code     0  __rtentry2.o(.ARM.Collect$$rtentry$$0000000C)
    __rt_exit                                0x0800025b   Thumb Code     0  rtexit.o(.ARM.Collect$$rtexit$$00000000)
    __rt_exit_ls                             0x0800025d   Thumb Code     0  rtexit2.o(.ARM.Collect$$rtexit$$00000003)
    __rt_exit_prels_1                        0x0800025d   Thumb Code     0  rtexit2.o(.ARM.Collect$$rtexit$$00000002)
    __rt_exit_exit                           0x08000261   Thumb Code     0  rtexit2.o(.ARM.Collect$$rtexit$$00000004)
    Reset_Handler                            0x08000269   Thumb Code     8  startup_stm32f407xx.o(.text)
    ADC_IRQHandler                           0x08000283   Thumb Code     0  startup_stm32f407xx.o(.text)
    CAN1_RX0_IRQHandler                      0x08000283   Thumb Code     0  startup_stm32f407xx.o(.text)
    CAN1_RX1_IRQHandler                      0x08000283   Thumb Code     0  startup_stm32f407xx.o(.text)
    CAN1_SCE_IRQHandler                      0x08000283   Thumb Code     0  startup_stm32f407xx.o(.text)
    CAN1_TX_IRQHandler                       0x08000283   Thumb Code     0  startup_stm32f407xx.o(.text)
    CAN2_RX0_IRQHandler                      0x08000283   Thumb Code     0  startup_stm32f407xx.o(.text)
    CAN2_RX1_IRQHandler                      0x08000283   Thumb Code     0  startup_stm32f407xx.o(.text)
    CAN2_SCE_IRQHandler                      0x08000283   Thumb Code     0  startup_stm32f407xx.o(.text)
    CAN2_TX_IRQHandler                       0x08000283   Thumb Code     0  startup_stm32f407xx.o(.text)
    DCMI_IRQHandler                          0x08000283   Thumb Code     0  startup_stm32f407xx.o(.text)
    DMA1_Stream0_IRQHandler                  0x08000283   Thumb Code     0  startup_stm32f407xx.o(.text)
    DMA1_Stream1_IRQHandler                  0x08000283   Thumb Code     0  startup_stm32f407xx.o(.text)
    DMA1_Stream2_IRQHandler                  0x08000283   Thumb Code     0  startup_stm32f407xx.o(.text)
    DMA1_Stream3_IRQHandler                  0x08000283   Thumb Code     0  startup_stm32f407xx.o(.text)
    DMA1_Stream4_IRQHandler                  0x08000283   Thumb Code     0  startup_stm32f407xx.o(.text)
    DMA1_Stream7_IRQHandler                  0x08000283   Thumb Code     0  startup_stm32f407xx.o(.text)
    DMA2_Stream1_IRQHandler                  0x08000283   Thumb Code     0  startup_stm32f407xx.o(.text)
    DMA2_Stream2_IRQHandler                  0x08000283   Thumb Code     0  startup_stm32f407xx.o(.text)
    DMA2_Stream3_IRQHandler                  0x08000283   Thumb Code     0  startup_stm32f407xx.o(.text)
    DMA2_Stream4_IRQHandler                  0x08000283   Thumb Code     0  startup_stm32f407xx.o(.text)
    DMA2_Stream5_IRQHandler                  0x08000283   Thumb Code     0  startup_stm32f407xx.o(.text)
    DMA2_Stream6_IRQHandler                  0x08000283   Thumb Code     0  startup_stm32f407xx.o(.text)
    DMA2_Stream7_IRQHandler                  0x08000283   Thumb Code     0  startup_stm32f407xx.o(.text)
    ETH_IRQHandler                           0x08000283   Thumb Code     0  startup_stm32f407xx.o(.text)
    ETH_WKUP_IRQHandler                      0x08000283   Thumb Code     0  startup_stm32f407xx.o(.text)
    EXTI0_IRQHandler                         0x08000283   Thumb Code     0  startup_stm32f407xx.o(.text)
    EXTI15_10_IRQHandler                     0x08000283   Thumb Code     0  startup_stm32f407xx.o(.text)
    EXTI1_IRQHandler                         0x08000283   Thumb Code     0  startup_stm32f407xx.o(.text)
    EXTI2_IRQHandler                         0x08000283   Thumb Code     0  startup_stm32f407xx.o(.text)
    EXTI3_IRQHandler                         0x08000283   Thumb Code     0  startup_stm32f407xx.o(.text)
    EXTI4_IRQHandler                         0x08000283   Thumb Code     0  startup_stm32f407xx.o(.text)
    EXTI9_5_IRQHandler                       0x08000283   Thumb Code     0  startup_stm32f407xx.o(.text)
    FLASH_IRQHandler                         0x08000283   Thumb Code     0  startup_stm32f407xx.o(.text)
    FMC_IRQHandler                           0x08000283   Thumb Code     0  startup_stm32f407xx.o(.text)
    FPU_IRQHandler                           0x08000283   Thumb Code     0  startup_stm32f407xx.o(.text)
    HASH_RNG_IRQHandler                      0x08000283   Thumb Code     0  startup_stm32f407xx.o(.text)
    I2C1_ER_IRQHandler                       0x08000283   Thumb Code     0  startup_stm32f407xx.o(.text)
    I2C1_EV_IRQHandler                       0x08000283   Thumb Code     0  startup_stm32f407xx.o(.text)
    I2C2_ER_IRQHandler                       0x08000283   Thumb Code     0  startup_stm32f407xx.o(.text)
    I2C2_EV_IRQHandler                       0x08000283   Thumb Code     0  startup_stm32f407xx.o(.text)
    I2C3_ER_IRQHandler                       0x08000283   Thumb Code     0  startup_stm32f407xx.o(.text)
    I2C3_EV_IRQHandler                       0x08000283   Thumb Code     0  startup_stm32f407xx.o(.text)
    OTG_FS_IRQHandler                        0x08000283   Thumb Code     0  startup_stm32f407xx.o(.text)
    OTG_FS_WKUP_IRQHandler                   0x08000283   Thumb Code     0  startup_stm32f407xx.o(.text)
    OTG_HS_EP1_IN_IRQHandler                 0x08000283   Thumb Code     0  startup_stm32f407xx.o(.text)
    OTG_HS_EP1_OUT_IRQHandler                0x08000283   Thumb Code     0  startup_stm32f407xx.o(.text)
    OTG_HS_IRQHandler                        0x08000283   Thumb Code     0  startup_stm32f407xx.o(.text)
    OTG_HS_WKUP_IRQHandler                   0x08000283   Thumb Code     0  startup_stm32f407xx.o(.text)
    PVD_IRQHandler                           0x08000283   Thumb Code     0  startup_stm32f407xx.o(.text)
    RCC_IRQHandler                           0x08000283   Thumb Code     0  startup_stm32f407xx.o(.text)
    RTC_Alarm_IRQHandler                     0x08000283   Thumb Code     0  startup_stm32f407xx.o(.text)
    RTC_WKUP_IRQHandler                      0x08000283   Thumb Code     0  startup_stm32f407xx.o(.text)
    SDIO_IRQHandler                          0x08000283   Thumb Code     0  startup_stm32f407xx.o(.text)
    SPI1_IRQHandler                          0x08000283   Thumb Code     0  startup_stm32f407xx.o(.text)
    SPI2_IRQHandler                          0x08000283   Thumb Code     0  startup_stm32f407xx.o(.text)
    SPI3_IRQHandler                          0x08000283   Thumb Code     0  startup_stm32f407xx.o(.text)
    TAMP_STAMP_IRQHandler                    0x08000283   Thumb Code     0  startup_stm32f407xx.o(.text)
    TIM1_BRK_TIM9_IRQHandler                 0x08000283   Thumb Code     0  startup_stm32f407xx.o(.text)
    TIM1_CC_IRQHandler                       0x08000283   Thumb Code     0  startup_stm32f407xx.o(.text)
    TIM1_TRG_COM_TIM11_IRQHandler            0x08000283   Thumb Code     0  startup_stm32f407xx.o(.text)
    TIM1_UP_TIM10_IRQHandler                 0x08000283   Thumb Code     0  startup_stm32f407xx.o(.text)
    TIM2_IRQHandler                          0x08000283   Thumb Code     0  startup_stm32f407xx.o(.text)
    TIM3_IRQHandler                          0x08000283   Thumb Code     0  startup_stm32f407xx.o(.text)
    TIM4_IRQHandler                          0x08000283   Thumb Code     0  startup_stm32f407xx.o(.text)
    TIM5_IRQHandler                          0x08000283   Thumb Code     0  startup_stm32f407xx.o(.text)
    TIM7_IRQHandler                          0x08000283   Thumb Code     0  startup_stm32f407xx.o(.text)
    TIM8_BRK_TIM12_IRQHandler                0x08000283   Thumb Code     0  startup_stm32f407xx.o(.text)
    TIM8_CC_IRQHandler                       0x08000283   Thumb Code     0  startup_stm32f407xx.o(.text)
    TIM8_TRG_COM_TIM14_IRQHandler            0x08000283   Thumb Code     0  startup_stm32f407xx.o(.text)
    TIM8_UP_TIM13_IRQHandler                 0x08000283   Thumb Code     0  startup_stm32f407xx.o(.text)
    UART4_IRQHandler                         0x08000283   Thumb Code     0  startup_stm32f407xx.o(.text)
    UART5_IRQHandler                         0x08000283   Thumb Code     0  startup_stm32f407xx.o(.text)
    USART1_IRQHandler                        0x08000283   Thumb Code     0  startup_stm32f407xx.o(.text)
    USART2_IRQHandler                        0x08000283   Thumb Code     0  startup_stm32f407xx.o(.text)
    USART3_IRQHandler                        0x08000283   Thumb Code     0  startup_stm32f407xx.o(.text)
    USART6_IRQHandler                        0x08000283   Thumb Code     0  startup_stm32f407xx.o(.text)
    WWDG_IRQHandler                          0x08000283   Thumb Code     0  startup_stm32f407xx.o(.text)
    __user_initial_stackheap                 0x08000285   Thumb Code     0  startup_stm32f407xx.o(.text)
    __aeabi_uldivmod                         0x080002a9   Thumb Code     0  lludivv7m.o(.text)
    _ll_udiv                                 0x080002a9   Thumb Code   238  lludivv7m.o(.text)
    __2snprintf                              0x08000399   Thumb Code    48  noretval__2snprintf.o(.text)
    _printf_int_dec                          0x080003cd   Thumb Code   104  _printf_dec.o(.text)
    __printf                                 0x08000445   Thumb Code   270  __printf_wp.o(.text)
    __aeabi_memcpy4                          0x08000553   Thumb Code     0  rt_memcpy_w.o(.text)
    __aeabi_memcpy8                          0x08000553   Thumb Code     0  rt_memcpy_w.o(.text)
    __rt_memcpy_w                            0x08000553   Thumb Code   100  rt_memcpy_w.o(.text)
    _memcpy_lastbytes_aligned                0x0800059b   Thumb Code     0  rt_memcpy_w.o(.text)
    __aeabi_memclr4                          0x080005b7   Thumb Code     0  rt_memclr_w.o(.text)
    __aeabi_memclr8                          0x080005b7   Thumb Code     0  rt_memclr_w.o(.text)
    __rt_memclr_w                            0x080005b7   Thumb Code    78  rt_memclr_w.o(.text)
    _memset_w                                0x080005bb   Thumb Code     0  rt_memclr_w.o(.text)
    __use_two_region_memory                  0x08000605   Thumb Code     2  heapauxi.o(.text)
    __rt_heap_escrow$2region                 0x08000607   Thumb Code     2  heapauxi.o(.text)
    __rt_heap_expand$2region                 0x08000609   Thumb Code     2  heapauxi.o(.text)
    __read_errno                             0x0800060b   Thumb Code    10  _rserrno.o(.text)
    __set_errno                              0x08000615   Thumb Code    12  _rserrno.o(.text)
    _printf_int_common                       0x08000621   Thumb Code   178  _printf_intcommon.o(.text)
    __lib_sel_fp_printf                      0x080006d3   Thumb Code     2  _printf_fp_dec.o(.text)
    _printf_fp_dec_real                      0x08000885   Thumb Code   620  _printf_fp_dec.o(.text)
    _printf_char_common                      0x08000afb   Thumb Code    32  _printf_char_common.o(.text)
    _sputc                                   0x08000b21   Thumb Code    10  _sputc.o(.text)
    _snputc                                  0x08000b2b   Thumb Code    16  _snputc.o(.text)
    __rt_locale                              0x08000b3d   Thumb Code     8  rt_locale_intlibspace.o(.text)
    __aeabi_errno_addr                       0x08000b45   Thumb Code     8  rt_errno_addr_intlibspace.o(.text)
    __errno$intlibspace                      0x08000b45   Thumb Code     0  rt_errno_addr_intlibspace.o(.text)
    __rt_errno_addr$intlibspace              0x08000b45   Thumb Code     0  rt_errno_addr_intlibspace.o(.text)
    _ll_udiv10                               0x08000b4d   Thumb Code   138  lludiv10.o(.text)
    _printf_fp_infnan                        0x08000bd9   Thumb Code   112  _printf_fp_infnan.o(.text)
    _btod_etento                             0x08000c59   Thumb Code   224  bigflt0.o(.text)
    __user_libspace                          0x08000d3d   Thumb Code     8  libspace.o(.text)
    __user_perproc_libspace                  0x08000d3d   Thumb Code     0  libspace.o(.text)
    __user_perthread_libspace                0x08000d3d   Thumb Code     0  libspace.o(.text)
    __user_setup_stackheap                   0x08000d45   Thumb Code    74  sys_stackheap_outer.o(.text)
    exit                                     0x08000d8f   Thumb Code    18  exit.o(.text)
    strcmp                                   0x08000da1   Thumb Code   128  strcmpv7m.o(.text)
    _sys_exit                                0x08000e21   Thumb Code     8  sys_exit.o(.text)
    __I$use$semihosting                      0x08000e2d   Thumb Code     0  use_no_semi.o(.text)
    __use_no_semihosting_swi                 0x08000e2d   Thumb Code     2  use_no_semi.o(.text)
    __semihosting_library_function           0x08000e2f   Thumb Code     0  indicate_semi.o(.text)
    arm_bitreversal_f32                      0x08000e31   Thumb Code   190  arm_bitreversal.o(.text.arm_bitreversal_f32)
    arm_cfft_radix4_f32                      0x08000eef   Thumb Code    64  arm_cfft_radix4_f32.o(.text.arm_cfft_radix4_f32)
    arm_cfft_radix4_init_f32                 0x08000f31   Thumb Code   148  arm_cfft_radix4_init_f32.o(.text.arm_cfft_radix4_init_f32)
    arm_cmplx_mag_f32                        0x08000fc5   Thumb Code   340  arm_cmplx_mag_f32.o(.text.arm_cmplx_mag_f32)
    arm_radix4_butterfly_f32                 0x08001119   Thumb Code   858  arm_cfft_radix4_f32.o(.text.arm_radix4_butterfly_f32)
    arm_radix4_butterfly_inverse_f32         0x08001475   Thumb Code   890  arm_cfft_radix4_f32.o(.text.arm_radix4_butterfly_inverse_f32)
    _btod_d2e                                0x080017ef   Thumb Code    62  btod.o(CL$$btod_d2e)
    _d2e_denorm_low                          0x0800182d   Thumb Code    70  btod.o(CL$$btod_d2e_denorm_low)
    _d2e_norm_op1                            0x08001873   Thumb Code    96  btod.o(CL$$btod_d2e_norm_op1)
    __btod_div_common                        0x080018d3   Thumb Code   696  btod.o(CL$$btod_div_common)
    _e2e                                     0x08001c0b   Thumb Code   220  btod.o(CL$$btod_e2e)
    _btod_ediv                               0x08001ce7   Thumb Code    42  btod.o(CL$$btod_ediv)
    _btod_emul                               0x08001d11   Thumb Code    42  btod.o(CL$$btod_emul)
    __btod_mult_common                       0x08001d3b   Thumb Code   580  btod.o(CL$$btod_mult_common)
    BusFault_Handler                         0x08002135   Thumb Code     2  stm32f4xx_it.o(i.BusFault_Handler)
    DAC_DMAConvCpltCh1                       0x08002137   Thumb Code    16  stm32f4xx_hal_dac.o(i.DAC_DMAConvCpltCh1)
    DAC_DMAConvCpltCh2                       0x08002147   Thumb Code    16  stm32f4xx_hal_dac_ex.o(i.DAC_DMAConvCpltCh2)
    DAC_DMAErrorCh1                          0x08002157   Thumb Code    24  stm32f4xx_hal_dac.o(i.DAC_DMAErrorCh1)
    DAC_DMAErrorCh2                          0x0800216f   Thumb Code    24  stm32f4xx_hal_dac_ex.o(i.DAC_DMAErrorCh2)
    DAC_DMAHalfConvCpltCh1                   0x08002187   Thumb Code    10  stm32f4xx_hal_dac.o(i.DAC_DMAHalfConvCpltCh1)
    DAC_DMAHalfConvCpltCh2                   0x08002191   Thumb Code    10  stm32f4xx_hal_dac_ex.o(i.DAC_DMAHalfConvCpltCh2)
    DMA1_Stream5_IRQHandler                  0x0800219d   Thumb Code     6  stm32f4xx_it.o(i.DMA1_Stream5_IRQHandler)
    DMA1_Stream6_IRQHandler                  0x080021a9   Thumb Code     6  stm32f4xx_it.o(i.DMA1_Stream6_IRQHandler)
    DMA2_Stream0_IRQHandler                  0x080021b5   Thumb Code     6  stm32f4xx_it.o(i.DMA2_Stream0_IRQHandler)
    DWT_Delay                                0x0800228d   Thumb Code    42  bsp_dwt.o(i.DWT_Delay)
    DWT_GetDeltaT                            0x080022c1   Thumb Code    60  bsp_dwt.o(i.DWT_GetDeltaT)
    DWT_Init                                 0x08002305   Thumb Code    54  bsp_dwt.o(i.DWT_Init)
    DebugMon_Handler                         0x0800234d   Thumb Code     2  stm32f4xx_it.o(i.DebugMon_Handler)
    DrawDynamicGraph                         0x08002351   Thumb Code   120  main.o(i.DrawDynamicGraph)
    DrawDynamicGraph_float                   0x080023cd   Thumb Code   200  main.o(i.DrawDynamicGraph_float)
    Error_Handler                            0x0800249d   Thumb Code     4  main.o(i.Error_Handler)
    FFT_INIT                                 0x080024a1   Thumb Code    46  fft.o(i.FFT_INIT)
    FSMC_NORSRAM_Extended_Timing_Init        0x080024e1   Thumb Code    56  stm32f4xx_ll_fsmc.o(i.FSMC_NORSRAM_Extended_Timing_Init)
    FSMC_NORSRAM_Init                        0x0800251d   Thumb Code    98  stm32f4xx_ll_fsmc.o(i.FSMC_NORSRAM_Init)
    FSMC_NORSRAM_Timing_Init                 0x08002585   Thumb Code    64  stm32f4xx_ll_fsmc.o(i.FSMC_NORSRAM_Timing_Init)
    HAL_ADC_ConfigChannel                    0x080025c9   Thumb Code   316  stm32f4xx_hal_adc.o(i.HAL_ADC_ConfigChannel)
    HAL_ADC_ConvCpltCallback                 0x08002715   Thumb Code     2  stm32f4xx_hal_adc.o(i.HAL_ADC_ConvCpltCallback)
    HAL_ADC_ConvHalfCpltCallback             0x08002717   Thumb Code     2  stm32f4xx_hal_adc.o(i.HAL_ADC_ConvHalfCpltCallback)
    HAL_ADC_ErrorCallback                    0x08002719   Thumb Code     2  stm32f4xx_hal_adc.o(i.HAL_ADC_ErrorCallback)
    HAL_ADC_Init                             0x0800271b   Thumb Code    84  stm32f4xx_hal_adc.o(i.HAL_ADC_Init)
    HAL_ADC_MspInit                          0x08002771   Thumb Code   132  adc.o(i.HAL_ADC_MspInit)
    HAL_ADC_Start_DMA                        0x08002809   Thumb Code   302  stm32f4xx_hal_adc.o(i.HAL_ADC_Start_DMA)
    HAL_DACEx_ConvCpltCallbackCh2            0x0800295d   Thumb Code     2  stm32f4xx_hal_dac_ex.o(i.HAL_DACEx_ConvCpltCallbackCh2)
    HAL_DACEx_ConvHalfCpltCallbackCh2        0x0800295f   Thumb Code     2  stm32f4xx_hal_dac_ex.o(i.HAL_DACEx_ConvHalfCpltCallbackCh2)
    HAL_DACEx_DMAUnderrunCallbackCh2         0x08002961   Thumb Code     2  stm32f4xx_hal_dac_ex.o(i.HAL_DACEx_DMAUnderrunCallbackCh2)
    HAL_DACEx_ErrorCallbackCh2               0x08002963   Thumb Code     2  stm32f4xx_hal_dac_ex.o(i.HAL_DACEx_ErrorCallbackCh2)
    HAL_DAC_ConfigChannel                    0x08002965   Thumb Code    78  stm32f4xx_hal_dac.o(i.HAL_DAC_ConfigChannel)
    HAL_DAC_ConvCpltCallbackCh1              0x080029b3   Thumb Code     2  stm32f4xx_hal_dac.o(i.HAL_DAC_ConvCpltCallbackCh1)
    HAL_DAC_ConvHalfCpltCallbackCh1          0x080029b5   Thumb Code     2  stm32f4xx_hal_dac.o(i.HAL_DAC_ConvHalfCpltCallbackCh1)
    HAL_DAC_DMAUnderrunCallbackCh1           0x080029b7   Thumb Code     2  stm32f4xx_hal_dac.o(i.HAL_DAC_DMAUnderrunCallbackCh1)
    HAL_DAC_ErrorCallbackCh1                 0x080029b9   Thumb Code     2  stm32f4xx_hal_dac.o(i.HAL_DAC_ErrorCallbackCh1)
    HAL_DAC_IRQHandler                       0x080029bb   Thumb Code   104  stm32f4xx_hal_dac.o(i.HAL_DAC_IRQHandler)
    HAL_DAC_Init                             0x08002a23   Thumb Code    40  stm32f4xx_hal_dac.o(i.HAL_DAC_Init)
    HAL_DAC_MspInit                          0x08002a4d   Thumb Code   220  dac.o(i.HAL_DAC_MspInit)
    HAL_DAC_Start_DMA                        0x08002b3d   Thumb Code   200  stm32f4xx_hal_dac.o(i.HAL_DAC_Start_DMA)
    HAL_DMA_IRQHandler                       0x08002c1d   Thumb Code   412  stm32f4xx_hal_dma.o(i.HAL_DMA_IRQHandler)
    HAL_DMA_Init                             0x08002dbd   Thumb Code   206  stm32f4xx_hal_dma.o(i.HAL_DMA_Init)
    HAL_DMA_Start_IT                         0x08002e91   Thumb Code   110  stm32f4xx_hal_dma.o(i.HAL_DMA_Start_IT)
    HAL_Delay                                0x08002f01   Thumb Code    32  stm32f4xx_hal.o(i.HAL_Delay)
    HAL_GPIO_Init                            0x08002fcd   Thumb Code   450  stm32f4xx_hal_gpio.o(i.HAL_GPIO_Init)
    HAL_GPIO_ReadPin                         0x080031bd   Thumb Code    10  stm32f4xx_hal_gpio.o(i.HAL_GPIO_ReadPin)
    HAL_GPIO_WritePin                        0x080031c7   Thumb Code    10  stm32f4xx_hal_gpio.o(i.HAL_GPIO_WritePin)
    HAL_GetTick                              0x080031d1   Thumb Code     6  stm32f4xx_hal.o(i.HAL_GetTick)
    HAL_I2C_Init                             0x080031dd   Thumb Code   376  stm32f4xx_hal_i2c.o(i.HAL_I2C_Init)
    HAL_I2C_MspInit                          0x08003365   Thumb Code    90  i2c.o(i.HAL_I2C_MspInit)
    HAL_IncTick                              0x080033cd   Thumb Code    12  stm32f4xx_hal.o(i.HAL_IncTick)
    HAL_Init                                 0x080033dd   Thumb Code    48  stm32f4xx_hal.o(i.HAL_Init)
    HAL_InitTick                             0x08003411   Thumb Code    54  stm32f4xx_hal.o(i.HAL_InitTick)
    HAL_MspInit                              0x08003451   Thumb Code    42  stm32f4xx_hal_msp.o(i.HAL_MspInit)
    HAL_NVIC_EnableIRQ                       0x08003481   Thumb Code    26  stm32f4xx_hal_cortex.o(i.HAL_NVIC_EnableIRQ)
    HAL_NVIC_SetPriority                     0x0800349d   Thumb Code    60  stm32f4xx_hal_cortex.o(i.HAL_NVIC_SetPriority)
    HAL_NVIC_SetPriorityGrouping             0x080034dd   Thumb Code    26  stm32f4xx_hal_cortex.o(i.HAL_NVIC_SetPriorityGrouping)
    HAL_RCC_ClockConfig                      0x08003501   Thumb Code   288  stm32f4xx_hal_rcc.o(i.HAL_RCC_ClockConfig)
    HAL_RCC_GetPCLK1Freq                     0x08003635   Thumb Code    20  stm32f4xx_hal_rcc.o(i.HAL_RCC_GetPCLK1Freq)
    HAL_RCC_GetSysClockFreq                  0x08003655   Thumb Code    88  stm32f4xx_hal_rcc.o(i.HAL_RCC_GetSysClockFreq)
    HAL_RCC_OscConfig                        0x080036b5   Thumb Code   856  stm32f4xx_hal_rcc.o(i.HAL_RCC_OscConfig)
    HAL_SRAM_Init                            0x08003a21   Thumb Code    92  stm32f4xx_hal_sram.o(i.HAL_SRAM_Init)
    HAL_SRAM_MspInit                         0x08003a7d   Thumb Code     4  fsmc.o(i.HAL_SRAM_MspInit)
    HAL_SYSTICK_Config                       0x08003a81   Thumb Code    40  stm32f4xx_hal_cortex.o(i.HAL_SYSTICK_Config)
    HAL_TIMEx_ConfigBreakDeadTime            0x08003aa9   Thumb Code    84  stm32f4xx_hal_tim_ex.o(i.HAL_TIMEx_ConfigBreakDeadTime)
    HAL_TIMEx_MasterConfigSynchronization    0x08003afd   Thumb Code   116  stm32f4xx_hal_tim_ex.o(i.HAL_TIMEx_MasterConfigSynchronization)
    HAL_TIM_Base_Init                        0x08003b8d   Thumb Code    90  stm32f4xx_hal_tim.o(i.HAL_TIM_Base_Init)
    HAL_TIM_Base_MspInit                     0x08003be9   Thumb Code    92  tim.o(i.HAL_TIM_Base_MspInit)
    HAL_TIM_Base_Start                       0x08003c55   Thumb Code    90  stm32f4xx_hal_tim.o(i.HAL_TIM_Base_Start)
    HAL_TIM_ConfigClockSource                0x08003ccd   Thumb Code   220  stm32f4xx_hal_tim.o(i.HAL_TIM_ConfigClockSource)
    HAL_TIM_MspPostInit                      0x08003da9   Thumb Code    72  tim.o(i.HAL_TIM_MspPostInit)
    HAL_TIM_PWM_ConfigChannel                0x08003dfd   Thumb Code   204  stm32f4xx_hal_tim.o(i.HAL_TIM_PWM_ConfigChannel)
    HAL_TIM_PWM_Init                         0x08003ec9   Thumb Code    90  stm32f4xx_hal_tim.o(i.HAL_TIM_PWM_Init)
    HAL_TIM_PWM_MspInit                      0x08003f23   Thumb Code     2  stm32f4xx_hal_tim.o(i.HAL_TIM_PWM_MspInit)
    HAL_TIM_PWM_Start                        0x08003f25   Thumb Code   172  stm32f4xx_hal_tim.o(i.HAL_TIM_PWM_Start)
    HardFault_Handler                        0x08003fed   Thumb Code     2  stm32f4xx_it.o(i.HardFault_Handler)
    MX_ADC1_Init                             0x08003ff1   Thumb Code    88  adc.o(i.MX_ADC1_Init)
    MX_DAC_Init                              0x08004051   Thumb Code    68  dac.o(i.MX_DAC_Init)
    MX_DMA_Init                              0x0800409d   Thumb Code    88  dma.o(i.MX_DMA_Init)
    MX_FSMC_Init                             0x080040f9   Thumb Code   102  fsmc.o(i.MX_FSMC_Init)
    MX_GPIO_Init                             0x08004169   Thumb Code   192  gpio.o(i.MX_GPIO_Init)
    MX_I2C2_Init                             0x0800423d   Thumb Code    50  i2c.o(i.MX_I2C2_Init)
    MX_TIM1_Init                             0x0800427d   Thumb Code   194  tim.o(i.MX_TIM1_Init)
    MX_TIM2_Init                             0x08004349   Thumb Code    96  tim.o(i.MX_TIM2_Init)
    MX_TIM3_Init                             0x080043ad   Thumb Code    96  tim.o(i.MX_TIM3_Init)
    MX_TIM8_Init                             0x08004415   Thumb Code    96  tim.o(i.MX_TIM8_Init)
    MemManage_Handler                        0x0800447d   Thumb Code     2  stm32f4xx_it.o(i.MemManage_Handler)
    NMI_Handler                              0x0800447f   Thumb Code     2  stm32f4xx_it.o(i.NMI_Handler)
    PendSV_Handler                           0x08004481   Thumb Code     2  stm32f4xx_it.o(i.PendSV_Handler)
    SVC_Handler                              0x08004483   Thumb Code     2  stm32f4xx_it.o(i.SVC_Handler)
    SysTick_Handler                          0x08004485   Thumb Code     4  stm32f4xx_it.o(i.SysTick_Handler)
    SystemClock_Config                       0x08004489   Thumb Code   138  main.o(i.SystemClock_Config)
    SystemInit                               0x0800451d   Thumb Code    12  system_stm32f4xx.o(i.SystemInit)
    TIM6_DAC_IRQHandler                      0x0800452d   Thumb Code     6  stm32f4xx_it.o(i.TIM6_DAC_IRQHandler)
    TIM_Base_SetConfig                       0x08004539   Thumb Code   170  stm32f4xx_hal_tim.o(i.TIM_Base_SetConfig)
    TIM_CCxChannelCmd                        0x08004611   Thumb Code    26  stm32f4xx_hal_tim.o(i.TIM_CCxChannelCmd)
    TIM_ETR_SetConfig                        0x0800462b   Thumb Code    20  stm32f4xx_hal_tim.o(i.TIM_ETR_SetConfig)
    TIM_OC2_SetConfig                        0x080046b1   Thumb Code    98  stm32f4xx_hal_tim.o(i.TIM_OC2_SetConfig)
    UsageFault_Handler                       0x0800481b   Thumb Code     2  stm32f4xx_it.o(i.UsageFault_Handler)
    __ARM_fpclassify                         0x0800481d   Thumb Code    48  fpclassify.o(i.__ARM_fpclassify)
    __ARM_fpclassifyf                        0x0800484d   Thumb Code    38  fpclassifyf.o(i.__ARM_fpclassifyf)
    __hardfp_sinf                            0x08004895   Thumb Code   344  sinf.o(i.__hardfp_sinf)
    __hardfp_sqrtf                           0x08004a25   Thumb Code    58  sqrtf.o(i.__hardfp_sqrtf)
    __mathlib_flt_infnan                     0x08004a5f   Thumb Code     6  funder.o(i.__mathlib_flt_infnan)
    __mathlib_flt_invalid                    0x08004a65   Thumb Code    10  funder.o(i.__mathlib_flt_invalid)
    __mathlib_flt_underflow                  0x08004a75   Thumb Code    10  funder.o(i.__mathlib_flt_underflow)
    __mathlib_rredf2                         0x08004a85   Thumb Code   316  rredf.o(i.__mathlib_rredf2)
    _is_digit                                0x08004bd9   Thumb Code    14  __printf_wp.o(i._is_digit)
    analyze_fft                              0x08004be9   Thumb Code   256  fft.o(i.analyze_fft)
    atk_md0350_backlight_on                  0x08004ced   Thumb Code    10  atk_md0350.o(i.atk_md0350_backlight_on)
    atk_md0350_clear                         0x08004cfd   Thumb Code    22  atk_md0350.o(i.atk_md0350_clear)
    atk_md0350_display_on                    0x08004d13   Thumb Code    22  atk_md0350.o(i.atk_md0350_display_on)
    atk_md0350_draw_line                     0x08004d29   Thumb Code   152  atk_md0350.o(i.atk_md0350_draw_line)
    atk_md0350_draw_point                    0x08004dc1   Thumb Code    42  atk_md0350.o(i.atk_md0350_draw_point)
    atk_md0350_fill                          0x08004ded   Thumb Code    76  atk_md0350.o(i.atk_md0350_fill)
    atk_md0350_fsmc_init                     0x08004e39   Thumb Code   814  atk_md0350_fsmc.o(i.atk_md0350_fsmc_init)
    atk_md0350_init                          0x08005185   Thumb Code   216  atk_md0350.o(i.atk_md0350_init)
    atk_md0350_set_disp_dir                  0x0800752d   Thumb Code    52  atk_md0350.o(i.atk_md0350_set_disp_dir)
    atk_md0350_set_scan_dir                  0x080075ad   Thumb Code   202  atk_md0350.o(i.atk_md0350_set_scan_dir)
    atk_md0350_show_char                     0x0800767d   Thumb Code   208  atk_md0350.o(i.atk_md0350_show_char)
    atk_md0350_show_string                   0x0800775d   Thumb Code   150  atk_md0350.o(i.atk_md0350_show_string)
    capture_and_FFT                          0x08007809   Thumb Code   138  fft.o(i.capture_and_FFT)
    frequency_change                         0x080078a1   Thumb Code    56  main.o(i.frequency_change)
    key_scan                                 0x080078e5   Thumb Code   232  main.o(i.key_scan)
    low_pass_filter                          0x080079d9   Thumb Code    18  main.o(i.low_pass_filter)
    main                                     0x080079ed   Thumb Code   582  main.o(i.main)
    max_find                                 0x08007c85   Thumb Code    66  fft.o(i.max_find)
    max_min_diff                             0x08007cd1   Thumb Code   100  main.o(i.max_min_diff)
    start_dac_output                         0x08007d39   Thumb Code    46  main.o(i.start_dac_output)
    _get_lc_numeric                          0x08007d79   Thumb Code    44  lc_numeric_c.o(locale$$code)
    __aeabi_d2f                              0x08007da5   Thumb Code     0  d2f.o(x$fpl$d2f)
    _d2f                                     0x08007da5   Thumb Code    98  d2f.o(x$fpl$d2f)
    __aeabi_ddiv                             0x08007e09   Thumb Code     0  ddiv.o(x$fpl$ddiv)
    _ddiv                                    0x08007e09   Thumb Code   552  ddiv.o(x$fpl$ddiv)
    __aeabi_d2uiz                            0x080080b9   Thumb Code     0  dfixu.o(x$fpl$dfixu)
    _dfixu                                   0x080080b9   Thumb Code    90  dfixu.o(x$fpl$dfixu)
    __aeabi_dmul                             0x08008115   Thumb Code     0  dmul.o(x$fpl$dmul)
    _dmul                                    0x08008115   Thumb Code   332  dmul.o(x$fpl$dmul)
    __fpl_dnaninf                            0x08008269   Thumb Code   156  dnaninf.o(x$fpl$dnaninf)
    __fpl_dretinf                            0x08008305   Thumb Code    12  dretinf.o(x$fpl$dretinf)
    __aeabi_f2d                              0x08008311   Thumb Code     0  f2d.o(x$fpl$f2d)
    _f2d                                     0x08008311   Thumb Code    86  f2d.o(x$fpl$f2d)
    __fpl_fnaninf                            0x08008367   Thumb Code   140  fnaninf.o(x$fpl$fnaninf)
    _fp_init                                 0x080083f3   Thumb Code    10  fpinit.o(x$fpl$fpinit)
    __fplib_config_fpu_vfp                   0x080083fb   Thumb Code     0  fpinit.o(x$fpl$fpinit)
    __fplib_config_pureend_doubles           0x080083fb   Thumb Code     0  fpinit.o(x$fpl$fpinit)
    __fpl_fretinf                            0x080083fd   Thumb Code    10  fretinf.o(x$fpl$fretinf)
    _printf_fp_dec                           0x08008407   Thumb Code     4  printf1.o(x$fpl$printf1)
    __I$use$fp                               0x0800840a   Number         0  usenofp.o(x$fpl$usenofp)
    AHBPrescTable                            0x08008412   Data          16  system_stm32f4xx.o(.constdata)
    APBPrescTable                            0x08008422   Data           8  system_stm32f4xx.o(.constdata)
    atk_md0350_font_1206                     0x0800842a   Data        1140  atk_md0350.o(.constdata)
    atk_md0350_font_1608                     0x0800889e   Data        1520  atk_md0350.o(.constdata)
    atk_md0350_font_2412                     0x08008e8e   Data        3420  atk_md0350.o(.constdata)
    atk_md0350_font_3216                     0x08009bea   Data        6080  atk_md0350.o(.constdata)
    armBitRevTable                           0x0800b460   Data        2048  arm_common_tables.o(.rodata.armBitRevTable)
    twiddleCoef_4096                         0x0800bc60   Data       32768  arm_common_tables.o(.rodata.twiddleCoef_4096)
    Region$$Table$$Base                      0x08013c60   Number         0  anon$$obj.o(Region$$Table)
    Region$$Table$$Limit                     0x08013c80   Number         0  anon$$obj.o(Region$$Table)
    task1_done                               0x20000000   Data           1  main.o(.data)
    x                                        0x20000002   Data           2  main.o(.data)
    y                                        0x20000004   Data           2  main.o(.data)
    size                                     0x2000000e   Data           2  main.o(.data)
    size_t_                                  0x20000010   Data           2  main.o(.data)
    TIM2_arr                                 0x20000014   Data           4  main.o(.data)
    target_freq                              0x20000018   Data           4  main.o(.data)
    key0                                     0x20000028   Data           4  main.o(.data)
    key0_press                               0x2000002c   Data           4  main.o(.data)
    key1                                     0x20000030   Data           4  main.o(.data)
    key1_press                               0x20000034   Data           4  main.o(.data)
    key2                                     0x20000038   Data           4  main.o(.data)
    key2_press                               0x2000003c   Data           4  main.o(.data)
    SAMPLING_RATE                            0x20000040   Data           4  main.o(.data)
    a                                        0x20000044   Data           4  main.o(.data)
    show_value1                              0x20000048   Data           4  main.o(.data)
    trigger1                                 0x2000004c   Data           4  main.o(.data)
    trigger2                                 0x20000050   Data           4  main.o(.data)
    last_amp_result                          0x20000054   Data           4  main.o(.data)
    amp_result                               0x20000058   Data           4  main.o(.data)
    amp_raw                                  0x2000005c   Data           4  main.o(.data)
    last_key1                                0x20000060   Data           4  main.o(.data)
    last_key2                                0x20000064   Data           4  main.o(.data)
    last_key0                                0x20000068   Data           4  main.o(.data)
    Sine12bit_50                             0x2000006c   Data         100  main.o(.data)
    uwTickFreq                               0x200000d8   Data           1  stm32f4xx_hal.o(.data)
    uwTickPrio                               0x200000dc   Data           4  stm32f4xx_hal.o(.data)
    uwTick                                   0x200000e0   Data           4  stm32f4xx_hal.o(.data)
    SystemCoreClock                          0x200000e4   Data           4  system_stm32f4xx.o(.data)
    SysTime                                  0x20000118   Data           8  bsp_dwt.o(.data)
    CYCCNT64                                 0x20000120   Data           8  bsp_dwt.o(.data)
    hadc1                                    0x20000130   Data          72  adc.o(.bss)
    hdma_adc1                                0x20000178   Data          96  adc.o(.bss)
    hdac                                     0x200001d8   Data          20  dac.o(.bss)
    hdma_dac1                                0x200001ec   Data          96  dac.o(.bss)
    hdma_dac2                                0x2000024c   Data          96  dac.o(.bss)
    hsram4                                   0x200002ac   Data          80  fsmc.o(.bss)
    hi2c2                                    0x200002fc   Data          84  i2c.o(.bss)
    htim1                                    0x20000350   Data          72  tim.o(.bss)
    htim2                                    0x20000398   Data          72  tim.o(.bss)
    htim3                                    0x200003e0   Data          72  tim.o(.bss)
    htim8                                    0x20000428   Data          72  tim.o(.bss)
    ADC_1_Value_DMA                          0x20000470   Data        8192  fft.o(.bss)
    scfft                                    0x20002470   Data          20  fft.o(.bss)
    fft_inputbuf                             0x20002484   Data       32768  fft.o(.bss)
    fft_outputbuf                            0x2000a484   Data       32768  fft.o(.bss)
    signal_info_real                         0x20012484   Data          20  fft.o(.bss)
    __libspace_start                         0x200124e8   Data          96  libspace.o(.bss)
    __temporary_stack_top$libspace           0x20012548   Data           0  libspace.o(.bss)



==============================================================================

Memory Map of the image

  Image Entry point : 0x08000189

  Load Region LR_IROM1 (Base: 0x08000000, Size: 0x00013dcc, Max: 0x00100000, ABSOLUTE, COMPRESSED[0x00013d1c])

    Execution Region ER_IROM1 (Exec base: 0x08000000, Load base: 0x08000000, Size: 0x00013c9c, Max: 0x00100000, ABSOLUTE)

    Exec Addr    Load Addr    Size         Type   Attr      Idx    E Section Name        Object

    0x08000000   0x08000000   0x00000188   Data   RO            3    RESET               startup_stm32f407xx.o
    0x08000188   0x08000188   0x00000008   Code   RO         4716  * !!!main             c_w.l(__main.o)
    0x08000190   0x08000190   0x00000034   Code   RO         5024    !!!scatter          c_w.l(__scatter.o)
    0x080001c4   0x080001c4   0x0000003a   Code   RO         5022    !!dczerorl          c_w.l(__dczerorl.o)
    0x080001fe   0x080001fe   0x00000002   PAD
    0x08000200   0x08000200   0x0000001c   Code   RO         5026    !!handler_zi        c_w.l(__scatter_zi.o)
    0x0800021c   0x0800021c   0x00000000   Code   RO         4709    .ARM.Collect$$_printf_percent$$00000000  c_w.l(_printf_percent.o)
    0x0800021c   0x0800021c   0x00000006   Code   RO         4708    .ARM.Collect$$_printf_percent$$00000003  c_w.l(_printf_f.o)
    0x08000222   0x08000222   0x00000006   Code   RO         4707    .ARM.Collect$$_printf_percent$$00000009  c_w.l(_printf_d.o)
    0x08000228   0x08000228   0x00000004   Code   RO         4781    .ARM.Collect$$_printf_percent$$00000017  c_w.l(_printf_percent_end.o)
    0x0800022c   0x0800022c   0x00000002   Code   RO         4893    .ARM.Collect$$libinit$$00000000  c_w.l(libinit.o)
    0x0800022e   0x0800022e   0x00000004   Code   RO         4894    .ARM.Collect$$libinit$$00000001  c_w.l(libinit2.o)
    0x08000232   0x08000232   0x00000000   Code   RO         4897    .ARM.Collect$$libinit$$00000004  c_w.l(libinit2.o)
    0x08000232   0x08000232   0x00000000   Code   RO         4900    .ARM.Collect$$libinit$$0000000A  c_w.l(libinit2.o)
    0x08000232   0x08000232   0x00000000   Code   RO         4902    .ARM.Collect$$libinit$$0000000C  c_w.l(libinit2.o)
    0x08000232   0x08000232   0x00000000   Code   RO         4904    .ARM.Collect$$libinit$$0000000E  c_w.l(libinit2.o)
    0x08000232   0x08000232   0x00000006   Code   RO         4905    .ARM.Collect$$libinit$$0000000F  c_w.l(libinit2.o)
    0x08000238   0x08000238   0x00000000   Code   RO         4907    .ARM.Collect$$libinit$$00000011  c_w.l(libinit2.o)
    0x08000238   0x08000238   0x00000000   Code   RO         4909    .ARM.Collect$$libinit$$00000013  c_w.l(libinit2.o)
    0x08000238   0x08000238   0x00000000   Code   RO         4911    .ARM.Collect$$libinit$$00000015  c_w.l(libinit2.o)
    0x08000238   0x08000238   0x0000000a   Code   RO         4912    .ARM.Collect$$libinit$$00000016  c_w.l(libinit2.o)
    0x08000242   0x08000242   0x00000000   Code   RO         4913    .ARM.Collect$$libinit$$00000017  c_w.l(libinit2.o)
    0x08000242   0x08000242   0x00000000   Code   RO         4915    .ARM.Collect$$libinit$$00000019  c_w.l(libinit2.o)
    0x08000242   0x08000242   0x00000000   Code   RO         4917    .ARM.Collect$$libinit$$0000001B  c_w.l(libinit2.o)
    0x08000242   0x08000242   0x00000000   Code   RO         4919    .ARM.Collect$$libinit$$0000001D  c_w.l(libinit2.o)
    0x08000242   0x08000242   0x00000000   Code   RO         4921    .ARM.Collect$$libinit$$0000001F  c_w.l(libinit2.o)
    0x08000242   0x08000242   0x00000000   Code   RO         4923    .ARM.Collect$$libinit$$00000021  c_w.l(libinit2.o)
    0x08000242   0x08000242   0x00000000   Code   RO         4925    .ARM.Collect$$libinit$$00000023  c_w.l(libinit2.o)
    0x08000242   0x08000242   0x00000000   Code   RO         4927    .ARM.Collect$$libinit$$00000025  c_w.l(libinit2.o)
    0x08000242   0x08000242   0x00000000   Code   RO         4931    .ARM.Collect$$libinit$$0000002C  c_w.l(libinit2.o)
    0x08000242   0x08000242   0x00000000   Code   RO         4933    .ARM.Collect$$libinit$$0000002E  c_w.l(libinit2.o)
    0x08000242   0x08000242   0x00000000   Code   RO         4935    .ARM.Collect$$libinit$$00000030  c_w.l(libinit2.o)
    0x08000242   0x08000242   0x00000000   Code   RO         4937    .ARM.Collect$$libinit$$00000032  c_w.l(libinit2.o)
    0x08000242   0x08000242   0x00000002   Code   RO         4938    .ARM.Collect$$libinit$$00000033  c_w.l(libinit2.o)
    0x08000244   0x08000244   0x00000002   Code   RO         4985    .ARM.Collect$$libshutdown$$00000000  c_w.l(libshutdown.o)
    0x08000246   0x08000246   0x00000000   Code   RO         5003    .ARM.Collect$$libshutdown$$00000002  c_w.l(libshutdown2.o)
    0x08000246   0x08000246   0x00000000   Code   RO         5005    .ARM.Collect$$libshutdown$$00000004  c_w.l(libshutdown2.o)
    0x08000246   0x08000246   0x00000000   Code   RO         5007    .ARM.Collect$$libshutdown$$00000006  c_w.l(libshutdown2.o)
    0x08000246   0x08000246   0x00000000   Code   RO         5010    .ARM.Collect$$libshutdown$$00000009  c_w.l(libshutdown2.o)
    0x08000246   0x08000246   0x00000000   Code   RO         5013    .ARM.Collect$$libshutdown$$0000000C  c_w.l(libshutdown2.o)
    0x08000246   0x08000246   0x00000000   Code   RO         5015    .ARM.Collect$$libshutdown$$0000000E  c_w.l(libshutdown2.o)
    0x08000246   0x08000246   0x00000000   Code   RO         5018    .ARM.Collect$$libshutdown$$00000011  c_w.l(libshutdown2.o)
    0x08000246   0x08000246   0x00000002   Code   RO         5019    .ARM.Collect$$libshutdown$$00000012  c_w.l(libshutdown2.o)
    0x08000248   0x08000248   0x00000000   Code   RO         4764    .ARM.Collect$$rtentry$$00000000  c_w.l(__rtentry.o)
    0x08000248   0x08000248   0x00000000   Code   RO         4811    .ARM.Collect$$rtentry$$00000002  c_w.l(__rtentry2.o)
    0x08000248   0x08000248   0x00000006   Code   RO         4823    .ARM.Collect$$rtentry$$00000004  c_w.l(__rtentry4.o)
    0x0800024e   0x0800024e   0x00000000   Code   RO         4813    .ARM.Collect$$rtentry$$00000009  c_w.l(__rtentry2.o)
    0x0800024e   0x0800024e   0x00000004   Code   RO         4814    .ARM.Collect$$rtentry$$0000000A  c_w.l(__rtentry2.o)
    0x08000252   0x08000252   0x00000000   Code   RO         4816    .ARM.Collect$$rtentry$$0000000C  c_w.l(__rtentry2.o)
    0x08000252   0x08000252   0x00000008   Code   RO         4817    .ARM.Collect$$rtentry$$0000000D  c_w.l(__rtentry2.o)
    0x0800025a   0x0800025a   0x00000002   Code   RO         4939    .ARM.Collect$$rtexit$$00000000  c_w.l(rtexit.o)
    0x0800025c   0x0800025c   0x00000000   Code   RO         4954    .ARM.Collect$$rtexit$$00000002  c_w.l(rtexit2.o)
    0x0800025c   0x0800025c   0x00000004   Code   RO         4955    .ARM.Collect$$rtexit$$00000003  c_w.l(rtexit2.o)
    0x08000260   0x08000260   0x00000006   Code   RO         4956    .ARM.Collect$$rtexit$$00000004  c_w.l(rtexit2.o)
    0x08000266   0x08000266   0x00000002   PAD
    0x08000268   0x08000268   0x00000040   Code   RO            4    .text               startup_stm32f407xx.o
    0x080002a8   0x080002a8   0x000000ee   Code   RO         4677    .text               c_w.l(lludivv7m.o)
    0x08000396   0x08000396   0x00000002   PAD
    0x08000398   0x08000398   0x00000034   Code   RO         4681    .text               c_w.l(noretval__2snprintf.o)
    0x080003cc   0x080003cc   0x00000078   Code   RO         4685    .text               c_w.l(_printf_dec.o)
    0x08000444   0x08000444   0x0000010e   Code   RO         4695    .text               c_w.l(__printf_wp.o)
    0x08000552   0x08000552   0x00000064   Code   RO         4710    .text               c_w.l(rt_memcpy_w.o)
    0x080005b6   0x080005b6   0x0000004e   Code   RO         4712    .text               c_w.l(rt_memclr_w.o)
    0x08000604   0x08000604   0x00000006   Code   RO         4714    .text               c_w.l(heapauxi.o)
    0x0800060a   0x0800060a   0x00000016   Code   RO         4769    .text               c_w.l(_rserrno.o)
    0x08000620   0x08000620   0x000000b2   Code   RO         4771    .text               c_w.l(_printf_intcommon.o)
    0x080006d2   0x080006d2   0x0000041e   Code   RO         4773    .text               c_w.l(_printf_fp_dec.o)
    0x08000af0   0x08000af0   0x00000030   Code   RO         4775    .text               c_w.l(_printf_char_common.o)
    0x08000b20   0x08000b20   0x0000000a   Code   RO         4777    .text               c_w.l(_sputc.o)
    0x08000b2a   0x08000b2a   0x00000010   Code   RO         4779    .text               c_w.l(_snputc.o)
    0x08000b3a   0x08000b3a   0x00000002   PAD
    0x08000b3c   0x08000b3c   0x00000008   Code   RO         4830    .text               c_w.l(rt_locale_intlibspace.o)
    0x08000b44   0x08000b44   0x00000008   Code   RO         4835    .text               c_w.l(rt_errno_addr_intlibspace.o)
    0x08000b4c   0x08000b4c   0x0000008a   Code   RO         4837    .text               c_w.l(lludiv10.o)
    0x08000bd6   0x08000bd6   0x00000002   PAD
    0x08000bd8   0x08000bd8   0x00000080   Code   RO         4839    .text               c_w.l(_printf_fp_infnan.o)
    0x08000c58   0x08000c58   0x000000e4   Code   RO         4843    .text               c_w.l(bigflt0.o)
    0x08000d3c   0x08000d3c   0x00000008   Code   RO         4875    .text               c_w.l(libspace.o)
    0x08000d44   0x08000d44   0x0000004a   Code   RO         4878    .text               c_w.l(sys_stackheap_outer.o)
    0x08000d8e   0x08000d8e   0x00000012   Code   RO         4880    .text               c_w.l(exit.o)
    0x08000da0   0x08000da0   0x00000080   Code   RO         4886    .text               c_w.l(strcmpv7m.o)
    0x08000e20   0x08000e20   0x0000000c   Code   RO         4951    .text               c_w.l(sys_exit.o)
    0x08000e2c   0x08000e2c   0x00000002   Code   RO         4972    .text               c_w.l(use_no_semi.o)
    0x08000e2e   0x08000e2e   0x00000000   Code   RO         4974    .text               c_w.l(indicate_semi.o)
    0x08000e2e   0x08000e2e   0x00000002   PAD
    0x08000e30   0x08000e30   0x000000be   Code   RO         4542    .text.arm_bitreversal_f32  arm_cortexM4lf_math.lib(arm_bitreversal.o)
    0x08000eee   0x08000eee   0x00000040   Code   RO         4519    .text.arm_cfft_radix4_f32  arm_cortexM4lf_math.lib(arm_cfft_radix4_f32.o)
    0x08000f2e   0x08000f2e   0x00000002   PAD
    0x08000f30   0x08000f30   0x00000094   Code   RO         4533    .text.arm_cfft_radix4_init_f32  arm_cortexM4lf_math.lib(arm_cfft_radix4_init_f32.o)
    0x08000fc4   0x08000fc4   0x00000154   Code   RO         4509    .text.arm_cmplx_mag_f32  arm_cortexM4lf_math.lib(arm_cmplx_mag_f32.o)
    0x08001118   0x08001118   0x0000035a   Code   RO         4523    .text.arm_radix4_butterfly_f32  arm_cortexM4lf_math.lib(arm_cfft_radix4_f32.o)
    0x08001472   0x08001472   0x00000002   PAD
    0x08001474   0x08001474   0x0000037a   Code   RO         4521    .text.arm_radix4_butterfly_inverse_f32  arm_cortexM4lf_math.lib(arm_cfft_radix4_f32.o)
    0x080017ee   0x080017ee   0x0000003e   Code   RO         4846    CL$$btod_d2e        c_w.l(btod.o)
    0x0800182c   0x0800182c   0x00000046   Code   RO         4848    CL$$btod_d2e_denorm_low  c_w.l(btod.o)
    0x08001872   0x08001872   0x00000060   Code   RO         4847    CL$$btod_d2e_norm_op1  c_w.l(btod.o)
    0x080018d2   0x080018d2   0x00000338   Code   RO         4856    CL$$btod_div_common  c_w.l(btod.o)
    0x08001c0a   0x08001c0a   0x000000dc   Code   RO         4853    CL$$btod_e2e        c_w.l(btod.o)
    0x08001ce6   0x08001ce6   0x0000002a   Code   RO         4850    CL$$btod_ediv       c_w.l(btod.o)
    0x08001d10   0x08001d10   0x0000002a   Code   RO         4849    CL$$btod_emul       c_w.l(btod.o)
    0x08001d3a   0x08001d3a   0x00000244   Code   RO         4855    CL$$btod_mult_common  c_w.l(btod.o)
    0x08001f7e   0x08001f7e   0x0000006e   Code   RO          708    i.ADC_DMAConvCplt   stm32f4xx_hal_adc.o
    0x08001fec   0x08001fec   0x00000016   Code   RO          709    i.ADC_DMAError      stm32f4xx_hal_adc.o
    0x08002002   0x08002002   0x0000000a   Code   RO          710    i.ADC_DMAHalfConvCplt  stm32f4xx_hal_adc.o
    0x0800200c   0x0800200c   0x00000128   Code   RO          711    i.ADC_Init          stm32f4xx_hal_adc.o
    0x08002134   0x08002134   0x00000002   Code   RO          584    i.BusFault_Handler  stm32f4xx_it.o
    0x08002136   0x08002136   0x00000010   Code   RO         2139    i.DAC_DMAConvCpltCh1  stm32f4xx_hal_dac.o
    0x08002146   0x08002146   0x00000010   Code   RO         2283    i.DAC_DMAConvCpltCh2  stm32f4xx_hal_dac_ex.o
    0x08002156   0x08002156   0x00000018   Code   RO         2140    i.DAC_DMAErrorCh1   stm32f4xx_hal_dac.o
    0x0800216e   0x0800216e   0x00000018   Code   RO         2284    i.DAC_DMAErrorCh2   stm32f4xx_hal_dac_ex.o
    0x08002186   0x08002186   0x0000000a   Code   RO         2141    i.DAC_DMAHalfConvCpltCh1  stm32f4xx_hal_dac.o
    0x08002190   0x08002190   0x0000000a   Code   RO         2285    i.DAC_DMAHalfConvCpltCh2  stm32f4xx_hal_dac_ex.o
    0x0800219a   0x0800219a   0x00000002   PAD
    0x0800219c   0x0800219c   0x0000000c   Code   RO          585    i.DMA1_Stream5_IRQHandler  stm32f4xx_it.o
    0x080021a8   0x080021a8   0x0000000c   Code   RO          586    i.DMA1_Stream6_IRQHandler  stm32f4xx_it.o
    0x080021b4   0x080021b4   0x0000000c   Code   RO          587    i.DMA2_Stream0_IRQHandler  stm32f4xx_it.o
    0x080021c0   0x080021c0   0x00000028   Code   RO         1448    i.DMA_CalcBaseAndBitshift  stm32f4xx_hal_dma.o
    0x080021e8   0x080021e8   0x00000054   Code   RO         1449    i.DMA_CheckFifoParam  stm32f4xx_hal_dma.o
    0x0800223c   0x0800223c   0x00000028   Code   RO         1450    i.DMA_SetConfig     stm32f4xx_hal_dma.o
    0x08002264   0x08002264   0x00000028   Code   RO         4219    i.DWT_CNT_Update    bsp_dwt.o
    0x0800228c   0x0800228c   0x00000034   Code   RO         4220    i.DWT_Delay         bsp_dwt.o
    0x080022c0   0x080022c0   0x00000044   Code   RO         4221    i.DWT_GetDeltaT     bsp_dwt.o
    0x08002304   0x08002304   0x00000048   Code   RO         4226    i.DWT_Init          bsp_dwt.o
    0x0800234c   0x0800234c   0x00000002   Code   RO          588    i.DebugMon_Handler  stm32f4xx_it.o
    0x0800234e   0x0800234e   0x00000002   PAD
    0x08002350   0x08002350   0x0000007c   Code   RO           13    i.DrawDynamicGraph  main.o
    0x080023cc   0x080023cc   0x000000d0   Code   RO           14    i.DrawDynamicGraph_float  main.o
    0x0800249c   0x0800249c   0x00000004   Code   RO           16    i.Error_Handler     main.o
    0x080024a0   0x080024a0   0x00000040   Code   RO         4160    i.FFT_INIT          fft.o
    0x080024e0   0x080024e0   0x0000003c   Code   RO         2387    i.FSMC_NORSRAM_Extended_Timing_Init  stm32f4xx_ll_fsmc.o
    0x0800251c   0x0800251c   0x00000068   Code   RO         2388    i.FSMC_NORSRAM_Init  stm32f4xx_ll_fsmc.o
    0x08002584   0x08002584   0x00000044   Code   RO         2389    i.FSMC_NORSRAM_Timing_Init  stm32f4xx_ll_fsmc.o
    0x080025c8   0x080025c8   0x0000014c   Code   RO          713    i.HAL_ADC_ConfigChannel  stm32f4xx_hal_adc.o
    0x08002714   0x08002714   0x00000002   Code   RO          714    i.HAL_ADC_ConvCpltCallback  stm32f4xx_hal_adc.o
    0x08002716   0x08002716   0x00000002   Code   RO          715    i.HAL_ADC_ConvHalfCpltCallback  stm32f4xx_hal_adc.o
    0x08002718   0x08002718   0x00000002   Code   RO          717    i.HAL_ADC_ErrorCallback  stm32f4xx_hal_adc.o
    0x0800271a   0x0800271a   0x00000054   Code   RO          722    i.HAL_ADC_Init      stm32f4xx_hal_adc.o
    0x0800276e   0x0800276e   0x00000002   PAD
    0x08002770   0x08002770   0x00000098   Code   RO          321    i.HAL_ADC_MspInit   adc.o
    0x08002808   0x08002808   0x00000154   Code   RO          729    i.HAL_ADC_Start_DMA  stm32f4xx_hal_adc.o
    0x0800295c   0x0800295c   0x00000002   Code   RO         2286    i.HAL_DACEx_ConvCpltCallbackCh2  stm32f4xx_hal_dac_ex.o
    0x0800295e   0x0800295e   0x00000002   Code   RO         2287    i.HAL_DACEx_ConvHalfCpltCallbackCh2  stm32f4xx_hal_dac_ex.o
    0x08002960   0x08002960   0x00000002   Code   RO         2288    i.HAL_DACEx_DMAUnderrunCallbackCh2  stm32f4xx_hal_dac_ex.o
    0x08002962   0x08002962   0x00000002   Code   RO         2293    i.HAL_DACEx_ErrorCallbackCh2  stm32f4xx_hal_dac_ex.o
    0x08002964   0x08002964   0x0000004e   Code   RO         2142    i.HAL_DAC_ConfigChannel  stm32f4xx_hal_dac.o
    0x080029b2   0x080029b2   0x00000002   Code   RO         2143    i.HAL_DAC_ConvCpltCallbackCh1  stm32f4xx_hal_dac.o
    0x080029b4   0x080029b4   0x00000002   Code   RO         2144    i.HAL_DAC_ConvHalfCpltCallbackCh1  stm32f4xx_hal_dac.o
    0x080029b6   0x080029b6   0x00000002   Code   RO         2145    i.HAL_DAC_DMAUnderrunCallbackCh1  stm32f4xx_hal_dac.o
    0x080029b8   0x080029b8   0x00000002   Code   RO         2147    i.HAL_DAC_ErrorCallbackCh1  stm32f4xx_hal_dac.o
    0x080029ba   0x080029ba   0x00000068   Code   RO         2151    i.HAL_DAC_IRQHandler  stm32f4xx_hal_dac.o
    0x08002a22   0x08002a22   0x00000028   Code   RO         2152    i.HAL_DAC_Init      stm32f4xx_hal_dac.o
    0x08002a4a   0x08002a4a   0x00000002   PAD
    0x08002a4c   0x08002a4c   0x000000f0   Code   RO          363    i.HAL_DAC_MspInit   dac.o
    0x08002b3c   0x08002b3c   0x000000e0   Code   RO         2157    i.HAL_DAC_Start_DMA  stm32f4xx_hal_dac.o
    0x08002c1c   0x08002c1c   0x000001a0   Code   RO         1456    i.HAL_DMA_IRQHandler  stm32f4xx_hal_dma.o
    0x08002dbc   0x08002dbc   0x000000d4   Code   RO         1457    i.HAL_DMA_Init      stm32f4xx_hal_dma.o
    0x08002e90   0x08002e90   0x0000006e   Code   RO         1461    i.HAL_DMA_Start_IT  stm32f4xx_hal_dma.o
    0x08002efe   0x08002efe   0x00000002   PAD
    0x08002f00   0x08002f00   0x00000024   Code   RO         1888    i.HAL_Delay         stm32f4xx_hal.o
    0x08002f24   0x08002f24   0x000000a8   Code   RO          428    i.HAL_FSMC_MspInit  fsmc.o
    0x08002fcc   0x08002fcc   0x000001f0   Code   RO         1344    i.HAL_GPIO_Init     stm32f4xx_hal_gpio.o
    0x080031bc   0x080031bc   0x0000000a   Code   RO         1346    i.HAL_GPIO_ReadPin  stm32f4xx_hal_gpio.o
    0x080031c6   0x080031c6   0x0000000a   Code   RO         1348    i.HAL_GPIO_WritePin  stm32f4xx_hal_gpio.o
    0x080031d0   0x080031d0   0x0000000c   Code   RO         1894    i.HAL_GetTick       stm32f4xx_hal.o
    0x080031dc   0x080031dc   0x00000188   Code   RO         2705    i.HAL_I2C_Init      stm32f4xx_hal_i2c.o
    0x08003364   0x08003364   0x00000068   Code   RO          477    i.HAL_I2C_MspInit   i2c.o
    0x080033cc   0x080033cc   0x00000010   Code   RO         1900    i.HAL_IncTick       stm32f4xx_hal.o
    0x080033dc   0x080033dc   0x00000034   Code   RO         1901    i.HAL_Init          stm32f4xx_hal.o
    0x08003410   0x08003410   0x00000040   Code   RO         1902    i.HAL_InitTick      stm32f4xx_hal.o
    0x08003450   0x08003450   0x00000030   Code   RO          684    i.HAL_MspInit       stm32f4xx_hal_msp.o
    0x08003480   0x08003480   0x0000001a   Code   RO         1736    i.HAL_NVIC_EnableIRQ  stm32f4xx_hal_cortex.o
    0x0800349a   0x0800349a   0x00000002   PAD
    0x0800349c   0x0800349c   0x00000040   Code   RO         1742    i.HAL_NVIC_SetPriority  stm32f4xx_hal_cortex.o
    0x080034dc   0x080034dc   0x00000024   Code   RO         1743    i.HAL_NVIC_SetPriorityGrouping  stm32f4xx_hal_cortex.o
    0x08003500   0x08003500   0x00000134   Code   RO          987    i.HAL_RCC_ClockConfig  stm32f4xx_hal_rcc.o
    0x08003634   0x08003634   0x00000020   Code   RO          994    i.HAL_RCC_GetPCLK1Freq  stm32f4xx_hal_rcc.o
    0x08003654   0x08003654   0x00000060   Code   RO          996    i.HAL_RCC_GetSysClockFreq  stm32f4xx_hal_rcc.o
    0x080036b4   0x080036b4   0x0000036c   Code   RO          999    i.HAL_RCC_OscConfig  stm32f4xx_hal_rcc.o
    0x08003a20   0x08003a20   0x0000005c   Code   RO         2527    i.HAL_SRAM_Init     stm32f4xx_hal_sram.o
    0x08003a7c   0x08003a7c   0x00000004   Code   RO          430    i.HAL_SRAM_MspInit  fsmc.o
    0x08003a80   0x08003a80   0x00000028   Code   RO         1747    i.HAL_SYSTICK_Config  stm32f4xx_hal_cortex.o
    0x08003aa8   0x08003aa8   0x00000054   Code   RO         3858    i.HAL_TIMEx_ConfigBreakDeadTime  stm32f4xx_hal_tim_ex.o
    0x08003afc   0x08003afc   0x00000090   Code   RO         3874    i.HAL_TIMEx_MasterConfigSynchronization  stm32f4xx_hal_tim_ex.o
    0x08003b8c   0x08003b8c   0x0000005a   Code   RO         3151    i.HAL_TIM_Base_Init  stm32f4xx_hal_tim.o
    0x08003be6   0x08003be6   0x00000002   PAD
    0x08003be8   0x08003be8   0x0000006c   Code   RO          519    i.HAL_TIM_Base_MspInit  tim.o
    0x08003c54   0x08003c54   0x00000078   Code   RO         3154    i.HAL_TIM_Base_Start  stm32f4xx_hal_tim.o
    0x08003ccc   0x08003ccc   0x000000dc   Code   RO         3160    i.HAL_TIM_ConfigClockSource  stm32f4xx_hal_tim.o
    0x08003da8   0x08003da8   0x00000054   Code   RO          520    i.HAL_TIM_MspPostInit  tim.o
    0x08003dfc   0x08003dfc   0x000000cc   Code   RO         3223    i.HAL_TIM_PWM_ConfigChannel  stm32f4xx_hal_tim.o
    0x08003ec8   0x08003ec8   0x0000005a   Code   RO         3226    i.HAL_TIM_PWM_Init  stm32f4xx_hal_tim.o
    0x08003f22   0x08003f22   0x00000002   Code   RO         3228    i.HAL_TIM_PWM_MspInit  stm32f4xx_hal_tim.o
    0x08003f24   0x08003f24   0x000000c8   Code   RO         3231    i.HAL_TIM_PWM_Start  stm32f4xx_hal_tim.o
    0x08003fec   0x08003fec   0x00000002   Code   RO          589    i.HardFault_Handler  stm32f4xx_it.o
    0x08003fee   0x08003fee   0x00000002   PAD
    0x08003ff0   0x08003ff0   0x00000060   Code   RO          322    i.MX_ADC1_Init      adc.o
    0x08004050   0x08004050   0x0000004c   Code   RO          364    i.MX_DAC_Init       dac.o
    0x0800409c   0x0800409c   0x0000005c   Code   RO          404    i.MX_DMA_Init       dma.o
    0x080040f8   0x080040f8   0x00000070   Code   RO          431    i.MX_FSMC_Init      fsmc.o
    0x08004168   0x08004168   0x000000d4   Code   RO          296    i.MX_GPIO_Init      gpio.o
    0x0800423c   0x0800423c   0x00000040   Code   RO          478    i.MX_I2C2_Init      i2c.o
    0x0800427c   0x0800427c   0x000000cc   Code   RO          521    i.MX_TIM1_Init      tim.o
    0x08004348   0x08004348   0x00000064   Code   RO          522    i.MX_TIM2_Init      tim.o
    0x080043ac   0x080043ac   0x00000068   Code   RO          523    i.MX_TIM3_Init      tim.o
    0x08004414   0x08004414   0x00000068   Code   RO          524    i.MX_TIM8_Init      tim.o
    0x0800447c   0x0800447c   0x00000002   Code   RO          590    i.MemManage_Handler  stm32f4xx_it.o
    0x0800447e   0x0800447e   0x00000002   Code   RO          591    i.NMI_Handler       stm32f4xx_it.o
    0x08004480   0x08004480   0x00000002   Code   RO          592    i.PendSV_Handler    stm32f4xx_it.o
    0x08004482   0x08004482   0x00000002   Code   RO          593    i.SVC_Handler       stm32f4xx_it.o
    0x08004484   0x08004484   0x00000004   Code   RO          594    i.SysTick_Handler   stm32f4xx_it.o
    0x08004488   0x08004488   0x00000094   Code   RO           18    i.SystemClock_Config  main.o
    0x0800451c   0x0800451c   0x00000010   Code   RO         4123    i.SystemInit        system_stm32f4xx.o
    0x0800452c   0x0800452c   0x0000000c   Code   RO          595    i.TIM6_DAC_IRQHandler  stm32f4xx_it.o
    0x08004538   0x08004538   0x000000d8   Code   RO         3244    i.TIM_Base_SetConfig  stm32f4xx_hal_tim.o
    0x08004610   0x08004610   0x0000001a   Code   RO         3245    i.TIM_CCxChannelCmd  stm32f4xx_hal_tim.o
    0x0800462a   0x0800462a   0x00000014   Code   RO         3255    i.TIM_ETR_SetConfig  stm32f4xx_hal_tim.o
    0x0800463e   0x0800463e   0x00000010   Code   RO         3256    i.TIM_ITRx_SetConfig  stm32f4xx_hal_tim.o
    0x0800464e   0x0800464e   0x00000002   PAD
    0x08004650   0x08004650   0x00000060   Code   RO         3257    i.TIM_OC1_SetConfig  stm32f4xx_hal_tim.o
    0x080046b0   0x080046b0   0x0000006c   Code   RO         3258    i.TIM_OC2_SetConfig  stm32f4xx_hal_tim.o
    0x0800471c   0x0800471c   0x00000068   Code   RO         3259    i.TIM_OC3_SetConfig  stm32f4xx_hal_tim.o
    0x08004784   0x08004784   0x00000050   Code   RO         3260    i.TIM_OC4_SetConfig  stm32f4xx_hal_tim.o
    0x080047d4   0x080047d4   0x00000022   Code   RO         3262    i.TIM_TI1_ConfigInputStage  stm32f4xx_hal_tim.o
    0x080047f6   0x080047f6   0x00000024   Code   RO         3264    i.TIM_TI2_ConfigInputStage  stm32f4xx_hal_tim.o
    0x0800481a   0x0800481a   0x00000002   Code   RO          596    i.UsageFault_Handler  stm32f4xx_it.o
    0x0800481c   0x0800481c   0x00000030   Code   RO         4873    i.__ARM_fpclassify  m_wm.l(fpclassify.o)
    0x0800484c   0x0800484c   0x00000026   Code   RO         4791    i.__ARM_fpclassifyf  m_wm.l(fpclassifyf.o)
    0x08004872   0x08004872   0x00000020   Code   RO         1749    i.__NVIC_SetPriority  stm32f4xx_hal_cortex.o
    0x08004892   0x08004892   0x00000002   PAD
    0x08004894   0x08004894   0x00000190   Code   RO         4740    i.__hardfp_sinf     m_wm.l(sinf.o)
    0x08004a24   0x08004a24   0x0000003a   Code   RO         4752    i.__hardfp_sqrtf    m_wm.l(sqrtf.o)
    0x08004a5e   0x08004a5e   0x00000006   Code   RO         4794    i.__mathlib_flt_infnan  m_wm.l(funder.o)
    0x08004a64   0x08004a64   0x00000010   Code   RO         4796    i.__mathlib_flt_invalid  m_wm.l(funder.o)
    0x08004a74   0x08004a74   0x00000010   Code   RO         4799    i.__mathlib_flt_underflow  m_wm.l(funder.o)
    0x08004a84   0x08004a84   0x00000154   Code   RO         4807    i.__mathlib_rredf2  m_wm.l(rredf.o)
    0x08004bd8   0x08004bd8   0x0000000e   Code   RO         4697    i._is_digit         c_w.l(__printf_wp.o)
    0x08004be6   0x08004be6   0x00000002   PAD
    0x08004be8   0x08004be8   0x00000104   Code   RO         4161    i.analyze_fft       fft.o
    0x08004cec   0x08004cec   0x00000010   Code   RO         4297    i.atk_md0350_backlight_on  atk_md0350.o
    0x08004cfc   0x08004cfc   0x00000016   Code   RO         4298    i.atk_md0350_clear  atk_md0350.o
    0x08004d12   0x08004d12   0x00000016   Code   RO         4300    i.atk_md0350_display_on  atk_md0350.o
    0x08004d28   0x08004d28   0x00000098   Code   RO         4302    i.atk_md0350_draw_line  atk_md0350.o
    0x08004dc0   0x08004dc0   0x0000002a   Code   RO         4303    i.atk_md0350_draw_point  atk_md0350.o
    0x08004dea   0x08004dea   0x00000002   PAD
    0x08004dec   0x08004dec   0x0000004c   Code   RO         4305    i.atk_md0350_fill   atk_md0350.o
    0x08004e38   0x08004e38   0x0000034c   Code   RO         4482    i.atk_md0350_fsmc_init  atk_md0350_fsmc.o
    0x08005184   0x08005184   0x000000e4   Code   RO         4310    i.atk_md0350_init   atk_md0350.o
    0x08005268   0x08005268   0x0000227e   Code   RO         4312    i.atk_md0350_reg_init  atk_md0350.o
    0x080074e6   0x080074e6   0x00000046   Code   RO         4313    i.atk_md0350_set_column_address  atk_md0350.o
    0x0800752c   0x0800752c   0x00000038   Code   RO         4314    i.atk_md0350_set_disp_dir  atk_md0350.o
    0x08007564   0x08007564   0x00000046   Code   RO         4315    i.atk_md0350_set_page_address  atk_md0350.o
    0x080075aa   0x080075aa   0x00000002   PAD
    0x080075ac   0x080075ac   0x000000d0   Code   RO         4316    i.atk_md0350_set_scan_dir  atk_md0350.o
    0x0800767c   0x0800767c   0x000000e0   Code   RO         4317    i.atk_md0350_show_char  atk_md0350.o
    0x0800775c   0x0800775c   0x00000096   Code   RO         4320    i.atk_md0350_show_string  atk_md0350.o
    0x080077f2   0x080077f2   0x00000016   Code   RO         4322    i.atk_md0350_start_write_memory  atk_md0350.o
    0x08007808   0x08007808   0x00000098   Code   RO         4162    i.capture_and_FFT   fft.o
    0x080078a0   0x080078a0   0x00000044   Code   RO           20    i.frequency_change  main.o
    0x080078e4   0x080078e4   0x000000f4   Code   RO           21    i.key_scan          main.o
    0x080079d8   0x080079d8   0x00000012   Code   RO           22    i.low_pass_filter   main.o
    0x080079ea   0x080079ea   0x00000002   PAD
    0x080079ec   0x080079ec   0x00000298   Code   RO           23    i.main              main.o
    0x08007c84   0x08007c84   0x0000004c   Code   RO         4163    i.max_find          fft.o
    0x08007cd0   0x08007cd0   0x00000068   Code   RO           24    i.max_min_diff      main.o
    0x08007d38   0x08007d38   0x00000040   Code   RO           26    i.start_dac_output  main.o
    0x08007d78   0x08007d78   0x0000002c   Code   RO         4869    locale$$code        c_w.l(lc_numeric_c.o)
    0x08007da4   0x08007da4   0x00000062   Code   RO         4718    x$fpl$d2f           fz_wm.l(d2f.o)
    0x08007e06   0x08007e06   0x00000002   PAD
    0x08007e08   0x08007e08   0x000002b0   Code   RO         4721    x$fpl$ddiv          fz_wm.l(ddiv.o)
    0x080080b8   0x080080b8   0x0000005a   Code   RO         4724    x$fpl$dfixu         fz_wm.l(dfixu.o)
    0x08008112   0x08008112   0x00000002   PAD
    0x08008114   0x08008114   0x00000154   Code   RO         4734    x$fpl$dmul          fz_wm.l(dmul.o)
    0x08008268   0x08008268   0x0000009c   Code   RO         4782    x$fpl$dnaninf       fz_wm.l(dnaninf.o)
    0x08008304   0x08008304   0x0000000c   Code   RO         4784    x$fpl$dretinf       fz_wm.l(dretinf.o)
    0x08008310   0x08008310   0x00000056   Code   RO         4736    x$fpl$f2d           fz_wm.l(f2d.o)
    0x08008366   0x08008366   0x0000008c   Code   RO         4786    x$fpl$fnaninf       fz_wm.l(fnaninf.o)
    0x080083f2   0x080083f2   0x0000000a   Code   RO         4949    x$fpl$fpinit        fz_wm.l(fpinit.o)
    0x080083fc   0x080083fc   0x0000000a   Code   RO         4788    x$fpl$fretinf       fz_wm.l(fretinf.o)
    0x08008406   0x08008406   0x00000004   Code   RO         4738    x$fpl$printf1       fz_wm.l(printf1.o)
    0x0800840a   0x0800840a   0x00000000   Code   RO         4790    x$fpl$usenofp       fz_wm.l(usenofp.o)
    0x0800840a   0x0800840a   0x00000008   Data   RO         1463    .constdata          stm32f4xx_hal_dma.o
    0x08008412   0x08008412   0x00000010   Data   RO         4124    .constdata          system_stm32f4xx.o
    0x08008422   0x08008422   0x00000008   Data   RO         4125    .constdata          system_stm32f4xx.o
    0x0800842a   0x0800842a   0x00002f80   Data   RO         4323    .constdata          atk_md0350.o
    0x0800b3aa   0x0800b3aa   0x00000002   PAD
    0x0800b3ac   0x0800b3ac   0x00000020   Data   RO         4808    .constdata          m_wm.l(rredf.o)
    0x0800b3cc   0x0800b3cc   0x00000094   Data   RO         4844    .constdata          c_w.l(bigflt0.o)
    0x0800b460   0x0800b460   0x00000800   Data   RO         4556    .rodata.armBitRevTable  arm_cortexM4lf_math.lib(arm_common_tables.o)
    0x0800bc60   0x0800bc60   0x00008000   Data   RO         4574    .rodata.twiddleCoef_4096  arm_cortexM4lf_math.lib(arm_common_tables.o)
    0x08013c60   0x08013c60   0x00000020   Data   RO         5020    Region$$Table       anon$$obj.o
    0x08013c80   0x08013c80   0x0000001c   Data   RO         4868    locale$$data        c_w.l(lc_numeric_c.o)


    Execution Region RW_IRAM1 (Exec base: 0x20000000, Load base: 0x08013c9c, Size: 0x00012b48, Max: 0x0001c000, ABSOLUTE, COMPRESSED[0x00000080])

    Exec Addr    Load Addr    Size         Type   Attr      Idx    E Section Name        Object

    0x20000000   COMPRESSED   0x000000d0   Data   RW           27    .data               main.o
    0x200000d0   COMPRESSED   0x00000008   Data   RW          433    .data               fsmc.o
    0x200000d8   COMPRESSED   0x0000000c   Data   RW         1908    .data               stm32f4xx_hal.o
    0x200000e4   COMPRESSED   0x00000004   Data   RW         4126    .data               system_stm32f4xx.o
    0x200000e8   COMPRESSED   0x00000040   Data   RW         4228    .data               bsp_dwt.o
    0x20000128   COMPRESSED   0x00000008   Data   RW         4324    .data               atk_md0350.o
    0x20000130        -       0x000000a8   Zero   RW          323    .bss                adc.o
    0x200001d8        -       0x000000d4   Zero   RW          365    .bss                dac.o
    0x200002ac        -       0x00000050   Zero   RW          432    .bss                fsmc.o
    0x200002fc        -       0x00000054   Zero   RW          479    .bss                i2c.o
    0x20000350        -       0x00000120   Zero   RW          525    .bss                tim.o
    0x20000470        -       0x00012014   Zero   RW         4164    .bss                fft.o
    0x20012484        -       0x00000014   Zero   RW         4165    .bss                fft.o
    0x20012498        -       0x00000050   Zero   RW         4483    .bss                atk_md0350_fsmc.o
    0x200124e8        -       0x00000060   Zero   RW         4876    .bss                c_w.l(libspace.o)
    0x20012548        -       0x00000200   Zero   RW            2    HEAP                startup_stm32f407xx.o
    0x20012748        -       0x00000400   Zero   RW            1    STACK               startup_stm32f407xx.o


    Execution Region RW_IRAM2 (Exec base: 0x2001c000, Load base: 0x08013d1c, Size: 0x00000000, Max: 0x00004000, ABSOLUTE)

    **** No section assigned to this execution region ****


==============================================================================

Image component sizes


      Code (inc. data)   RO Data    RW Data    ZI Data      Debug   Object Name

       248         28          0          0        168       1875   adc.o
     10188         74      12160          8          0      57944   atk_md0350.o
       844         30          0          0         80       2127   atk_md0350_fsmc.o
       232         46          0         64          0       3886   bsp_dwt.o
       316         28          0          0        212       1967   dac.o
        92          4          0          0          0        874   dma.o
       552         46          0          0      73768       4702   fft.o
       284         34          0          8         80       2351   fsmc.o
       212         20          0          0          0       1095   gpio.o
       168         28          0          0         84       1769   i2c.o
      1646        150          0        208          0     749383   main.o
        64         26        392          0       1536        868   startup_stm32f407xx.o
       180         28          0         12          0       9593   stm32f4xx_hal.o
      1200         66          0          0          0       7693   stm32f4xx_hal_adc.o
       198         14          0          0          0      33951   stm32f4xx_hal_cortex.o
       504         24          0          0          0       8272   stm32f4xx_hal_dac.o
        58          0          0          0          0       4692   stm32f4xx_hal_dac_ex.o
       902         16          8          0          0       5963   stm32f4xx_hal_dma.o
       516         46          0          0          0       2947   stm32f4xx_hal_gpio.o
       392         16          0          0          0       3271   stm32f4xx_hal_i2c.o
        48          6          0          0          0        906   stm32f4xx_hal_msp.o
      1312         60          0          0          0       4757   stm32f4xx_hal_rcc.o
        92          0          0          0          0       1276   stm32f4xx_hal_sram.o
      1662        140          0          0          0      14189   stm32f4xx_hal_tim.o
       228         28          0          0          0       2264   stm32f4xx_hal_tim_ex.o
        68         24          0          0          0       6370   stm32f4xx_it.o
       232         14          0          0          0       4039   stm32f4xx_ll_fsmc.o
        16          4         24          4          0       1199   system_stm32f4xx.o
       704         58          0          0        288       4775   tim.o

    ----------------------------------------------------------------------
     23184       1058      12618        304      76216     944998   Object Totals
         0          0         32          0          0          0   (incl. Generated)
        26          0          2          0          0          0   (incl. Padding)

    ----------------------------------------------------------------------

      Code (inc. data)   RO Data    RW Data    ZI Data      Debug   Library Member Name

       190          0          0          0          0       2756   arm_bitreversal.o
      1812          0          0          0          0       9774   arm_cfft_radix4_f32.o
       148         20          0          0          0       1573   arm_cfft_radix4_init_f32.o
       340          0          0          0          0       2270   arm_cmplx_mag_f32.o
         0          0      34816          0          0       6294   arm_common_tables.o
        58          0          0          0          0          0   __dczerorl.o
         8          0          0          0          0         68   __main.o
       284          0          0          0          0        156   __printf_wp.o
         0          0          0          0          0          0   __rtentry.o
        12          0          0          0          0          0   __rtentry2.o
         6          0          0          0          0          0   __rtentry4.o
        52          8          0          0          0          0   __scatter.o
        28          0          0          0          0          0   __scatter_zi.o
        48          6          0          0          0         96   _printf_char_common.o
         6          0          0          0          0          0   _printf_d.o
       120         16          0          0          0         92   _printf_dec.o
         6          0          0          0          0          0   _printf_f.o
      1054          0          0          0          0        216   _printf_fp_dec.o
       128         16          0          0          0         84   _printf_fp_infnan.o
       178          0          0          0          0         88   _printf_intcommon.o
         0          0          0          0          0          0   _printf_percent.o
         4          0          0          0          0          0   _printf_percent_end.o
        22          0          0          0          0        100   _rserrno.o
        16          0          0          0          0         68   _snputc.o
        10          0          0          0          0         68   _sputc.o
       228          4        148          0          0         96   bigflt0.o
      1936        128          0          0          0        672   btod.o
        18          0          0          0          0         80   exit.o
         6          0          0          0          0        152   heapauxi.o
         0          0          0          0          0          0   indicate_semi.o
        44         10         28          0          0         76   lc_numeric_c.o
         2          0          0          0          0          0   libinit.o
        22          0          0          0          0          0   libinit2.o
         2          0          0          0          0          0   libshutdown.o
         2          0          0          0          0          0   libshutdown2.o
         8          4          0          0         96         68   libspace.o
       138          0          0          0          0         80   lludiv10.o
       238          0          0          0          0        100   lludivv7m.o
        52          4          0          0          0         84   noretval__2snprintf.o
         8          4          0          0          0         68   rt_errno_addr_intlibspace.o
         8          4          0          0          0         68   rt_locale_intlibspace.o
        78          0          0          0          0         80   rt_memclr_w.o
       100          0          0          0          0         80   rt_memcpy_w.o
         2          0          0          0          0          0   rtexit.o
        10          0          0          0          0          0   rtexit2.o
       128          0          0          0          0         68   strcmpv7m.o
        12          4          0          0          0         68   sys_exit.o
        74          0          0          0          0         80   sys_stackheap_outer.o
         2          0          0          0          0         68   use_no_semi.o
        98          4          0          0          0        140   d2f.o
       688        140          0          0          0        256   ddiv.o
        90          4          0          0          0        140   dfixu.o
       340         12          0          0          0        152   dmul.o
       156          4          0          0          0        140   dnaninf.o
        12          0          0          0          0        116   dretinf.o
        86          4          0          0          0        132   f2d.o
       140          4          0          0          0        132   fnaninf.o
        10          0          0          0          0        116   fpinit.o
        10          0          0          0          0        116   fretinf.o
         4          0          0          0          0        116   printf1.o
         0          0          0          0          0          0   usenofp.o
        48          0          0          0          0        124   fpclassify.o
        38          0          0          0          0        116   fpclassifyf.o
        38         12          0          0          0        348   funder.o
       340         24         32          0          0        160   rredf.o
       400         56          0          0          0        212   sinf.o
        58          0          0          0          0        136   sqrtf.o

    ----------------------------------------------------------------------
     10226        492      35024          0         96      28343   Library Totals
        22          0          0          0          0          0   (incl. Padding)

    ----------------------------------------------------------------------

      Code (inc. data)   RO Data    RW Data    ZI Data      Debug   Library Name

      2490         20      34816          0          0      22667   arm_cortexM4lf_math.lib
      5158        208        176          0         96       3024   c_w.l
      1634        172          0          0          0       1556   fz_wm.l
       922         92         32          0          0       1096   m_wm.l

    ----------------------------------------------------------------------
     10226        492      35024          0         96      28343   Library Totals

    ----------------------------------------------------------------------

==============================================================================


      Code (inc. data)   RO Data    RW Data    ZI Data      Debug   

     33410       1550      47642        304      76312     956829   Grand Totals
     33410       1550      47642        128      76312     956829   ELF Image Totals (compressed)
     33410       1550      47642        128          0          0   ROM Totals

==============================================================================

    Total RO  Size (Code + RO Data)                81052 (  79.15kB)
    Total RW  Size (RW Data + ZI Data)             76616 (  74.82kB)
    Total ROM Size (Code + RO Data + RW Data)      81180 (  79.28kB)

==============================================================================

