Component: ARM Compiler 5.06 update 7 (build 960) Tool: armlink [4d3601]

==============================================================================

Section Cross References

    startup_stm32f407xx.o(STACK) refers (Special) to heapauxi.o(.text) for __use_two_region_memory
    startup_stm32f407xx.o(HEAP) refers (Special) to heapauxi.o(.text) for __use_two_region_memory
    startup_stm32f407xx.o(RESET) refers (Special) to heapauxi.o(.text) for __use_two_region_memory
    startup_stm32f407xx.o(RESET) refers to startup_stm32f407xx.o(STACK) for __initial_sp
    startup_stm32f407xx.o(RESET) refers to startup_stm32f407xx.o(.text) for Reset_Handler
    startup_stm32f407xx.o(RESET) refers to stm32f4xx_it.o(i.NMI_Handler) for NMI_Handler
    startup_stm32f407xx.o(RESET) refers to stm32f4xx_it.o(i.HardFault_Handler) for HardFault_Handler
    startup_stm32f407xx.o(RESET) refers to stm32f4xx_it.o(i.MemManage_Handler) for MemManage_Handler
    startup_stm32f407xx.o(RESET) refers to stm32f4xx_it.o(i.BusFault_Handler) for BusFault_Handler
    startup_stm32f407xx.o(RESET) refers to stm32f4xx_it.o(i.UsageFault_Handler) for UsageFault_Handler
    startup_stm32f407xx.o(RESET) refers to stm32f4xx_it.o(i.SVC_Handler) for SVC_Handler
    startup_stm32f407xx.o(RESET) refers to stm32f4xx_it.o(i.DebugMon_Handler) for DebugMon_Handler
    startup_stm32f407xx.o(RESET) refers to stm32f4xx_it.o(i.PendSV_Handler) for PendSV_Handler
    startup_stm32f407xx.o(RESET) refers to stm32f4xx_it.o(i.SysTick_Handler) for SysTick_Handler
    startup_stm32f407xx.o(RESET) refers to stm32f4xx_it.o(i.DMA1_Stream5_IRQHandler) for DMA1_Stream5_IRQHandler
    startup_stm32f407xx.o(RESET) refers to stm32f4xx_it.o(i.TIM6_DAC_IRQHandler) for TIM6_DAC_IRQHandler
    startup_stm32f407xx.o(RESET) refers to stm32f4xx_it.o(i.DMA2_Stream0_IRQHandler) for DMA2_Stream0_IRQHandler
    startup_stm32f407xx.o(.text) refers (Special) to heapauxi.o(.text) for __use_two_region_memory
    startup_stm32f407xx.o(.text) refers to system_stm32f4xx.o(i.SystemInit) for SystemInit
    startup_stm32f407xx.o(.text) refers to __main.o(!!!main) for __main
    startup_stm32f407xx.o(.text) refers to startup_stm32f407xx.o(HEAP) for Heap_Mem
    startup_stm32f407xx.o(.text) refers to startup_stm32f407xx.o(STACK) for Stack_Mem
    main.o(i.DrawDynamicGraph) refers to atk_md0350.o(i.atk_md0350_fill) for atk_md0350_fill
    main.o(i.DrawDynamicGraph) refers to atk_md0350.o(i.atk_md0350_draw_line) for atk_md0350_draw_line
    main.o(i.DrawDynamicGraph) refers to main.o(.data) for .data
    main.o(i.DrawDynamicGraph_float) refers to atk_md0350.o(i.atk_md0350_fill) for atk_md0350_fill
    main.o(i.DrawDynamicGraph_float) refers to atk_md0350.o(i.atk_md0350_draw_line) for atk_md0350_draw_line
    main.o(i.DrawDynamicGraph_float) refers to main.o(.data) for .data
    main.o(i.Restart_ADC_DMA) refers to stm32f4xx_hal_adc.o(i.HAL_ADC_Start_DMA) for HAL_ADC_Start_DMA
    main.o(i.Restart_ADC_DMA) refers to main.o(.data) for .data
    main.o(i.Restart_ADC_DMA) refers to adc.o(.bss) for hdma_adc1
    main.o(i.Restart_ADC_DMA) refers to fft.o(.bss) for ADC_1_Value_DMA
    main.o(i.SystemClock_Config) refers to rt_memclr_w.o(.text) for __aeabi_memclr4
    main.o(i.SystemClock_Config) refers to stm32f4xx_hal_rcc.o(i.HAL_RCC_OscConfig) for HAL_RCC_OscConfig
    main.o(i.SystemClock_Config) refers to stm32f4xx_hal_rcc.o(i.HAL_RCC_ClockConfig) for HAL_RCC_ClockConfig
    main.o(i.Task1_Start) refers to fft.o(i.capture_and_FFT) for capture_and_FFT
    main.o(i.Task1_Start) refers to rt_memcpy_w.o(.text) for __aeabi_memcpy4
    main.o(i.Task1_Start) refers to main.o(i.DrawDynamicGraph) for DrawDynamicGraph
    main.o(i.Task1_Start) refers to main.o(i.Restart_ADC_DMA) for Restart_ADC_DMA
    main.o(i.Task1_Start) refers to fft.o(.bss) for ADC_1_Value_DMA
    main.o(i.Task1_Start) refers to fft.o(.bss) for signal_info_real
    main.o(i.Task1_Start) refers to main.o(.data) for .data
    main.o(i.main) refers to _printf_percent.o(.ARM.Collect$$_printf_percent$$00000000) for _printf_percent
    main.o(i.main) refers to _printf_d.o(.ARM.Collect$$_printf_percent$$00000009) for _printf_d
    main.o(i.main) refers to _printf_dec.o(.text) for _printf_int_dec
    main.o(i.main) refers to stm32f4xx_hal.o(i.HAL_Init) for HAL_Init
    main.o(i.main) refers to main.o(i.SystemClock_Config) for SystemClock_Config
    main.o(i.main) refers to gpio.o(i.MX_GPIO_Init) for MX_GPIO_Init
    main.o(i.main) refers to dma.o(i.MX_DMA_Init) for MX_DMA_Init
    main.o(i.main) refers to adc.o(i.MX_ADC1_Init) for MX_ADC1_Init
    main.o(i.main) refers to i2c.o(i.MX_I2C2_Init) for MX_I2C2_Init
    main.o(i.main) refers to tim.o(i.MX_TIM1_Init) for MX_TIM1_Init
    main.o(i.main) refers to tim.o(i.MX_TIM3_Init) for MX_TIM3_Init
    main.o(i.main) refers to dac.o(i.MX_DAC_Init) for MX_DAC_Init
    main.o(i.main) refers to tim.o(i.MX_TIM8_Init) for MX_TIM8_Init
    main.o(i.main) refers to fsmc.o(i.MX_FSMC_Init) for MX_FSMC_Init
[...]
    .ARM.Collect$$libshutdown$$00000002      0x08000210   Section        0  libshutdown2.o(.ARM.Collect$$libshutdown$$00000002)
    .ARM.Collect$$libshutdown$$00000004      0x08000210   Section        0  libshutdown2.o(.ARM.Collect$$libshutdown$$00000004)
    .ARM.Collect$$libshutdown$$00000006      0x08000210   Section        0  libshutdown2.o(.ARM.Collect$$libshutdown$$00000006)
    .ARM.Collect$$libshutdown$$00000009      0x08000210   Section        0  libshutdown2.o(.ARM.Collect$$libshutdown$$00000009)
    .ARM.Collect$$libshutdown$$0000000C      0x08000210   Section        0  libshutdown2.o(.ARM.Collect$$libshutdown$$0000000C)
    .ARM.Collect$$libshutdown$$0000000E      0x08000210   Section        0  libshutdown2.o(.ARM.Collect$$libshutdown$$0000000E)
    .ARM.Collect$$libshutdown$$00000011      0x08000210   Section        0  libshutdown2.o(.ARM.Collect$$libshutdown$$00000011)
    .ARM.Collect$$libshutdown$$00000012      0x08000210   Section        2  libshutdown2.o(.ARM.Collect$$libshutdown$$00000012)
    .ARM.Collect$$rtentry$$00000000          0x08000212   Section        0  __rtentry.o(.ARM.Collect$$rtentry$$00000000)
    .ARM.Collect$$rtentry$$00000002          0x08000212   Section        0  __rtentry2.o(.ARM.Collect$$rtentry$$00000002)
    .ARM.Collect$$rtentry$$00000004          0x08000212   Section        6  __rtentry4.o(.ARM.Collect$$rtentry$$00000004)
    .ARM.Collect$$rtentry$$00000009          0x08000218   Section        0  __rtentry2.o(.ARM.Collect$$rtentry$$00000009)
    .ARM.Collect$$rtentry$$0000000A          0x08000218   Section        4  __rtentry2.o(.ARM.Collect$$rtentry$$0000000A)
    .ARM.Collect$$rtentry$$0000000C          0x0800021c   Section        0  __rtentry2.o(.ARM.Collect$$rtentry$$0000000C)
    .ARM.Collect$$rtentry$$0000000D          0x0800021c   Section        8  __rtentry2.o(.ARM.Collect$$rtentry$$0000000D)
    .ARM.Collect$$rtexit$$00000000           0x08000224   Section        2  rtexit.o(.ARM.Collect$$rtexit$$00000000)
    .ARM.Collect$$rtexit$$00000002           0x08000226   Section        0  rtexit2.o(.ARM.Collect$$rtexit$$00000002)
    .ARM.Collect$$rtexit$$00000003           0x08000226   Section        4  rtexit2.o(.ARM.Collect$$rtexit$$00000003)
    .ARM.Collect$$rtexit$$00000004           0x0800022a   Section        6  rtexit2.o(.ARM.Collect$$rtexit$$00000004)
    .text                                    0x08000230   Section       64  startup_stm32f407xx.o(.text)
    $v0                                      0x08000230   Number         0  startup_stm32f407xx.o(.text)
    .text                                    0x08000270   Section      238  lludivv7m.o(.text)
    .text                                    0x08000360   Section        0  noretval__2snprintf.o(.text)
    .text                                    0x08000394   Section        0  __printf.o(.text)
    .text                                    0x080003fc   Section        0  _printf_dec.o(.text)
    .text                                    0x08000474   Section      100  rt_memcpy_w.o(.text)
    .text                                    0x080004d8   Section       78  rt_memclr_w.o(.text)
    .text                                    0x08000526   Section        0  heapauxi.o(.text)
    .text                                    0x0800052c   Section        0  _rserrno.o(.text)
    .text                                    0x08000542   Section        0  _printf_intcommon.o(.text)
    .text                                    0x080005f4   Section        0  _printf_char_common.o(.text)
    _printf_input_char                       0x080005f5   Thumb Code    10  _printf_char_common.o(.text)
    .text                                    0x08000624   Section        0  _sputc.o(.text)
    .text                                    0x0800062e   Section        0  _snputc.o(.text)
    .text                                    0x08000640   Section        8  rt_errno_addr_intlibspace.o(.text)
    .text                                    0x08000648   Section        8  libspace.o(.text)
    .text                                    0x08000650   Section       74  sys_stackheap_outer.o(.text)
    .text                                    0x0800069a   Section        0  exit.o(.text)
    .text                                    0x080006ac   Section        0  sys_exit.o(.text)
    .text                                    0x080006b8   Section        2  use_no_semi.o(.text)
    .text                                    0x080006ba   Section        0  indicate_semi.o(.text)
    [Anonymous Symbol]                       0x080006bc   Section        0  arm_bitreversal.o(.text.arm_bitreversal_f32)
    [Anonymous Symbol]                       0x0800077a   Section        0  arm_cfft_radix4_f32.o(.text.arm_cfft_radix4_f32)
    [Anonymous Symbol]                       0x080007bc   Section        0  arm_cfft_radix4_init_f32.o(.text.arm_cfft_radix4_init_f32)
    [Anonymous Symbol]                       0x08000850   Section        0  arm_cmplx_mag_f32.o(.text.arm_cmplx_mag_f32)
    [Anonymous Symbol]                       0x080009a4   Section        0  arm_cfft_radix4_f32.o(.text.arm_radix4_butterfly_f32)
    [Anonymous Symbol]                       0x08000d00   Section        0  arm_cfft_radix4_f32.o(.text.arm_radix4_butterfly_inverse_f32)
    i.ADC_DMAConvCplt                        0x0800107a   Section        0  stm32f4xx_hal_adc.o(i.ADC_DMAConvCplt)
    ADC_DMAConvCplt                          0x0800107b   Thumb Code   110  stm32f4xx_hal_adc.o(i.ADC_DMAConvCplt)
    i.ADC_DMAError                           0x080010e8   Section        0  stm32f4xx_hal_adc.o(i.ADC_DMAError)
    ADC_DMAError                             0x080010e9   Thumb Code    22  stm32f4xx_hal_adc.o(i.ADC_DMAError)
    i.ADC_DMAHalfConvCplt                    0x080010fe   Section        0  stm32f4xx_hal_adc.o(i.ADC_DMAHalfConvCplt)
    ADC_DMAHalfConvCplt                      0x080010ff   Thumb Code    10  stm32f4xx_hal_adc.o(i.ADC_DMAHalfConvCplt)
    i.ADC_Init                               0x08001108   Section        0  stm32f4xx_hal_adc.o(i.ADC_Init)
    ADC_Init                                 0x08001109   Thumb Code   284  stm32f4xx_hal_adc.o(i.ADC_Init)
    i.BusFault_Handler                       0x08001230   Section        0  stm32f4xx_it.o(i.BusFault_Handler)
    i.DMA1_Stream5_IRQHandler                0x08001234   Section        0  stm32f4xx_it.o(i.DMA1_Stream5_IRQHandler)
    i.DMA2_Stream0_IRQHandler                0x08001240   Section        0  stm32f4xx_it.o(i.DMA2_Stream0_IRQHandler)
    i.DMA_CalcBaseAndBitshift                0x0800124c   Section        0  stm32f4xx_hal_dma.o(i.DMA_CalcBaseAndBitshift)
    DMA_CalcBaseAndBitshift                  0x0800124d   Thumb Code    34  stm32f4xx_hal_dma.o(i.DMA_CalcBaseAndBitshift)
    i.DMA_CheckFifoParam                     0x08001274   Section        0  stm32f4xx_hal_dma.o(i.DMA_CheckFifoParam)
    DMA_CheckFifoParam                       0x08001275   Thumb Code    84  stm32f4xx_hal_dma.o(i.DMA_CheckFifoParam)
    i.DMA_SetConfig                          0x080012c8   Section        0  stm32f4xx_hal_dma.o(i.DMA_SetConfig)
    DMA_SetConfig                            0x080012c9   Thumb Code    40  stm32f4xx_hal_dma.o(i.DMA_SetConfig)
    i.DebugMon_Handler                       0x080012f0   Section        0  stm32f4xx_it.o(i.DebugMon_Handler)
    i.DrawDynamicGraph                       0x080012f4   Section        0  main.o(i.DrawDynamicGraph)
    i.DrawDynamicGraph_float                 0x08001370   Section        0  main.o(i.DrawDynamicGraph_float)
    i.Error_Handler                          0x08001440   Section        0  main.o(i.Error_Handler)
    i.FFT_INIT                               0x08001444   Section        0  fft.o(i.FFT_INIT)
    i.FSMC_NORSRAM_Extended_Timing_Init      0x08001478   Section        0  stm32f4xx_ll_fsmc.o(i.FSMC_NORSRAM_Extended_Timing_Init)
    i.FSMC_NORSRAM_Init                      0x080014b4   Section        0  stm32f4xx_ll_fsmc.o(i.FSMC_NORSRAM_Init)
    i.FSMC_NORSRAM_Timing_Init               0x0800151c   Section        0  stm32f4xx_ll_fsmc.o(i.FSMC_NORSRAM_Timing_Init)
    i.HAL_ADC_ConfigChannel                  0x08001560   Section        0  stm32f4xx_hal_adc.o(i.HAL_ADC_ConfigChannel)
    i.HAL_ADC_ConvCpltCallback               0x080016ac   Section        0  stm32f4xx_hal_adc.o(i.HAL_ADC_ConvCpltCallback)
    i.HAL_ADC_ConvHalfCpltCallback           0x080016ae   Section        0  stm32f4xx_hal_adc.o(i.HAL_ADC_ConvHalfCpltCallback)
    i.HAL_ADC_ErrorCallback                  0x080016b0   Section        0  stm32f4xx_hal_adc.o(i.HAL_ADC_ErrorCallback)
    i.HAL_ADC_Init                           0x080016b2   Section        0  stm32f4xx_hal_adc.o(i.HAL_ADC_Init)
    i.HAL_ADC_MspInit                        0x08001708   Section        0  adc.o(i.HAL_ADC_MspInit)
    i.HAL_ADC_Start_DMA                      0x080017a0   Section        0  stm32f4xx_hal_adc.o(i.HAL_ADC_Start_DMA)
    i.HAL_DACEx_DMAUnderrunCallbackCh2       0x080018f4   Section        0  stm32f4xx_hal_dac_ex.o(i.HAL_DACEx_DMAUnderrunCallbackCh2)
    i.HAL_DAC_ConfigChannel                  0x080018f6   Section        0  stm32f4xx_hal_dac.o(i.HAL_DAC_ConfigChannel)
    i.HAL_DAC_DMAUnderrunCallbackCh1         0x08001944   Section        0  stm32f4xx_hal_dac.o(i.HAL_DAC_DMAUnderrunCallbackCh1)
    i.HAL_DAC_IRQHandler                     0x08001946   Section        0  stm32f4xx_hal_dac.o(i.HAL_DAC_IRQHandler)
    i.HAL_DAC_Init                           0x080019ae   Section        0  stm32f4xx_hal_dac.o(i.HAL_DAC_Init)
    i.HAL_DAC_MspInit                        0x080019d8   Section        0  dac.o(i.HAL_DAC_MspInit)
    i.HAL_DMA_IRQHandler                     0x08001a88   Section        0  stm32f4xx_hal_dma.o(i.HAL_DMA_IRQHandler)
    i.HAL_DMA_Init                           0x08001c28   Section        0  stm32f4xx_hal_dma.o(i.HAL_DMA_Init)
    i.HAL_DMA_Start_IT                       0x08001cfc   Section        0  stm32f4xx_hal_dma.o(i.HAL_DMA_Start_IT)
    i.HAL_Delay                              0x08001d6c   Section        0  stm32f4xx_hal.o(i.HAL_Delay)
    i.HAL_FSMC_MspInit                       0x08001d90   Section        0  fsmc.o(i.HAL_FSMC_MspInit)
    HAL_FSMC_MspInit                         0x08001d91   Thumb Code   144  fsmc.o(i.HAL_FSMC_MspInit)
    i.HAL_GPIO_Init                          0x08001e38   Section        0  stm32f4xx_hal_gpio.o(i.HAL_GPIO_Init)
    i.HAL_GPIO_WritePin                      0x08002028   Section        0  stm32f4xx_hal_gpio.o(i.HAL_GPIO_WritePin)
    i.HAL_GetTick                            0x08002034   Section        0  stm32f4xx_hal.o(i.HAL_GetTick)
    i.HAL_I2C_Init                           0x08002040   Section        0  stm32f4xx_hal_i2c.o(i.HAL_I2C_Init)
    i.HAL_I2C_MspInit                        0x080021c8   Section        0  i2c.o(i.HAL_I2C_MspInit)
    i.HAL_IncTick                            0x08002230   Section        0  stm32f4xx_hal.o(i.HAL_IncTick)
    i.HAL_Init                               0x08002240   Section        0  stm32f4xx_hal.o(i.HAL_Init)
    i.HAL_InitTick                           0x08002274   Section        0  stm32f4xx_hal.o(i.HAL_InitTick)
    i.HAL_MspInit                            0x080022b4   Section        0  stm32f4xx_hal_msp.o(i.HAL_MspInit)
    i.HAL_NVIC_EnableIRQ                     0x080022e4   Section        0  stm32f4xx_hal_cortex.o(i.HAL_NVIC_EnableIRQ)
    i.HAL_NVIC_SetPriority                   0x08002300   Section        0  stm32f4xx_hal_cortex.o(i.HAL_NVIC_SetPriority)
    i.HAL_NVIC_SetPriorityGrouping           0x08002340   Section        0  stm32f4xx_hal_cortex.o(i.HAL_NVIC_SetPriorityGrouping)
    i.HAL_RCC_ClockConfig                    0x08002364   Section        0  stm32f4xx_hal_rcc.o(i.HAL_RCC_ClockConfig)
    i.HAL_RCC_GetPCLK1Freq                   0x08002498   Section        0  stm32f4xx_hal_rcc.o(i.HAL_RCC_GetPCLK1Freq)
    i.HAL_RCC_GetSysClockFreq                0x080024b8   Section        0  stm32f4xx_hal_rcc.o(i.HAL_RCC_GetSysClockFreq)
    i.HAL_RCC_OscConfig                      0x08002518   Section        0  stm32f4xx_hal_rcc.o(i.HAL_RCC_OscConfig)
    i.HAL_SRAM_Init                          0x08002884   Section        0  stm32f4xx_hal_sram.o(i.HAL_SRAM_Init)
    i.HAL_SRAM_MspInit                       0x080028e0   Section        0  fsmc.o(i.HAL_SRAM_MspInit)
    i.HAL_SYSTICK_Config                     0x080028e4   Section        0  stm32f4xx_hal_cortex.o(i.HAL_SYSTICK_Config)
    i.HAL_TIMEx_ConfigBreakDeadTime          0x0800290c   Section        0  stm32f4xx_hal_tim_ex.o(i.HAL_TIMEx_ConfigBreakDeadTime)
    i.HAL_TIMEx_MasterConfigSynchronization  0x08002960   Section        0  stm32f4xx_hal_tim_ex.o(i.HAL_TIMEx_MasterConfigSynchronization)
    i.HAL_TIM_Base_Init                      0x080029f0   Section        0  stm32f4xx_hal_tim.o(i.HAL_TIM_Base_Init)
    i.HAL_TIM_Base_MspInit                   0x08002a4c   Section        0  tim.o(i.HAL_TIM_Base_MspInit)
    i.HAL_TIM_Base_Start                     0x08002aa0   Section        0  stm32f4xx_hal_tim.o(i.HAL_TIM_Base_Start)
    i.HAL_TIM_ConfigClockSource              0x08002b18   Section        0  stm32f4xx_hal_tim.o(i.HAL_TIM_ConfigClockSource)
    i.HAL_TIM_MspPostInit                    0x08002bf4   Section        0  tim.o(i.HAL_TIM_MspPostInit)
    i.HAL_TIM_PWM_ConfigChannel              0x08002c48   Section        0  stm32f4xx_hal_tim.o(i.HAL_TIM_PWM_ConfigChannel)
    i.HAL_TIM_PWM_Init                       0x08002d14   Section        0  stm32f4xx_hal_tim.o(i.HAL_TIM_PWM_Init)
    i.HAL_TIM_PWM_MspInit                    0x08002d6e   Section        0  stm32f4xx_hal_tim.o(i.HAL_TIM_PWM_MspInit)
    i.HAL_TIM_PWM_Start                      0x08002d70   Section        0  stm32f4xx_hal_tim.o(i.HAL_TIM_PWM_Start)
    i.HardFault_Handler                      0x08002e38   Section        0  stm32f4xx_it.o(i.HardFault_Handler)
    i.MX_ADC1_Init                           0x08002e3c   Section        0  adc.o(i.MX_ADC1_Init)
    i.MX_DAC_Init                            0x08002ea0   Section        0  dac.o(i.MX_DAC_Init)
    i.MX_DMA_Init                            0x08002edc   Section        0  dma.o(i.MX_DMA_Init)
    i.MX_FSMC_Init                           0x08002f28   Section        0  fsmc.o(i.MX_FSMC_Init)
    i.MX_GPIO_Init                           0x08002f98   Section        0  gpio.o(i.MX_GPIO_Init)
    i.MX_I2C2_Init                           0x08003070   Section        0  i2c.o(i.MX_I2C2_Init)
    i.MX_TIM1_Init                           0x080030b0   Section        0  tim.o(i.MX_TIM1_Init)
    i.MX_TIM3_Init                           0x0800317c   Section        0  tim.o(i.MX_TIM3_Init)
    i.MX_TIM8_Init                           0x080031e4   Section        0  tim.o(i.MX_TIM8_Init)
    i.MemManage_Handler                      0x0800324c   Section        0  stm32f4xx_it.o(i.MemManage_Handler)
    i.NMI_Handler                            0x0800324e   Section        0  stm32f4xx_it.o(i.NMI_Handler)
    i.PendSV_Handler                         0x08003250   Section        0  stm32f4xx_it.o(i.PendSV_Handler)
    i.SVC_Handler                            0x08003252   Section        0  stm32f4xx_it.o(i.SVC_Handler)
    i.SysTick_Handler                        0x08003254   Section        0  stm32f4xx_it.o(i.SysTick_Handler)
    i.SystemClock_Config                     0x08003258   Section        0  main.o(i.SystemClock_Config)
    i.SystemInit                             0x080032ec   Section        0  system_stm32f4xx.o(i.SystemInit)
    i.TIM6_DAC_IRQHandler                    0x080032fc   Section        0  stm32f4xx_it.o(i.TIM6_DAC_IRQHandler)
    i.TIM_Base_SetConfig                     0x08003308   Section        0  stm32f4xx_hal_tim.o(i.TIM_Base_SetConfig)
    i.TIM_CCxChannelCmd                      0x080033e0   Section        0  stm32f4xx_hal_tim.o(i.TIM_CCxChannelCmd)
    i.TIM_ETR_SetConfig                      0x080033fa   Section        0  stm32f4xx_hal_tim.o(i.TIM_ETR_SetConfig)
    i.TIM_ITRx_SetConfig                     0x0800340e   Section        0  stm32f4xx_hal_tim.o(i.TIM_ITRx_SetConfig)
    TIM_ITRx_SetConfig                       0x0800340f   Thumb Code    16  stm32f4xx_hal_tim.o(i.TIM_ITRx_SetConfig)
    i.TIM_OC1_SetConfig                      0x08003420   Section        0  stm32f4xx_hal_tim.o(i.TIM_OC1_SetConfig)
    TIM_OC1_SetConfig                        0x08003421   Thumb Code    88  stm32f4xx_hal_tim.o(i.TIM_OC1_SetConfig)
    i.TIM_OC2_SetConfig                      0x08003480   Section        0  stm32f4xx_hal_tim.o(i.TIM_OC2_SetConfig)
    i.TIM_OC3_SetConfig                      0x080034ec   Section        0  stm32f4xx_hal_tim.o(i.TIM_OC3_SetConfig)
    TIM_OC3_SetConfig                        0x080034ed   Thumb Code    96  stm32f4xx_hal_tim.o(i.TIM_OC3_SetConfig)
    i.TIM_OC4_SetConfig                      0x08003554   Section        0  stm32f4xx_hal_tim.o(i.TIM_OC4_SetConfig)
    TIM_OC4_SetConfig                        0x08003555   Thumb Code    70  stm32f4xx_hal_tim.o(i.TIM_OC4_SetConfig)
    i.TIM_TI1_ConfigInputStage               0x080035a4   Section        0  stm32f4xx_hal_tim.o(i.TIM_TI1_ConfigInputStage)
    TIM_TI1_ConfigInputStage                 0x080035a5   Thumb Code    34  stm32f4xx_hal_tim.o(i.TIM_TI1_ConfigInputStage)
    i.TIM_TI2_ConfigInputStage               0x080035c6   Section        0  stm32f4xx_hal_tim.o(i.TIM_TI2_ConfigInputStage)
    TIM_TI2_ConfigInputStage                 0x080035c7   Thumb Code    36  stm32f4xx_hal_tim.o(i.TIM_TI2_ConfigInputStage)
    i.UsageFault_Handler                     0x080035ea   Section        0  stm32f4xx_it.o(i.UsageFault_Handler)
    i.__NVIC_SetPriority                     0x080035ec   Section        0  stm32f4xx_hal_cortex.o(i.__NVIC_SetPriority)
    __NVIC_SetPriority                       0x080035ed   Thumb Code    32  stm32f4xx_hal_cortex.o(i.__NVIC_SetPriority)
    i.__hardfp_sqrtf                         0x0800360c   Section        0  sqrtf.o(i.__hardfp_sqrtf)
    i.analyze_fft                            0x08003648   Section        0  fft.o(i.analyze_fft)
    i.atk_md0350_backlight_on                0x08003740   Section        0  atk_md0350.o(i.atk_md0350_backlight_on)
    i.atk_md0350_clear                       0x08003750   Section        0  atk_md0350.o(i.atk_md0350_clear)
    i.atk_md0350_display_on                  0x08003766   Section        0  atk_md0350.o(i.atk_md0350_display_on)
    i.atk_md0350_draw_line                   0x0800377c   Section        0  atk_md0350.o(i.atk_md0350_draw_line)
    i.atk_md0350_draw_point                  0x08003814   Section        0  atk_md0350.o(i.atk_md0350_draw_point)
    i.atk_md0350_fill                        0x08003840   Section        0  atk_md0350.o(i.atk_md0350_fill)
    i.atk_md0350_fsmc_init                   0x0800388c   Section        0  atk_md0350_fsmc.o(i.atk_md0350_fsmc_init)
    i.atk_md0350_init                        0x08003bd8   Section        0  atk_md0350.o(i.atk_md0350_init)
    i.atk_md0350_reg_init                    0x08003cbc   Section        0  atk_md0350.o(i.atk_md0350_reg_init)
    atk_md0350_reg_init                      0x08003cbd   Thumb Code  8830  atk_md0350.o(i.atk_md0350_reg_init)
    i.atk_md0350_set_column_address          0x08005f3a   Section        0  atk_md0350.o(i.atk_md0350_set_column_address)
    atk_md0350_set_column_address            0x08005f3b   Thumb Code    70  atk_md0350.o(i.atk_md0350_set_column_address)
    i.atk_md0350_set_disp_dir                0x08005f80   Section        0  atk_md0350.o(i.atk_md0350_set_disp_dir)
    i.atk_md0350_set_page_address            0x08005fb8   Section        0  atk_md0350.o(i.atk_md0350_set_page_address)
    atk_md0350_set_page_address              0x08005fb9   Thumb Code    70  atk_md0350.o(i.atk_md0350_set_page_address)
    i.atk_md0350_set_scan_dir                0x08006000   Section        0  atk_md0350.o(i.atk_md0350_set_scan_dir)
    i.atk_md0350_show_char                   0x080060d0   Section        0  atk_md0350.o(i.atk_md0350_show_char)
    i.atk_md0350_show_string                 0x080061b0   Section        0  atk_md0350.o(i.atk_md0350_show_string)
    i.atk_md0350_start_write_memory          0x08006246   Section        0  atk_md0350.o(i.atk_md0350_start_write_memory)
    atk_md0350_start_write_memory            0x08006247   Thumb Code    22  atk_md0350.o(i.atk_md0350_start_write_memory)
    i.capture_and_FFT                        0x0800625c   Section        0  fft.o(i.capture_and_FFT)
    i.main                                   0x080062f4   Section        0  main.o(i.main)
    x$fpl$fpinit                             0x0800642c   Section       10  fpinit.o(x$fpl$fpinit)
    $v0                                      0x0800642c   Number         0  fpinit.o(x$fpl$fpinit)
    .constdata                               0x08006436   Section        8  stm32f4xx_hal_dma.o(.constdata)
    x$fpl$usenofp                            0x08006436   Section        0  usenofp.o(x$fpl$usenofp)
    flagBitshiftOffset                       0x08006436   Data           8  stm32f4xx_hal_dma.o(.constdata)
    .constdata                               0x0800643e   Section       16  system_stm32f4xx.o(.constdata)
    .constdata                               0x0800644e   Section        8  system_stm32f4xx.o(.constdata)
    .constdata                               0x08006456   Section    12160  atk_md0350.o(.constdata)
    .data                                    0x20000000   Section       16  main.o(.data)
    prev_x                                   0x20000002   Data           2  main.o(.data)
    prev_y                                   0x20000004   Data           2  main.o(.data)
    prev_x                                   0x20000006   Data           2  main.o(.data)
    prev_y                                   0x20000008   Data           2  main.o(.data)
    .data                                    0x20000010   Section        8  fsmc.o(.data)
    FSMC_Initialized                         0x20000010   Data           4  fsmc.o(.data)
    FSMC_DeInitialized                       0x20000014   Data           4  fsmc.o(.data)
    .data                                    0x20000018   Section       12  stm32f4xx_hal.o(.data)
    .data                                    0x20000024   Section        4  system_stm32f4xx.o(.data)
    .data                                    0x20000028   Section        8  atk_md0350.o(.data)
    g_atk_md0350_sta                         0x20000028   Data           8  atk_md0350.o(.data)
    .bss                                     0x20000030   Section      168  adc.o(.bss)
    .bss                                     0x200000d8   Section      116  dac.o(.bss)
    .bss                                     0x2000014c   Section       80  fsmc.o(.bss)
    .bss                                     0x2000019c   Section       84  i2c.o(.bss)
    .bss                                     0x200001f0   Section      216  tim.o(.bss)
    .bss                                     0x200002c8   Section    18452  fft.o(.bss)
    .bss                                     0x20004adc   Section       20  fft.o(.bss)
    .bss                                     0x20004af0   Section       80  atk_md0350_fsmc.o(.bss)
    g_sram_handle                            0x20004af0   Data          80  atk_md0350_fsmc.o(.bss)
    .bss                                     0x20004b40   Section       96  libspace.o(.bss)
    HEAP                                     0x20004ba0   Section      512  startup_stm32f407xx.o(HEAP)
    Heap_Mem                                 0x20004ba0   Data         512  startup_stm32f407xx.o(HEAP)
    STACK                                    0x20004da0   Section     1024  startup_stm32f407xx.o(STACK)
    Stack_Mem                                0x20004da0   Data        1024  startup_stm32f407xx.o(STACK)
    __initial_sp                             0x200051a0   Data           0  startup_stm32f407xx.o(STACK)

    Global Symbols

    Symbol Name                              Value     Ov Type        Size  Object(Section)

    BuildAttributes$$THM_ISAv4$E$P$D$K$B$S$7EM$VFPi3$EXTD16$VFPS$VFMA$PE$A:L22UL41UL21$X:L11$S22US41US21$IEEE1$IW$USESV6$~STKCKD$USESV7$~SHL$OTIME$ROPI$IEEEJ$EBA8$UX$STANDARDLIB$REQ8$PRES8$EABIv2 0x00000000   Number         0  anon$$obj.o ABSOLUTE
    __ARM_use_no_argv                        0x00000000   Number         0  main.o ABSOLUTE
    __ARM_exceptions_init                     - Undefined Weak Reference
    __alloca_initialize                       - Undefined Weak Reference
    __arm_fini_                               - Undefined Weak Reference
    __arm_preinit_                            - Undefined Weak Reference
    __cpp_initialize__aeabi_                  - Undefined Weak Reference
    __cxa_finalize                            - Undefined Weak Reference
    __rt_locale                               - Undefined Weak Reference
    __sigvec_lookup                           - Undefined Weak Reference
    _atexit_init                              - Undefined Weak Reference
    _call_atexit_fns                          - Undefined Weak Reference
    _clock_init                               - Undefined Weak Reference
    _fp_trap_init                             - Undefined Weak Reference
    _fp_trap_shutdown                         - Undefined Weak Reference
    _get_lc_collate                           - Undefined Weak Reference
    _get_lc_ctype                             - Undefined Weak Reference
    _get_lc_monetary                          - Undefined Weak Reference
    _get_lc_numeric                           - Undefined Weak Reference
    _get_lc_time                              - Undefined Weak Reference
    _getenv_init                              - Undefined Weak Reference
    _handle_redirection                       - Undefined Weak Reference
    _init_alloc                               - Undefined Weak Reference
    _init_user_alloc                          - Undefined Weak Reference
    _initio                                   - Undefined Weak Reference
    _printf_post_padding                      - Undefined Weak Reference
    _printf_pre_padding                       - Undefined Weak Reference
    _printf_truncate_signed                   - Undefined Weak Reference
    _printf_truncate_unsigned                 - Undefined Weak Reference
    _rand_init                                - Undefined Weak Reference
    _signal_finish                            - Undefined Weak Reference
    _signal_init                              - Undefined Weak Reference
    _terminate_alloc                          - Undefined Weak Reference
    _terminate_user_alloc                     - Undefined Weak Reference
    _terminateio                              - Undefined Weak Reference
    __Vectors_Size                           0x00000188   Number         0  startup_stm32f407xx.o ABSOLUTE
    __Vectors                                0x08000000   Data           4  startup_stm32f407xx.o(RESET)
    __Vectors_End                            0x08000188   Data           0  startup_stm32f407xx.o(RESET)
    __main                                   0x08000189   Thumb Code     8  __main.o(!!!main)
    __scatterload                            0x08000191   Thumb Code     0  __scatter.o(!!!scatter)
    __scatterload_rt2                        0x08000191   Thumb Code    44  __scatter.o(!!!scatter)
    __scatterload_rt2_thumb_only             0x08000191   Thumb Code     0  __scatter.o(!!!scatter)
    __scatterload_null                       0x0800019f   Thumb Code     0  __scatter.o(!!!scatter)
    __scatterload_copy                       0x080001c5   Thumb Code    26  __scatter_copy.o(!!handler_copy)
    __scatterload_zeroinit                   0x080001e1   Thumb Code    28  __scatter_zi.o(!!handler_zi)
    _printf_d                                0x080001fd   Thumb Code     0  _printf_d.o(.ARM.Collect$$_printf_percent$$00000009)
    _printf_percent                          0x080001fd   Thumb Code     0  _printf_percent.o(.ARM.Collect$$_printf_percent$$00000000)
    _printf_percent_end                      0x08000203   Thumb Code     0  _printf_percent_end.o(.ARM.Collect$$_printf_percent$$00000017)
    __rt_lib_init                            0x08000207   Thumb Code     0  libinit.o(.ARM.Collect$$libinit$$00000000)
    __rt_lib_init_fp_1                       0x08000209   Thumb Code     0  libinit2.o(.ARM.Collect$$libinit$$00000001)
    __rt_lib_init_alloca_1                   0x0800020d   Thumb Code     0  libinit2.o(.ARM.Collect$$libinit$$0000002E)
    __rt_lib_init_argv_1                     0x0800020d   Thumb Code     0  libinit2.o(.ARM.Collect$$libinit$$0000002C)
    __rt_lib_init_atexit_1                   0x0800020d   Thumb Code     0  libinit2.o(.ARM.Collect$$libinit$$0000001B)
    __rt_lib_init_clock_1                    0x0800020d   Thumb Code     0  libinit2.o(.ARM.Collect$$libinit$$00000021)
    __rt_lib_init_cpp_1                      0x0800020d   Thumb Code     0  libinit2.o(.ARM.Collect$$libinit$$00000032)
    __rt_lib_init_exceptions_1               0x0800020d   Thumb Code     0  libinit2.o(.ARM.Collect$$libinit$$00000030)
    __rt_lib_init_fp_trap_1                  0x0800020d   Thumb Code     0  libinit2.o(.ARM.Collect$$libinit$$0000001F)
    __rt_lib_init_getenv_1                   0x0800020d   Thumb Code     0  libinit2.o(.ARM.Collect$$libinit$$00000023)
    __rt_lib_init_heap_1                     0x0800020d   Thumb Code     0  libinit2.o(.ARM.Collect$$libinit$$0000000A)
    __rt_lib_init_lc_collate_1               0x0800020d   Thumb Code     0  libinit2.o(.ARM.Collect$$libinit$$00000011)
    __rt_lib_init_lc_ctype_1                 0x0800020d   Thumb Code     0  libinit2.o(.ARM.Collect$$libinit$$00000013)
    __rt_lib_init_lc_monetary_1              0x0800020d   Thumb Code     0  libinit2.o(.ARM.Collect$$libinit$$00000015)
    __rt_lib_init_lc_numeric_1               0x0800020d   Thumb Code     0  libinit2.o(.ARM.Collect$$libinit$$00000017)
    __rt_lib_init_lc_time_1                  0x0800020d   Thumb Code     0  libinit2.o(.ARM.Collect$$libinit$$00000019)
    __rt_lib_init_preinit_1                  0x0800020d   Thumb Code     0  libinit2.o(.ARM.Collect$$libinit$$00000004)
    __rt_lib_init_rand_1                     0x0800020d   Thumb Code     0  libinit2.o(.ARM.Collect$$libinit$$0000000E)
    __rt_lib_init_return                     0x0800020d   Thumb Code     0  libinit2.o(.ARM.Collect$$libinit$$00000033)
    __rt_lib_init_signal_1                   0x0800020d   Thumb Code     0  libinit2.o(.ARM.Collect$$libinit$$0000001D)
    __rt_lib_init_stdio_1                    0x0800020d   Thumb Code     0  libinit2.o(.ARM.Collect$$libinit$$00000025)
    __rt_lib_init_user_alloc_1               0x0800020d   Thumb Code     0  libinit2.o(.ARM.Collect$$libinit$$0000000C)
    __rt_lib_shutdown                        0x0800020f   Thumb Code     0  libshutdown.o(.ARM.Collect$$libshutdown$$00000000)
    __rt_lib_shutdown_cpp_1                  0x08000211   Thumb Code     0  libshutdown2.o(.ARM.Collect$$libshutdown$$00000004)
    __rt_lib_shutdown_fini_1                 0x08000211   Thumb Code     0  libshutdown2.o(.ARM.Collect$$libshutdown$$00000002)
    __rt_lib_shutdown_fp_trap_1              0x08000211   Thumb Code     0  libshutdown2.o(.ARM.Collect$$libshutdown$$00000009)
    __rt_lib_shutdown_heap_1                 0x08000211   Thumb Code     0  libshutdown2.o(.ARM.Collect$$libshutdown$$00000011)
    __rt_lib_shutdown_return                 0x08000211   Thumb Code     0  libshutdown2.o(.ARM.Collect$$libshutdown$$00000012)
    __rt_lib_shutdown_signal_1               0x08000211   Thumb Code     0  libshutdown2.o(.ARM.Collect$$libshutdown$$0000000C)
    __rt_lib_shutdown_stdio_1                0x08000211   Thumb Code     0  libshutdown2.o(.ARM.Collect$$libshutdown$$00000006)
    __rt_lib_shutdown_user_alloc_1           0x08000211   Thumb Code     0  libshutdown2.o(.ARM.Collect$$libshutdown$$0000000E)
    __rt_entry                               0x08000213   Thumb Code     0  __rtentry.o(.ARM.Collect$$rtentry$$00000000)
    __rt_entry_presh_1                       0x08000213   Thumb Code     0  __rtentry2.o(.ARM.Collect$$rtentry$$00000002)
    __rt_entry_sh                            0x08000213   Thumb Code     0  __rtentry4.o(.ARM.Collect$$rtentry$$00000004)
    __rt_entry_li                            0x08000219   Thumb Code     0  __rtentry2.o(.ARM.Collect$$rtentry$$0000000A)
    __rt_entry_postsh_1                      0x08000219   Thumb Code     0  __rtentry2.o(.ARM.Collect$$rtentry$$00000009)
    __rt_entry_main                          0x0800021d   Thumb Code     0  __rtentry2.o(.ARM.Collect$$rtentry$$0000000D)
    __rt_entry_postli_1                      0x0800021d   Thumb Code     0  __rtentry2.o(.ARM.Collect$$rtentry$$0000000C)
    __rt_exit                                0x08000225   Thumb Code     0  rtexit.o(.ARM.Collect$$rtexit$$00000000)
    __rt_exit_ls                             0x08000227   Thumb Code     0  rtexit2.o(.ARM.Collect$$rtexit$$00000003)
    __rt_exit_prels_1                        0x08000227   Thumb Code     0  rtexit2.o(.ARM.Collect$$rtexit$$00000002)
    __rt_exit_exit                           0x0800022b   Thumb Code     0  rtexit2.o(.ARM.Collect$$rtexit$$00000004)
    Reset_Handler                            0x08000231   Thumb Code     8  startup_stm32f407xx.o(.text)
    ADC_IRQHandler                           0x0800024b   Thumb Code     0  startup_stm32f407xx.o(.text)
    CAN1_RX0_IRQHandler                      0x0800024b   Thumb Code     0  startup_stm32f407xx.o(.text)
    CAN1_RX1_IRQHandler                      0x0800024b   Thumb Code     0  startup_stm32f407xx.o(.text)
    CAN1_SCE_IRQHandler                      0x0800024b   Thumb Code     0  startup_stm32f407xx.o(.text)
    CAN1_TX_IRQHandler                       0x0800024b   Thumb Code     0  startup_stm32f407xx.o(.text)
    CAN2_RX0_IRQHandler                      0x0800024b   Thumb Code     0  startup_stm32f407xx.o(.text)
    CAN2_RX1_IRQHandler                      0x0800024b   Thumb Code     0  startup_stm32f407xx.o(.text)
    CAN2_SCE_IRQHandler                      0x0800024b   Thumb Code     0  startup_stm32f407xx.o(.text)
    CAN2_TX_IRQHandler                       0x0800024b   Thumb Code     0  startup_stm32f407xx.o(.text)
    DCMI_IRQHandler                          0x0800024b   Thumb Code     0  startup_stm32f407xx.o(.text)
    DMA1_Stream0_IRQHandler                  0x0800024b   Thumb Code     0  startup_stm32f407xx.o(.text)
    DMA1_Stream1_IRQHandler                  0x0800024b   Thumb Code     0  startup_stm32f407xx.o(.text)
    DMA1_Stream2_IRQHandler                  0x0800024b   Thumb Code     0  startup_stm32f407xx.o(.text)
    DMA1_Stream3_IRQHandler                  0x0800024b   Thumb Code     0  startup_stm32f407xx.o(.text)
    DMA1_Stream4_IRQHandler                  0x0800024b   Thumb Code     0  startup_stm32f407xx.o(.text)
    DMA1_Stream6_IRQHandler                  0x0800024b   Thumb Code     0  startup_stm32f407xx.o(.text)
    DMA1_Stream7_IRQHandler                  0x0800024b   Thumb Code     0  startup_stm32f407xx.o(.text)
    DMA2_Stream1_IRQHandler                  0x0800024b   Thumb Code     0  startup_stm32f407xx.o(.text)
    DMA2_Stream2_IRQHandler                  0x0800024b   Thumb Code     0  startup_stm32f407xx.o(.text)
    DMA2_Stream3_IRQHandler                  0x0800024b   Thumb Code     0  startup_stm32f407xx.o(.text)
    DMA2_Stream4_IRQHandler                  0x0800024b   Thumb Code     0  startup_stm32f407xx.o(.text)
    DMA2_Stream5_IRQHandler                  0x0800024b   Thumb Code     0  startup_stm32f407xx.o(.text)
    DMA2_Stream6_IRQHandler                  0x0800024b   Thumb Code     0  startup_stm32f407xx.o(.text)
    DMA2_Stream7_IRQHandler                  0x0800024b   Thumb Code     0  startup_stm32f407xx.o(.text)
    ETH_IRQHandler                           0x0800024b   Thumb Code     0  startup_stm32f407xx.o(.text)
    ETH_WKUP_IRQHandler                      0x0800024b   Thumb Code     0  startup_stm32f407xx.o(.text)
    EXTI0_IRQHandler                         0x0800024b   Thumb Code     0  startup_stm32f407xx.o(.text)
    EXTI15_10_IRQHandler                     0x0800024b   Thumb Code     0  startup_stm32f407xx.o(.text)
    EXTI1_IRQHandler                         0x0800024b   Thumb Code     0  startup_stm32f407xx.o(.text)
    EXTI2_IRQHandler                         0x0800024b   Thumb Code     0  startup_stm32f407xx.o(.text)
    EXTI3_IRQHandler                         0x0800024b   Thumb Code     0  startup_stm32f407xx.o(.text)
    EXTI4_IRQHandler                         0x0800024b   Thumb Code     0  startup_stm32f407xx.o(.text)
    EXTI9_5_IRQHandler                       0x0800024b   Thumb Code     0  startup_stm32f407xx.o(.text)
    FLASH_IRQHandler                         0x0800024b   Thumb Code     0  startup_stm32f407xx.o(.text)
    FMC_IRQHandler                           0x0800024b   Thumb Code     0  startup_stm32f407xx.o(.text)
    FPU_IRQHandler                           0x0800024b   Thumb Code     0  startup_stm32f407xx.o(.text)
    HASH_RNG_IRQHandler                      0x0800024b   Thumb Code     0  startup_stm32f407xx.o(.text)
    I2C1_ER_IRQHandler                       0x0800024b   Thumb Code     0  startup_stm32f407xx.o(.text)
    I2C1_EV_IRQHandler                       0x0800024b   Thumb Code     0  startup_stm32f407xx.o(.text)
    I2C2_ER_IRQHandler                       0x0800024b   Thumb Code     0  startup_stm32f407xx.o(.text)
    I2C2_EV_IRQHandler                       0x0800024b   Thumb Code     0  startup_stm32f407xx.o(.text)
    I2C3_ER_IRQHandler                       0x0800024b   Thumb Code     0  startup_stm32f407xx.o(.text)
    I2C3_EV_IRQHandler                       0x0800024b   Thumb Code     0  startup_stm32f407xx.o(.text)
    OTG_FS_IRQHandler                        0x0800024b   Thumb Code     0  startup_stm32f407xx.o(.text)
    OTG_FS_WKUP_IRQHandler                   0x0800024b   Thumb Code     0  startup_stm32f407xx.o(.text)
    OTG_HS_EP1_IN_IRQHandler                 0x0800024b   Thumb Code     0  startup_stm32f407xx.o(.text)
    OTG_HS_EP1_OUT_IRQHandler                0x0800024b   Thumb Code     0  startup_stm32f407xx.o(.text)
    OTG_HS_IRQHandler                        0x0800024b   Thumb Code     0  startup_stm32f407xx.o(.text)
    OTG_HS_WKUP_IRQHandler                   0x0800024b   Thumb Code     0  startup_stm32f407xx.o(.text)
    PVD_IRQHandler                           0x0800024b   Thumb Code     0  startup_stm32f407xx.o(.text)
    RCC_IRQHandler                           0x0800024b   Thumb Code     0  startup_stm32f407xx.o(.text)
    RTC_Alarm_IRQHandler                     0x0800024b   Thumb Code     0  startup_stm32f407xx.o(.text)
    RTC_WKUP_IRQHandler                      0x0800024b   Thumb Code     0  startup_stm32f407xx.o(.text)
    SDIO_IRQHandler                          0x0800024b   Thumb Code     0  startup_stm32f407xx.o(.text)
    SPI1_IRQHandler                          0x0800024b   Thumb Code     0  startup_stm32f407xx.o(.text)
    SPI2_IRQHandler                          0x0800024b   Thumb Code     0  startup_stm32f407xx.o(.text)
    SPI3_IRQHandler                          0x0800024b   Thumb Code     0  startup_stm32f407xx.o(.text)
    TAMP_STAMP_IRQHandler                    0x0800024b   Thumb Code     0  startup_stm32f407xx.o(.text)
    TIM1_BRK_TIM9_IRQHandler                 0x0800024b   Thumb Code     0  startup_stm32f407xx.o(.text)
    TIM1_CC_IRQHandler                       0x0800024b   Thumb Code     0  startup_stm32f407xx.o(.text)
    TIM1_TRG_COM_TIM11_IRQHandler            0x0800024b   Thumb Code     0  startup_stm32f407xx.o(.text)
    TIM1_UP_TIM10_IRQHandler                 0x0800024b   Thumb Code     0  startup_stm32f407xx.o(.text)
    TIM2_IRQHandler                          0x0800024b   Thumb Code     0  startup_stm32f407xx.o(.text)
    TIM3_IRQHandler                          0x0800024b   Thumb Code     0  startup_stm32f407xx.o(.text)
    TIM4_IRQHandler                          0x0800024b   Thumb Code     0  startup_stm32f407xx.o(.text)
    TIM5_IRQHandler                          0x0800024b   Thumb Code     0  startup_stm32f407xx.o(.text)
    TIM7_IRQHandler                          0x0800024b   Thumb Code     0  startup_stm32f407xx.o(.text)
    TIM8_BRK_TIM12_IRQHandler                0x0800024b   Thumb Code     0  startup_stm32f407xx.o(.text)
    TIM8_CC_IRQHandler                       0x0800024b   Thumb Code     0  startup_stm32f407xx.o(.text)
    TIM8_TRG_COM_TIM14_IRQHandler            0x0800024b   Thumb Code     0  startup_stm32f407xx.o(.text)
    TIM8_UP_TIM13_IRQHandler                 0x0800024b   Thumb Code     0  startup_stm32f407xx.o(.text)
    UART4_IRQHandler                         0x0800024b   Thumb Code     0  startup_stm32f407xx.o(.text)
    UART5_IRQHandler                         0x0800024b   Thumb Code     0  startup_stm32f407xx.o(.text)
    USART1_IRQHandler                        0x0800024b   Thumb Code     0  startup_stm32f407xx.o(.text)
    USART2_IRQHandler                        0x0800024b   Thumb Code     0  startup_stm32f407xx.o(.text)
    USART3_IRQHandler                        0x0800024b   Thumb Code     0  startup_stm32f407xx.o(.text)
    USART6_IRQHandler                        0x0800024b   Thumb Code     0  startup_stm32f407xx.o(.text)
    WWDG_IRQHandler                          0x0800024b   Thumb Code     0  startup_stm32f407xx.o(.text)
    __user_initial_stackheap                 0x0800024d   Thumb Code     0  startup_stm32f407xx.o(.text)
    __aeabi_uldivmod                         0x08000271   Thumb Code     0  lludivv7m.o(.text)
    _ll_udiv                                 0x08000271   Thumb Code   238  lludivv7m.o(.text)
    __2snprintf                              0x08000361   Thumb Code    48  noretval__2snprintf.o(.text)
    __printf                                 0x08000395   Thumb Code   104  __printf.o(.text)
    _printf_int_dec                          0x080003fd   Thumb Code   104  _printf_dec.o(.text)
    __aeabi_memcpy4                          0x08000475   Thumb Code     0  rt_memcpy_w.o(.text)
    __aeabi_memcpy8                          0x08000475   Thumb Code     0  rt_memcpy_w.o(.text)
    __rt_memcpy_w                            0x08000475   Thumb Code   100  rt_memcpy_w.o(.text)
    _memcpy_lastbytes_aligned                0x080004bd   Thumb Code     0  rt_memcpy_w.o(.text)
    __aeabi_memclr4                          0x080004d9   Thumb Code     0  rt_memclr_w.o(.text)
    __aeabi_memclr8                          0x080004d9   Thumb Code     0  rt_memclr_w.o(.text)
    __rt_memclr_w                            0x080004d9   Thumb Code    78  rt_memclr_w.o(.text)
    _memset_w                                0x080004dd   Thumb Code     0  rt_memclr_w.o(.text)
    __use_two_region_memory                  0x08000527   Thumb Code     2  heapauxi.o(.text)
    __rt_heap_escrow$2region                 0x08000529   Thumb Code     2  heapauxi.o(.text)
    __rt_heap_expand$2region                 0x0800052b   Thumb Code     2  heapauxi.o(.text)
    __read_errno                             0x0800052d   Thumb Code    10  _rserrno.o(.text)
    __set_errno                              0x08000537   Thumb Code    12  _rserrno.o(.text)
    _printf_int_common                       0x08000543   Thumb Code   178  _printf_intcommon.o(.text)
    _printf_char_common                      0x080005ff   Thumb Code    32  _printf_char_common.o(.text)
    _sputc                                   0x08000625   Thumb Code    10  _sputc.o(.text)
    _snputc                                  0x0800062f   Thumb Code    16  _snputc.o(.text)
    __aeabi_errno_addr                       0x08000641   Thumb Code     8  rt_errno_addr_intlibspace.o(.text)
    __errno$intlibspace                      0x08000641   Thumb Code     0  rt_errno_addr_intlibspace.o(.text)
    __rt_errno_addr$intlibspace              0x08000641   Thumb Code     0  rt_errno_addr_intlibspace.o(.text)
    __user_libspace                          0x08000649   Thumb Code     8  libspace.o(.text)
    __user_perproc_libspace                  0x08000649   Thumb Code     0  libspace.o(.text)
    __user_perthread_libspace                0x08000649   Thumb Code     0  libspace.o(.text)
    __user_setup_stackheap                   0x08000651   Thumb Code    74  sys_stackheap_outer.o(.text)
    exit                                     0x0800069b   Thumb Code    18  exit.o(.text)
    _sys_exit                                0x080006ad   Thumb Code     8  sys_exit.o(.text)
    __I$use$semihosting                      0x080006b9   Thumb Code     0  use_no_semi.o(.text)
    __use_no_semihosting_swi                 0x080006b9   Thumb Code     2  use_no_semi.o(.text)
    __semihosting_library_function           0x080006bb   Thumb Code     0  indicate_semi.o(.text)
    arm_bitreversal_f32                      0x080006bd   Thumb Code   190  arm_bitreversal.o(.text.arm_bitreversal_f32)
    arm_cfft_radix4_f32                      0x0800077b   Thumb Code    64  arm_cfft_radix4_f32.o(.text.arm_cfft_radix4_f32)
    arm_cfft_radix4_init_f32                 0x080007bd   Thumb Code   148  arm_cfft_radix4_init_f32.o(.text.arm_cfft_radix4_init_f32)
    arm_cmplx_mag_f32                        0x08000851   Thumb Code   340  arm_cmplx_mag_f32.o(.text.arm_cmplx_mag_f32)
    arm_radix4_butterfly_f32                 0x080009a5   Thumb Code   858  arm_cfft_radix4_f32.o(.text.arm_radix4_butterfly_f32)
    arm_radix4_butterfly_inverse_f32         0x08000d01   Thumb Code   890  arm_cfft_radix4_f32.o(.text.arm_radix4_butterfly_inverse_f32)
    BusFault_Handler                         0x08001231   Thumb Code     2  stm32f4xx_it.o(i.BusFault_Handler)
    DMA1_Stream5_IRQHandler                  0x08001235   Thumb Code     6  stm32f4xx_it.o(i.DMA1_Stream5_IRQHandler)
    DMA2_Stream0_IRQHandler                  0x08001241   Thumb Code     6  stm32f4xx_it.o(i.DMA2_Stream0_IRQHandler)
    DebugMon_Handler                         0x080012f1   Thumb Code     2  stm32f4xx_it.o(i.DebugMon_Handler)
    DrawDynamicGraph                         0x080012f5   Thumb Code   120  main.o(i.DrawDynamicGraph)
    DrawDynamicGraph_float                   0x08001371   Thumb Code   200  main.o(i.DrawDynamicGraph_float)
    Error_Handler                            0x08001441   Thumb Code     4  main.o(i.Error_Handler)
    FFT_INIT                                 0x08001445   Thumb Code    36  fft.o(i.FFT_INIT)
    FSMC_NORSRAM_Extended_Timing_Init        0x08001479   Thumb Code    56  stm32f4xx_ll_fsmc.o(i.FSMC_NORSRAM_Extended_Timing_Init)
    FSMC_NORSRAM_Init                        0x080014b5   Thumb Code    98  stm32f4xx_ll_fsmc.o(i.FSMC_NORSRAM_Init)
    FSMC_NORSRAM_Timing_Init                 0x0800151d   Thumb Code    64  stm32f4xx_ll_fsmc.o(i.FSMC_NORSRAM_Timing_Init)
    HAL_ADC_ConfigChannel                    0x08001561   Thumb Code   316  stm32f4xx_hal_adc.o(i.HAL_ADC_ConfigChannel)
    HAL_ADC_ConvCpltCallback                 0x080016ad   Thumb Code     2  stm32f4xx_hal_adc.o(i.HAL_ADC_ConvCpltCallback)
    HAL_ADC_ConvHalfCpltCallback             0x080016af   Thumb Code     2  stm32f4xx_hal_adc.o(i.HAL_ADC_ConvHalfCpltCallback)
    HAL_ADC_ErrorCallback                    0x080016b1   Thumb Code     2  stm32f4xx_hal_adc.o(i.HAL_ADC_ErrorCallback)
    HAL_ADC_Init                             0x080016b3   Thumb Code    84  stm32f4xx_hal_adc.o(i.HAL_ADC_Init)
    HAL_ADC_MspInit                          0x08001709   Thumb Code   132  adc.o(i.HAL_ADC_MspInit)
    HAL_ADC_Start_DMA                        0x080017a1   Thumb Code   302  stm32f4xx_hal_adc.o(i.HAL_ADC_Start_DMA)
    HAL_DACEx_DMAUnderrunCallbackCh2         0x080018f5   Thumb Code     2  stm32f4xx_hal_dac_ex.o(i.HAL_DACEx_DMAUnderrunCallbackCh2)
    HAL_DAC_ConfigChannel                    0x080018f7   Thumb Code    78  stm32f4xx_hal_dac.o(i.HAL_DAC_ConfigChannel)
    HAL_DAC_DMAUnderrunCallbackCh1           0x08001945   Thumb Code     2  stm32f4xx_hal_dac.o(i.HAL_DAC_DMAUnderrunCallbackCh1)
    HAL_DAC_IRQHandler                       0x08001947   Thumb Code   104  stm32f4xx_hal_dac.o(i.HAL_DAC_IRQHandler)
    HAL_DAC_Init                             0x080019af   Thumb Code    40  stm32f4xx_hal_dac.o(i.HAL_DAC_Init)
    HAL_DAC_MspInit                          0x080019d9   Thumb Code   154  dac.o(i.HAL_DAC_MspInit)
    HAL_DMA_IRQHandler                       0x08001a89   Thumb Code   412  stm32f4xx_hal_dma.o(i.HAL_DMA_IRQHandler)
    HAL_DMA_Init                             0x08001c29   Thumb Code   206  stm32f4xx_hal_dma.o(i.HAL_DMA_Init)
    HAL_DMA_Start_IT                         0x08001cfd   Thumb Code   110  stm32f4xx_hal_dma.o(i.HAL_DMA_Start_IT)
    HAL_Delay                                0x08001d6d   Thumb Code    32  stm32f4xx_hal.o(i.HAL_Delay)
    HAL_GPIO_Init                            0x08001e39   Thumb Code   450  stm32f4xx_hal_gpio.o(i.HAL_GPIO_Init)
    HAL_GPIO_WritePin                        0x08002029   Thumb Code    10  stm32f4xx_hal_gpio.o(i.HAL_GPIO_WritePin)
    HAL_GetTick                              0x08002035   Thumb Code     6  stm32f4xx_hal.o(i.HAL_GetTick)
    HAL_I2C_Init                             0x08002041   Thumb Code   376  stm32f4xx_hal_i2c.o(i.HAL_I2C_Init)
    HAL_I2C_MspInit                          0x080021c9   Thumb Code    90  i2c.o(i.HAL_I2C_MspInit)
    HAL_IncTick                              0x08002231   Thumb Code    12  stm32f4xx_hal.o(i.HAL_IncTick)
    HAL_Init                                 0x08002241   Thumb Code    48  stm32f4xx_hal.o(i.HAL_Init)
    HAL_InitTick                             0x08002275   Thumb Code    54  stm32f4xx_hal.o(i.HAL_InitTick)
    HAL_MspInit                              0x080022b5   Thumb Code    42  stm32f4xx_hal_msp.o(i.HAL_MspInit)
    HAL_NVIC_EnableIRQ                       0x080022e5   Thumb Code    26  stm32f4xx_hal_cortex.o(i.HAL_NVIC_EnableIRQ)
    HAL_NVIC_SetPriority                     0x08002301   Thumb Code    60  stm32f4xx_hal_cortex.o(i.HAL_NVIC_SetPriority)
    HAL_NVIC_SetPriorityGrouping             0x08002341   Thumb Code    26  stm32f4xx_hal_cortex.o(i.HAL_NVIC_SetPriorityGrouping)
    HAL_RCC_ClockConfig                      0x08002365   Thumb Code   288  stm32f4xx_hal_rcc.o(i.HAL_RCC_ClockConfig)
    HAL_RCC_GetPCLK1Freq                     0x08002499   Thumb Code    20  stm32f4xx_hal_rcc.o(i.HAL_RCC_GetPCLK1Freq)
    HAL_RCC_GetSysClockFreq                  0x080024b9   Thumb Code    88  stm32f4xx_hal_rcc.o(i.HAL_RCC_GetSysClockFreq)
    HAL_RCC_OscConfig                        0x08002519   Thumb Code   856  stm32f4xx_hal_rcc.o(i.HAL_RCC_OscConfig)
    HAL_SRAM_Init                            0x08002885   Thumb Code    92  stm32f4xx_hal_sram.o(i.HAL_SRAM_Init)
    HAL_SRAM_MspInit                         0x080028e1   Thumb Code     4  fsmc.o(i.HAL_SRAM_MspInit)
    HAL_SYSTICK_Config                       0x080028e5   Thumb Code    40  stm32f4xx_hal_cortex.o(i.HAL_SYSTICK_Config)
    HAL_TIMEx_ConfigBreakDeadTime            0x0800290d   Thumb Code    84  stm32f4xx_hal_tim_ex.o(i.HAL_TIMEx_ConfigBreakDeadTime)
    HAL_TIMEx_MasterConfigSynchronization    0x08002961   Thumb Code   116  stm32f4xx_hal_tim_ex.o(i.HAL_TIMEx_MasterConfigSynchronization)
    HAL_TIM_Base_Init                        0x080029f1   Thumb Code    90  stm32f4xx_hal_tim.o(i.HAL_TIM_Base_Init)
    HAL_TIM_Base_MspInit                     0x08002a4d   Thumb Code    66  tim.o(i.HAL_TIM_Base_MspInit)
    HAL_TIM_Base_Start                       0x08002aa1   Thumb Code    90  stm32f4xx_hal_tim.o(i.HAL_TIM_Base_Start)
    HAL_TIM_ConfigClockSource                0x08002b19   Thumb Code   220  stm32f4xx_hal_tim.o(i.HAL_TIM_ConfigClockSource)
    HAL_TIM_MspPostInit                      0x08002bf5   Thumb Code    72  tim.o(i.HAL_TIM_MspPostInit)
    HAL_TIM_PWM_ConfigChannel                0x08002c49   Thumb Code   204  stm32f4xx_hal_tim.o(i.HAL_TIM_PWM_ConfigChannel)
    HAL_TIM_PWM_Init                         0x08002d15   Thumb Code    90  stm32f4xx_hal_tim.o(i.HAL_TIM_PWM_Init)
    HAL_TIM_PWM_MspInit                      0x08002d6f   Thumb Code     2  stm32f4xx_hal_tim.o(i.HAL_TIM_PWM_MspInit)
    HAL_TIM_PWM_Start                        0x08002d71   Thumb Code   172  stm32f4xx_hal_tim.o(i.HAL_TIM_PWM_Start)
    HardFault_Handler                        0x08002e39   Thumb Code     2  stm32f4xx_it.o(i.HardFault_Handler)
    MX_ADC1_Init                             0x08002e3d   Thumb Code    90  adc.o(i.MX_ADC1_Init)
    MX_DAC_Init                              0x08002ea1   Thumb Code    52  dac.o(i.MX_DAC_Init)
    MX_DMA_Init                              0x08002edd   Thumb Code    72  dma.o(i.MX_DMA_Init)
    MX_FSMC_Init                             0x08002f29   Thumb Code   102  fsmc.o(i.MX_FSMC_Init)
    MX_GPIO_Init                             0x08002f99   Thumb Code   194  gpio.o(i.MX_GPIO_Init)
    MX_I2C2_Init                             0x08003071   Thumb Code    50  i2c.o(i.MX_I2C2_Init)
    MX_TIM1_Init                             0x080030b1   Thumb Code   194  tim.o(i.MX_TIM1_Init)
    MX_TIM3_Init                             0x0800317d   Thumb Code    94  tim.o(i.MX_TIM3_Init)
    MX_TIM8_Init                             0x080031e5   Thumb Code    96  tim.o(i.MX_TIM8_Init)
    MemManage_Handler                        0x0800324d   Thumb Code     2  stm32f4xx_it.o(i.MemManage_Handler)
    NMI_Handler                              0x0800324f   Thumb Code     2  stm32f4xx_it.o(i.NMI_Handler)
    PendSV_Handler                           0x08003251   Thumb Code     2  stm32f4xx_it.o(i.PendSV_Handler)
    SVC_Handler                              0x08003253   Thumb Code     2  stm32f4xx_it.o(i.SVC_Handler)
    SysTick_Handler                          0x08003255   Thumb Code     4  stm32f4xx_it.o(i.SysTick_Handler)
    SystemClock_Config                       0x08003259   Thumb Code   138  main.o(i.SystemClock_Config)
    SystemInit                               0x080032ed   Thumb Code    12  system_stm32f4xx.o(i.SystemInit)
    TIM6_DAC_IRQHandler                      0x080032fd   Thumb Code     6  stm32f4xx_it.o(i.TIM6_DAC_IRQHandler)
    TIM_Base_SetConfig                       0x08003309   Thumb Code   170  stm32f4xx_hal_tim.o(i.TIM_Base_SetConfig)
    TIM_CCxChannelCmd                        0x080033e1   Thumb Code    26  stm32f4xx_hal_tim.o(i.TIM_CCxChannelCmd)
    TIM_ETR_SetConfig                        0x080033fb   Thumb Code    20  stm32f4xx_hal_tim.o(i.TIM_ETR_SetConfig)
    TIM_OC2_SetConfig                        0x08003481   Thumb Code    98  stm32f4xx_hal_tim.o(i.TIM_OC2_SetConfig)
    UsageFault_Handler                       0x080035eb   Thumb Code     2  stm32f4xx_it.o(i.UsageFault_Handler)
    __hardfp_sqrtf                           0x0800360d   Thumb Code    58  sqrtf.o(i.__hardfp_sqrtf)
    analyze_fft                              0x08003649   Thumb Code   242  fft.o(i.analyze_fft)
    atk_md0350_backlight_on                  0x08003741   Thumb Code    10  atk_md0350.o(i.atk_md0350_backlight_on)
    atk_md0350_clear                         0x08003751   Thumb Code    22  atk_md0350.o(i.atk_md0350_clear)
    atk_md0350_display_on                    0x08003767   Thumb Code    22  atk_md0350.o(i.atk_md0350_display_on)
    atk_md0350_draw_line                     0x0800377d   Thumb Code   152  atk_md0350.o(i.atk_md0350_draw_line)
    atk_md0350_draw_point                    0x08003815   Thumb Code    42  atk_md0350.o(i.atk_md0350_draw_point)
    atk_md0350_fill                          0x08003841   Thumb Code    76  atk_md0350.o(i.atk_md0350_fill)
    atk_md0350_fsmc_init                     0x0800388d   Thumb Code   814  atk_md0350_fsmc.o(i.atk_md0350_fsmc_init)
    atk_md0350_init                          0x08003bd9   Thumb Code   216  atk_md0350.o(i.atk_md0350_init)
    atk_md0350_set_disp_dir                  0x08005f81   Thumb Code    52  atk_md0350.o(i.atk_md0350_set_disp_dir)
    atk_md0350_set_scan_dir                  0x08006001   Thumb Code   202  atk_md0350.o(i.atk_md0350_set_scan_dir)
    atk_md0350_show_char                     0x080060d1   Thumb Code   208  atk_md0350.o(i.atk_md0350_show_char)
    atk_md0350_show_string                   0x080061b1   Thumb Code   150  atk_md0350.o(i.atk_md0350_show_string)
    capture_and_FFT                          0x0800625d   Thumb Code   138  fft.o(i.capture_and_FFT)
    main                                     0x080062f5   Thumb Code   270  main.o(i.main)
    _fp_init                                 0x0800642d   Thumb Code    10  fpinit.o(x$fpl$fpinit)
    __fplib_config_fpu_vfp                   0x08006435   Thumb Code     0  fpinit.o(x$fpl$fpinit)
    __fplib_config_pureend_doubles           0x08006435   Thumb Code     0  fpinit.o(x$fpl$fpinit)
    __I$use$fp                               0x08006436   Number         0  usenofp.o(x$fpl$usenofp)
    AHBPrescTable                            0x0800643e   Data          16  system_stm32f4xx.o(.constdata)
    APBPrescTable                            0x0800644e   Data           8  system_stm32f4xx.o(.constdata)
    atk_md0350_font_1206                     0x08006456   Data        1140  atk_md0350.o(.constdata)
    atk_md0350_font_1608                     0x080068ca   Data        1520  atk_md0350.o(.constdata)
    atk_md0350_font_2412                     0x08006eba   Data        3420  atk_md0350.o(.constdata)
    atk_md0350_font_3216                     0x08007c16   Data        6080  atk_md0350.o(.constdata)
    armBitRevTable                           0x080093d6   Data        2048  arm_common_tables.o(.rodata.armBitRevTable)
    twiddleCoef_4096                         0x08009bd8   Data       32768  arm_common_tables.o(.rodata.twiddleCoef_4096)
    Region$$Table$$Base                      0x08011bd8   Number         0  anon$$obj.o(Region$$Table)
    Region$$Table$$Limit                     0x08011bf8   Number         0  anon$$obj.o(Region$$Table)
    task1_done                               0x20000000   Data           1  main.o(.data)
    show_value1                              0x2000000a   Data           2  main.o(.data)
    size                                     0x2000000c   Data           2  main.o(.data)
    size_t_                                  0x2000000e   Data           2  main.o(.data)
    uwTickFreq                               0x20000018   Data           1  stm32f4xx_hal.o(.data)
    uwTickPrio                               0x2000001c   Data           4  stm32f4xx_hal.o(.data)
    uwTick                                   0x20000020   Data           4  stm32f4xx_hal.o(.data)
    SystemCoreClock                          0x20000024   Data           4  system_stm32f4xx.o(.data)
    hadc1                                    0x20000030   Data          72  adc.o(.bss)
    hdma_adc1                                0x20000078   Data          96  adc.o(.bss)
    hdac                                     0x200000d8   Data          20  dac.o(.bss)
    hdma_dac1                                0x200000ec   Data          96  dac.o(.bss)
    hsram4                                   0x2000014c   Data          80  fsmc.o(.bss)
    hi2c2                                    0x2000019c   Data          84  i2c.o(.bss)
    htim1                                    0x200001f0   Data          72  tim.o(.bss)
    htim3                                    0x20000238   Data          72  tim.o(.bss)
    htim8                                    0x20000280   Data          72  tim.o(.bss)
    ADC_1_Value_DMA                          0x200002c8   Data        2048  fft.o(.bss)
    scfft                                    0x20000ac8   Data          20  fft.o(.bss)
    fft_inputbuf                             0x20000adc   Data        8192  fft.o(.bss)
    fft_outputbuf                            0x20002adc   Data        8192  fft.o(.bss)
    signal_info_real                         0x20004adc   Data          20  fft.o(.bss)
    __libspace_start                         0x20004b40   Data          96  libspace.o(.bss)
    __temporary_stack_top$libspace           0x20004ba0   Data           0  libspace.o(.bss)



==============================================================================

Memory Map of the image

  Image Entry point : 0x08000189

  Load Region LR_IROM1 (Base: 0x08000000, Size: 0x00011c28, Max: 0x00100000, ABSOLUTE)

    Execution Region ER_IROM1 (Exec base: 0x08000000, Load base: 0x08000000, Size: 0x00011bf8, Max: 0x00100000, ABSOLUTE)

    Exec Addr    Load Addr    Size         Type   Attr      Idx    E Section Name        Object

    0x08000000   0x08000000   0x00000188   Data   RO            3    RESET               startup_stm32f407xx.o
    0x08000188   0x08000188   0x00000008   Code   RO         4571  * !!!main             c_w.l(__main.o)
    0x08000190   0x08000190   0x00000034   Code   RO         4771    !!!scatter          c_w.l(__scatter.o)
    0x080001c4   0x080001c4   0x0000001a   Code   RO         4773    !!handler_copy      c_w.l(__scatter_copy.o)
    0x080001de   0x080001de   0x00000002   PAD
    0x080001e0   0x080001e0   0x0000001c   Code   RO         4775    !!handler_zi        c_w.l(__scatter_zi.o)
    0x080001fc   0x080001fc   0x00000000   Code   RO         4564    .ARM.Collect$$_printf_percent$$00000000  c_w.l(_printf_percent.o)
    0x080001fc   0x080001fc   0x00000006   Code   RO         4563    .ARM.Collect$$_printf_percent$$00000009  c_w.l(_printf_d.o)
    0x08000202   0x08000202   0x00000004   Code   RO         4600    .ARM.Collect$$_printf_percent$$00000017  c_w.l(_printf_percent_end.o)
    0x08000206   0x08000206   0x00000002   Code   RO         4642    .ARM.Collect$$libinit$$00000000  c_w.l(libinit.o)
    0x08000208   0x08000208   0x00000004   Code   RO         4651    .ARM.Collect$$libinit$$00000001  c_w.l(libinit2.o)
    0x0800020c   0x0800020c   0x00000000   Code   RO         4654    .ARM.Collect$$libinit$$00000004  c_w.l(libinit2.o)
    0x0800020c   0x0800020c   0x00000000   Code   RO         4657    .ARM.Collect$$libinit$$0000000A  c_w.l(libinit2.o)
    0x0800020c   0x0800020c   0x00000000   Code   RO         4659    .ARM.Collect$$libinit$$0000000C  c_w.l(libinit2.o)
    0x0800020c   0x0800020c   0x00000000   Code   RO         4661    .ARM.Collect$$libinit$$0000000E  c_w.l(libinit2.o)
    0x0800020c   0x0800020c   0x00000000   Code   RO         4664    .ARM.Collect$$libinit$$00000011  c_w.l(libinit2.o)
    0x0800020c   0x0800020c   0x00000000   Code   RO         4666    .ARM.Collect$$libinit$$00000013  c_w.l(libinit2.o)
    0x0800020c   0x0800020c   0x00000000   Code   RO         4668    .ARM.Collect$$libinit$$00000015  c_w.l(libinit2.o)
    0x0800020c   0x0800020c   0x00000000   Code   RO         4670    .ARM.Collect$$libinit$$00000017  c_w.l(libinit2.o)
    0x0800020c   0x0800020c   0x00000000   Code   RO         4672    .ARM.Collect$$libinit$$00000019  c_w.l(libinit2.o)
    0x0800020c   0x0800020c   0x00000000   Code   RO         4674    .ARM.Collect$$libinit$$0000001B  c_w.l(libinit2.o)
    0x0800020c   0x0800020c   0x00000000   Code   RO         4676    .ARM.Collect$$libinit$$0000001D  c_w.l(libinit2.o)
    0x0800020c   0x0800020c   0x00000000   Code   RO         4678    .ARM.Collect$$libinit$$0000001F  c_w.l(libinit2.o)
    0x0800020c   0x0800020c   0x00000000   Code   RO         4680    .ARM.Collect$$libinit$$00000021  c_w.l(libinit2.o)
    0x0800020c   0x0800020c   0x00000000   Code   RO         4682    .ARM.Collect$$libinit$$00000023  c_w.l(libinit2.o)
    0x0800020c   0x0800020c   0x00000000   Code   RO         4684    .ARM.Collect$$libinit$$00000025  c_w.l(libinit2.o)
    0x0800020c   0x0800020c   0x00000000   Code   RO         4688    .ARM.Collect$$libinit$$0000002C  c_w.l(libinit2.o)
    0x0800020c   0x0800020c   0x00000000   Code   RO         4690    .ARM.Collect$$libinit$$0000002E  c_w.l(libinit2.o)
    0x0800020c   0x0800020c   0x00000000   Code   RO         4692    .ARM.Collect$$libinit$$00000030  c_w.l(libinit2.o)
    0x0800020c   0x0800020c   0x00000000   Code   RO         4694    .ARM.Collect$$libinit$$00000032  c_w.l(libinit2.o)
    0x0800020c   0x0800020c   0x00000002   Code   RO         4695    .ARM.Collect$$libinit$$00000033  c_w.l(libinit2.o)
    0x0800020e   0x0800020e   0x00000002   Code   RO         4726    .ARM.Collect$$libshutdown$$00000000  c_w.l(libshutdown.o)
    0x08000210   0x08000210   0x00000000   Code   RO         4752    .ARM.Collect$$libshutdown$$00000002  c_w.l(libshutdown2.o)
    0x08000210   0x08000210   0x00000000   Code   RO         4754    .ARM.Collect$$libshutdown$$00000004  c_w.l(libshutdown2.o)
    0x08000210   0x08000210   0x00000000   Code   RO         4756    .ARM.Collect$$libshutdown$$00000006  c_w.l(libshutdown2.o)
    0x08000210   0x08000210   0x00000000   Code   RO         4759    .ARM.Collect$$libshutdown$$00000009  c_w.l(libshutdown2.o)
    0x08000210   0x08000210   0x00000000   Code   RO         4762    .ARM.Collect$$libshutdown$$0000000C  c_w.l(libshutdown2.o)
    0x08000210   0x08000210   0x00000000   Code   RO         4764    .ARM.Collect$$libshutdown$$0000000E  c_w.l(libshutdown2.o)
    0x08000210   0x08000210   0x00000000   Code   RO         4767    .ARM.Collect$$libshutdown$$00000011  c_w.l(libshutdown2.o)
    0x08000210   0x08000210   0x00000002   Code   RO         4768    .ARM.Collect$$libshutdown$$00000012  c_w.l(libshutdown2.o)
    0x08000212   0x08000212   0x00000000   Code   RO         4585    .ARM.Collect$$rtentry$$00000000  c_w.l(__rtentry.o)
    0x08000212   0x08000212   0x00000000   Code   RO         4603    .ARM.Collect$$rtentry$$00000002  c_w.l(__rtentry2.o)
    0x08000212   0x08000212   0x00000006   Code   RO         4615    .ARM.Collect$$rtentry$$00000004  c_w.l(__rtentry4.o)
    0x08000218   0x08000218   0x00000000   Code   RO         4605    .ARM.Collect$$rtentry$$00000009  c_w.l(__rtentry2.o)
    0x08000218   0x08000218   0x00000004   Code   RO         4606    .ARM.Collect$$rtentry$$0000000A  c_w.l(__rtentry2.o)
    0x0800021c   0x0800021c   0x00000000   Code   RO         4608    .ARM.Collect$$rtentry$$0000000C  c_w.l(__rtentry2.o)
    0x0800021c   0x0800021c   0x00000008   Code   RO         4609    .ARM.Collect$$rtentry$$0000000D  c_w.l(__rtentry2.o)
    0x08000224   0x08000224   0x00000002   Code   RO         4643    .ARM.Collect$$rtexit$$00000000  c_w.l(rtexit.o)
    0x08000226   0x08000226   0x00000000   Code   RO         4699    .ARM.Collect$$rtexit$$00000002  c_w.l(rtexit2.o)
    0x08000226   0x08000226   0x00000004   Code   RO         4700    .ARM.Collect$$rtexit$$00000003  c_w.l(rtexit2.o)
    0x0800022a   0x0800022a   0x00000006   Code   RO         4701    .ARM.Collect$$rtexit$$00000004  c_w.l(rtexit2.o)
    0x08000230   0x08000230   0x00000040   Code   RO            4    .text               startup_stm32f407xx.o
    0x08000270   0x08000270   0x000000ee   Code   RO         4533    .text               c_w.l(lludivv7m.o)
    0x0800035e   0x0800035e   0x00000002   PAD
    0x08000360   0x08000360   0x00000034   Code   RO         4537    .text               c_w.l(noretval__2snprintf.o)
    0x08000394   0x08000394   0x00000068   Code   RO         4539    .text               c_w.l(__printf.o)
    0x080003fc   0x080003fc   0x00000078   Code   RO         4541    .text               c_w.l(_printf_dec.o)
    0x08000474   0x08000474   0x00000064   Code   RO         4565    .text               c_w.l(rt_memcpy_w.o)
    0x080004d8   0x080004d8   0x0000004e   Code   RO         4567    .text               c_w.l(rt_memclr_w.o)
    0x08000526   0x08000526   0x00000006   Code   RO         4569    .text               c_w.l(heapauxi.o)
    0x0800052c   0x0800052c   0x00000016   Code   RO         4590    .text               c_w.l(_rserrno.o)
    0x08000542   0x08000542   0x000000b2   Code   RO         4592    .text               c_w.l(_printf_intcommon.o)
    0x080005f4   0x080005f4   0x00000030   Code   RO         4594    .text               c_w.l(_printf_char_common.o)
    0x08000624   0x08000624   0x0000000a   Code   RO         4596    .text               c_w.l(_sputc.o)
    0x0800062e   0x0800062e   0x00000010   Code   RO         4598    .text               c_w.l(_snputc.o)
    0x0800063e   0x0800063e   0x00000002   PAD
    0x08000640   0x08000640   0x00000008   Code   RO         4622    .text               c_w.l(rt_errno_addr_intlibspace.o)
    0x08000648   0x08000648   0x00000008   Code   RO         4626    .text               c_w.l(libspace.o)
    0x08000650   0x08000650   0x0000004a   Code   RO         4629    .text               c_w.l(sys_stackheap_outer.o)
    0x0800069a   0x0800069a   0x00000012   Code   RO         4631    .text               c_w.l(exit.o)
    0x080006ac   0x080006ac   0x0000000c   Code   RO         4696    .text               c_w.l(sys_exit.o)
    0x080006b8   0x080006b8   0x00000002   Code   RO         4715    .text               c_w.l(use_no_semi.o)
    0x080006ba   0x080006ba   0x00000000   Code   RO         4717    .text               c_w.l(indicate_semi.o)
    0x080006ba   0x080006ba   0x00000002   PAD
    0x080006bc   0x080006bc   0x000000be   Code   RO         4398    .text.arm_bitreversal_f32  arm_cortexM4lf_math.lib(arm_bitreversal.o)
    0x0800077a   0x0800077a   0x00000040   Code   RO         4375    .text.arm_cfft_radix4_f32  arm_cortexM4lf_math.lib(arm_cfft_radix4_f32.o)
    0x080007ba   0x080007ba   0x00000002   PAD
    0x080007bc   0x080007bc   0x00000094   Code   RO         4389    .text.arm_cfft_radix4_init_f32  arm_cortexM4lf_math.lib(arm_cfft_radix4_init_f32.o)
    0x08000850   0x08000850   0x00000154   Code   RO         4365    .text.arm_cmplx_mag_f32  arm_cortexM4lf_math.lib(arm_cmplx_mag_f32.o)
    0x080009a4   0x080009a4   0x0000035a   Code   RO         4379    .text.arm_radix4_butterfly_f32  arm_cortexM4lf_math.lib(arm_cfft_radix4_f32.o)
    0x08000cfe   0x08000cfe   0x00000002   PAD
    0x08000d00   0x08000d00   0x0000037a   Code   RO         4377    .text.arm_radix4_butterfly_inverse_f32  arm_cortexM4lf_math.lib(arm_cfft_radix4_f32.o)
    0x0800107a   0x0800107a   0x0000006e   Code   RO          651    i.ADC_DMAConvCplt   stm32f4xx_hal_adc.o
    0x080010e8   0x080010e8   0x00000016   Code   RO          652    i.ADC_DMAError      stm32f4xx_hal_adc.o
    0x080010fe   0x080010fe   0x0000000a   Code   RO          653    i.ADC_DMAHalfConvCplt  stm32f4xx_hal_adc.o
    0x08001108   0x08001108   0x00000128   Code   RO          654    i.ADC_Init          stm32f4xx_hal_adc.o
    0x08001230   0x08001230   0x00000002   Code   RO          533    i.BusFault_Handler  stm32f4xx_it.o
    0x08001232   0x08001232   0x00000002   PAD
    0x08001234   0x08001234   0x0000000c   Code   RO          534    i.DMA1_Stream5_IRQHandler  stm32f4xx_it.o
    0x08001240   0x08001240   0x0000000c   Code   RO          535    i.DMA2_Stream0_IRQHandler  stm32f4xx_it.o
    0x0800124c   0x0800124c   0x00000028   Code   RO         1388    i.DMA_CalcBaseAndBitshift  stm32f4xx_hal_dma.o
    0x08001274   0x08001274   0x00000054   Code   RO         1389    i.DMA_CheckFifoParam  stm32f4xx_hal_dma.o
    0x080012c8   0x080012c8   0x00000028   Code   RO         1390    i.DMA_SetConfig     stm32f4xx_hal_dma.o
    0x080012f0   0x080012f0   0x00000002   Code   RO          536    i.DebugMon_Handler  stm32f4xx_it.o
    0x080012f2   0x080012f2   0x00000002   PAD
    0x080012f4   0x080012f4   0x0000007c   Code   RO           13    i.DrawDynamicGraph  main.o
    0x08001370   0x08001370   0x000000d0   Code   RO           14    i.DrawDynamicGraph_float  main.o
    0x08001440   0x08001440   0x00000004   Code   RO           16    i.Error_Handler     main.o
    0x08001444   0x08001444   0x00000034   Code   RO         4100    i.FFT_INIT          fft.o
    0x08001478   0x08001478   0x0000003c   Code   RO         2327    i.FSMC_NORSRAM_Extended_Timing_Init  stm32f4xx_ll_fsmc.o
    0x080014b4   0x080014b4   0x00000068   Code   RO         2328    i.FSMC_NORSRAM_Init  stm32f4xx_ll_fsmc.o
    0x0800151c   0x0800151c   0x00000044   Code   RO         2329    i.FSMC_NORSRAM_Timing_Init  stm32f4xx_ll_fsmc.o
    0x08001560   0x08001560   0x0000014c   Code   RO          656    i.HAL_ADC_ConfigChannel  stm32f4xx_hal_adc.o
    0x080016ac   0x080016ac   0x00000002   Code   RO          657    i.HAL_ADC_ConvCpltCallback  stm32f4xx_hal_adc.o
    0x080016ae   0x080016ae   0x00000002   Code   RO          658    i.HAL_ADC_ConvHalfCpltCallback  stm32f4xx_hal_adc.o
    0x080016b0   0x080016b0   0x00000002   Code   RO          660    i.HAL_ADC_ErrorCallback  stm32f4xx_hal_adc.o
    0x080016b2   0x080016b2   0x00000054   Code   RO          665    i.HAL_ADC_Init      stm32f4xx_hal_adc.o
    0x08001706   0x08001706   0x00000002   PAD
    0x08001708   0x08001708   0x00000098   Code   RO          276    i.HAL_ADC_MspInit   adc.o
    0x080017a0   0x080017a0   0x00000154   Code   RO          672    i.HAL_ADC_Start_DMA  stm32f4xx_hal_adc.o
    0x080018f4   0x080018f4   0x00000002   Code   RO         2228    i.HAL_DACEx_DMAUnderrunCallbackCh2  stm32f4xx_hal_dac_ex.o
    0x080018f6   0x080018f6   0x0000004e   Code   RO         2082    i.HAL_DAC_ConfigChannel  stm32f4xx_hal_dac.o
    0x08001944   0x08001944   0x00000002   Code   RO         2085    i.HAL_DAC_DMAUnderrunCallbackCh1  stm32f4xx_hal_dac.o
    0x08001946   0x08001946   0x00000068   Code   RO         2091    i.HAL_DAC_IRQHandler  stm32f4xx_hal_dac.o
    0x080019ae   0x080019ae   0x00000028   Code   RO         2092    i.HAL_DAC_Init      stm32f4xx_hal_dac.o
    0x080019d6   0x080019d6   0x00000002   PAD
    0x080019d8   0x080019d8   0x000000b0   Code   RO          318    i.HAL_DAC_MspInit   dac.o
    0x08001a88   0x08001a88   0x000001a0   Code   RO         1396    i.HAL_DMA_IRQHandler  stm32f4xx_hal_dma.o
    0x08001c28   0x08001c28   0x000000d4   Code   RO         1397    i.HAL_DMA_Init      stm32f4xx_hal_dma.o
    0x08001cfc   0x08001cfc   0x0000006e   Code   RO         1401    i.HAL_DMA_Start_IT  stm32f4xx_hal_dma.o
    0x08001d6a   0x08001d6a   0x00000002   PAD
    0x08001d6c   0x08001d6c   0x00000024   Code   RO         1828    i.HAL_Delay         stm32f4xx_hal.o
    0x08001d90   0x08001d90   0x000000a8   Code   RO          383    i.HAL_FSMC_MspInit  fsmc.o
    0x08001e38   0x08001e38   0x000001f0   Code   RO         1284    i.HAL_GPIO_Init     stm32f4xx_hal_gpio.o
    0x08002028   0x08002028   0x0000000a   Code   RO         1288    i.HAL_GPIO_WritePin  stm32f4xx_hal_gpio.o
    0x08002032   0x08002032   0x00000002   PAD
    0x08002034   0x08002034   0x0000000c   Code   RO         1834    i.HAL_GetTick       stm32f4xx_hal.o
    0x08002040   0x08002040   0x00000188   Code   RO         2645    i.HAL_I2C_Init      stm32f4xx_hal_i2c.o
    0x080021c8   0x080021c8   0x00000068   Code   RO          432    i.HAL_I2C_MspInit   i2c.o
    0x08002230   0x08002230   0x00000010   Code   RO         1840    i.HAL_IncTick       stm32f4xx_hal.o
    0x08002240   0x08002240   0x00000034   Code   RO         1841    i.HAL_Init          stm32f4xx_hal.o
    0x08002274   0x08002274   0x00000040   Code   RO         1842    i.HAL_InitTick      stm32f4xx_hal.o
    0x080022b4   0x080022b4   0x00000030   Code   RO          627    i.HAL_MspInit       stm32f4xx_hal_msp.o
    0x080022e4   0x080022e4   0x0000001a   Code   RO         1676    i.HAL_NVIC_EnableIRQ  stm32f4xx_hal_cortex.o
    0x080022fe   0x080022fe   0x00000002   PAD
    0x08002300   0x08002300   0x00000040   Code   RO         1682    i.HAL_NVIC_SetPriority  stm32f4xx_hal_cortex.o
    0x08002340   0x08002340   0x00000024   Code   RO         1683    i.HAL_NVIC_SetPriorityGrouping  stm32f4xx_hal_cortex.o
    0x08002364   0x08002364   0x00000134   Code   RO          930    i.HAL_RCC_ClockConfig  stm32f4xx_hal_rcc.o
    0x08002498   0x08002498   0x00000020   Code   RO          937    i.HAL_RCC_GetPCLK1Freq  stm32f4xx_hal_rcc.o
    0x080024b8   0x080024b8   0x00000060   Code   RO          939    i.HAL_RCC_GetSysClockFreq  stm32f4xx_hal_rcc.o
    0x08002518   0x08002518   0x0000036c   Code   RO          942    i.HAL_RCC_OscConfig  stm32f4xx_hal_rcc.o
    0x08002884   0x08002884   0x0000005c   Code   RO         2467    i.HAL_SRAM_Init     stm32f4xx_hal_sram.o
    0x080028e0   0x080028e0   0x00000004   Code   RO          385    i.HAL_SRAM_MspInit  fsmc.o
    0x080028e4   0x080028e4   0x00000028   Code   RO         1687    i.HAL_SYSTICK_Config  stm32f4xx_hal_cortex.o
    0x0800290c   0x0800290c   0x00000054   Code   RO         3798    i.HAL_TIMEx_ConfigBreakDeadTime  stm32f4xx_hal_tim_ex.o
    0x08002960   0x08002960   0x00000090   Code   RO         3814    i.HAL_TIMEx_MasterConfigSynchronization  stm32f4xx_hal_tim_ex.o
    0x080029f0   0x080029f0   0x0000005a   Code   RO         3091    i.HAL_TIM_Base_Init  stm32f4xx_hal_tim.o
    0x08002a4a   0x08002a4a   0x00000002   PAD
    0x08002a4c   0x08002a4c   0x00000054   Code   RO          474    i.HAL_TIM_Base_MspInit  tim.o
    0x08002aa0   0x08002aa0   0x00000078   Code   RO         3094    i.HAL_TIM_Base_Start  stm32f4xx_hal_tim.o
    0x08002b18   0x08002b18   0x000000dc   Code   RO         3100    i.HAL_TIM_ConfigClockSource  stm32f4xx_hal_tim.o
    0x08002bf4   0x08002bf4   0x00000054   Code   RO          475    i.HAL_TIM_MspPostInit  tim.o
    0x08002c48   0x08002c48   0x000000cc   Code   RO         3163    i.HAL_TIM_PWM_ConfigChannel  stm32f4xx_hal_tim.o
    0x08002d14   0x08002d14   0x0000005a   Code   RO         3166    i.HAL_TIM_PWM_Init  stm32f4xx_hal_tim.o
    0x08002d6e   0x08002d6e   0x00000002   Code   RO         3168    i.HAL_TIM_PWM_MspInit  stm32f4xx_hal_tim.o
    0x08002d70   0x08002d70   0x000000c8   Code   RO         3171    i.HAL_TIM_PWM_Start  stm32f4xx_hal_tim.o
    0x08002e38   0x08002e38   0x00000002   Code   RO          537    i.HardFault_Handler  stm32f4xx_it.o
    0x08002e3a   0x08002e3a   0x00000002   PAD
    0x08002e3c   0x08002e3c   0x00000064   Code   RO          277    i.MX_ADC1_Init      adc.o
    0x08002ea0   0x08002ea0   0x0000003c   Code   RO          319    i.MX_DAC_Init       dac.o
    0x08002edc   0x08002edc   0x0000004c   Code   RO          359    i.MX_DMA_Init       dma.o
    0x08002f28   0x08002f28   0x00000070   Code   RO          386    i.MX_FSMC_Init      fsmc.o
    0x08002f98   0x08002f98   0x000000d8   Code   RO          251    i.MX_GPIO_Init      gpio.o
    0x08003070   0x08003070   0x00000040   Code   RO          433    i.MX_I2C2_Init      i2c.o
    0x080030b0   0x080030b0   0x000000cc   Code   RO          476    i.MX_TIM1_Init      tim.o
    0x0800317c   0x0800317c   0x00000068   Code   RO          477    i.MX_TIM3_Init      tim.o
    0x080031e4   0x080031e4   0x00000068   Code   RO          478    i.MX_TIM8_Init      tim.o
    0x0800324c   0x0800324c   0x00000002   Code   RO          538    i.MemManage_Handler  stm32f4xx_it.o
    0x0800324e   0x0800324e   0x00000002   Code   RO          539    i.NMI_Handler       stm32f4xx_it.o
    0x08003250   0x08003250   0x00000002   Code   RO          540    i.PendSV_Handler    stm32f4xx_it.o
    0x08003252   0x08003252   0x00000002   Code   RO          541    i.SVC_Handler       stm32f4xx_it.o
    0x08003254   0x08003254   0x00000004   Code   RO          542    i.SysTick_Handler   stm32f4xx_it.o
    0x08003258   0x08003258   0x00000094   Code   RO           18    i.SystemClock_Config  main.o
    0x080032ec   0x080032ec   0x00000010   Code   RO         4063    i.SystemInit        system_stm32f4xx.o
    0x080032fc   0x080032fc   0x0000000c   Code   RO          543    i.TIM6_DAC_IRQHandler  stm32f4xx_it.o
    0x08003308   0x08003308   0x000000d8   Code   RO         3184    i.TIM_Base_SetConfig  stm32f4xx_hal_tim.o
    0x080033e0   0x080033e0   0x0000001a   Code   RO         3185    i.TIM_CCxChannelCmd  stm32f4xx_hal_tim.o
    0x080033fa   0x080033fa   0x00000014   Code   RO         3195    i.TIM_ETR_SetConfig  stm32f4xx_hal_tim.o
    0x0800340e   0x0800340e   0x00000010   Code   RO         3196    i.TIM_ITRx_SetConfig  stm32f4xx_hal_tim.o
    0x0800341e   0x0800341e   0x00000002   PAD
    0x08003420   0x08003420   0x00000060   Code   RO         3197    i.TIM_OC1_SetConfig  stm32f4xx_hal_tim.o
    0x08003480   0x08003480   0x0000006c   Code   RO         3198    i.TIM_OC2_SetConfig  stm32f4xx_hal_tim.o
    0x080034ec   0x080034ec   0x00000068   Code   RO         3199    i.TIM_OC3_SetConfig  stm32f4xx_hal_tim.o
    0x08003554   0x08003554   0x00000050   Code   RO         3200    i.TIM_OC4_SetConfig  stm32f4xx_hal_tim.o
    0x080035a4   0x080035a4   0x00000022   Code   RO         3202    i.TIM_TI1_ConfigInputStage  stm32f4xx_hal_tim.o
    0x080035c6   0x080035c6   0x00000024   Code   RO         3204    i.TIM_TI2_ConfigInputStage  stm32f4xx_hal_tim.o
    0x080035ea   0x080035ea   0x00000002   Code   RO          544    i.UsageFault_Handler  stm32f4xx_it.o
    0x080035ec   0x080035ec   0x00000020   Code   RO         1689    i.__NVIC_SetPriority  stm32f4xx_hal_cortex.o
    0x0800360c   0x0800360c   0x0000003a   Code   RO         4573    i.__hardfp_sqrtf    m_wm.l(sqrtf.o)
    0x08003646   0x08003646   0x00000002   PAD
    0x08003648   0x08003648   0x000000f8   Code   RO         4101    i.analyze_fft       fft.o
    0x08003740   0x08003740   0x00000010   Code   RO         4153    i.atk_md0350_backlight_on  atk_md0350.o
    0x08003750   0x08003750   0x00000016   Code   RO         4154    i.atk_md0350_clear  atk_md0350.o
    0x08003766   0x08003766   0x00000016   Code   RO         4156    i.atk_md0350_display_on  atk_md0350.o
    0x0800377c   0x0800377c   0x00000098   Code   RO         4158    i.atk_md0350_draw_line  atk_md0350.o
    0x08003814   0x08003814   0x0000002a   Code   RO         4159    i.atk_md0350_draw_point  atk_md0350.o
    0x0800383e   0x0800383e   0x00000002   PAD
    0x08003840   0x08003840   0x0000004c   Code   RO         4161    i.atk_md0350_fill   atk_md0350.o
    0x0800388c   0x0800388c   0x0000034c   Code   RO         4338    i.atk_md0350_fsmc_init  atk_md0350_fsmc.o
    0x08003bd8   0x08003bd8   0x000000e4   Code   RO         4166    i.atk_md0350_init   atk_md0350.o
    0x08003cbc   0x08003cbc   0x0000227e   Code   RO         4168    i.atk_md0350_reg_init  atk_md0350.o
    0x08005f3a   0x08005f3a   0x00000046   Code   RO         4169    i.atk_md0350_set_column_address  atk_md0350.o
    0x08005f80   0x08005f80   0x00000038   Code   RO         4170    i.atk_md0350_set_disp_dir  atk_md0350.o
    0x08005fb8   0x08005fb8   0x00000046   Code   RO         4171    i.atk_md0350_set_page_address  atk_md0350.o
    0x08005ffe   0x08005ffe   0x00000002   PAD
    0x08006000   0x08006000   0x000000d0   Code   RO         4172    i.atk_md0350_set_scan_dir  atk_md0350.o
    0x080060d0   0x080060d0   0x000000e0   Code   RO         4173    i.atk_md0350_show_char  atk_md0350.o
    0x080061b0   0x080061b0   0x00000096   Code   RO         4176    i.atk_md0350_show_string  atk_md0350.o
    0x08006246   0x08006246   0x00000016   Code   RO         4178    i.atk_md0350_start_write_memory  atk_md0350.o
    0x0800625c   0x0800625c   0x00000098   Code   RO         4102    i.capture_and_FFT   fft.o
    0x080062f4   0x080062f4   0x00000138   Code   RO           20    i.main              main.o
    0x0800642c   0x0800642c   0x0000000a   Code   RO         4711    x$fpl$fpinit        fz_wm.l(fpinit.o)
    0x08006436   0x08006436   0x00000000   Code   RO         4601    x$fpl$usenofp       fz_wm.l(usenofp.o)
    0x08006436   0x08006436   0x00000008   Data   RO         1403    .constdata          stm32f4xx_hal_dma.o
    0x0800643e   0x0800643e   0x00000010   Data   RO         4064    .constdata          system_stm32f4xx.o
    0x0800644e   0x0800644e   0x00000008   Data   RO         4065    .constdata          system_stm32f4xx.o
    0x08006456   0x08006456   0x00002f80   Data   RO         4179    .constdata          atk_md0350.o
    0x080093d6   0x080093d6   0x00000800   Data   RO         4412    .rodata.armBitRevTable  arm_cortexM4lf_math.lib(arm_common_tables.o)
    0x08009bd6   0x08009bd6   0x00000002   PAD
    0x08009bd8   0x08009bd8   0x00008000   Data   RO         4430    .rodata.twiddleCoef_4096  arm_cortexM4lf_math.lib(arm_common_tables.o)
    0x08011bd8   0x08011bd8   0x00000020   Data   RO         4769    Region$$Table       anon$$obj.o


    Execution Region RW_IRAM1 (Exec base: 0x20000000, Load base: 0x08011bf8, Size: 0x000051a0, Max: 0x0001c000, ABSOLUTE)

    Exec Addr    Load Addr    Size         Type   Attr      Idx    E Section Name        Object

    0x20000000   0x08011bf8   0x00000010   Data   RW           21    .data               main.o
    0x20000010   0x08011c08   0x00000008   Data   RW          388    .data               fsmc.o
    0x20000018   0x08011c10   0x0000000c   Data   RW         1848    .data               stm32f4xx_hal.o
    0x20000024   0x08011c1c   0x00000004   Data   RW         4066    .data               system_stm32f4xx.o
    0x20000028   0x08011c20   0x00000008   Data   RW         4180    .data               atk_md0350.o
    0x20000030        -       0x000000a8   Zero   RW          278    .bss                adc.o
    0x200000d8        -       0x00000074   Zero   RW          320    .bss                dac.o
    0x2000014c        -       0x00000050   Zero   RW          387    .bss                fsmc.o
    0x2000019c        -       0x00000054   Zero   RW          434    .bss                i2c.o
    0x200001f0        -       0x000000d8   Zero   RW          479    .bss                tim.o
    0x200002c8        -       0x00004814   Zero   RW         4103    .bss                fft.o
    0x20004adc        -       0x00000014   Zero   RW         4104    .bss                fft.o
    0x20004af0        -       0x00000050   Zero   RW         4339    .bss                atk_md0350_fsmc.o
    0x20004b40        -       0x00000060   Zero   RW         4627    .bss                c_w.l(libspace.o)
    0x20004ba0        -       0x00000200   Zero   RW            2    HEAP                startup_stm32f407xx.o
    0x20004da0        -       0x00000400   Zero   RW            1    STACK               startup_stm32f407xx.o


    Execution Region RW_IRAM2 (Exec base: 0x2001c000, Load base: 0x08011c28, Size: 0x00000000, Max: 0x00004000, ABSOLUTE)

    **** No section assigned to this execution region ****


==============================================================================

Image component sizes


      Code (inc. data)   RO Data    RW Data    ZI Data      Debug   Object Name

       252         30          0          0        168       1875   adc.o
     10188         74      12160          8          0      57944   atk_md0350.o
       844         30          0          0         80       2127   atk_md0350_fsmc.o
       236         30          0          0        116       1849   dac.o
        76          4          0          0          0        866   dma.o
       452         36          0          0      18472       3943   fft.o
       284         34          0          8         80       2351   fsmc.o
       216         22          0          0          0       1099   gpio.o
       168         28          0          0         84       1769   i2c.o
       796         64          0         16          0     744768   main.o
        64         26        392          0       1536        868   startup_stm32f407xx.o
       180         28          0         12          0       9593   stm32f4xx_hal.o
      1200         66          0          0          0       7693   stm32f4xx_hal_adc.o
       198         14          0          0          0      33951   stm32f4xx_hal_cortex.o
       224          0          0          0          0       3429   stm32f4xx_hal_dac.o
         2          0          0          0          0       1003   stm32f4xx_hal_dac_ex.o
       902         16          8          0          0       5963   stm32f4xx_hal_dma.o
       506         46          0          0          0       2264   stm32f4xx_hal_gpio.o
       392         16          0          0          0       3271   stm32f4xx_hal_i2c.o
        48          6          0          0          0        906   stm32f4xx_hal_msp.o
      1312         60          0          0          0       4757   stm32f4xx_hal_rcc.o
        92          0          0          0          0       1276   stm32f4xx_hal_sram.o
      1662        140          0          0          0      14189   stm32f4xx_hal_tim.o
       228         28          0          0          0       2264   stm32f4xx_hal_tim_ex.o
        56         18          0          0          0       5868   stm32f4xx_it.o
       232         14          0          0          0       4039   stm32f4xx_ll_fsmc.o
        16          4         24          4          0       1199   system_stm32f4xx.o
       580         58          0          0        216       4034   tim.o

    ----------------------------------------------------------------------
     21430        892      12616         48      20752     925158   Object Totals
         0          0         32          0          0          0   (incl. Generated)
        24          0          0          0          0          0   (incl. Padding)

    ----------------------------------------------------------------------

      Code (inc. data)   RO Data    RW Data    ZI Data      Debug   Library Member Name

       190          0          0          0          0       2756   arm_bitreversal.o
      1812          0          0          0          0       9774   arm_cfft_radix4_f32.o
       148         20          0          0          0       1573   arm_cfft_radix4_init_f32.o
       340          0          0          0          0       2270   arm_cmplx_mag_f32.o
         0          0      34816          0          0       6294   arm_common_tables.o
         8          0          0          0          0         68   __main.o
       104          0          0          0          0         84   __printf.o
         0          0          0          0          0          0   __rtentry.o
        12          0          0          0          0          0   __rtentry2.o
         6          0          0          0          0          0   __rtentry4.o
        52          8          0          0          0          0   __scatter.o
        26          0          0          0          0          0   __scatter_copy.o
        28          0          0          0          0          0   __scatter_zi.o
        48          6          0          0          0         96   _printf_char_common.o
         6          0          0          0          0          0   _printf_d.o
       120         16          0          0          0         92   _printf_dec.o
       178          0          0          0          0         88   _printf_intcommon.o
         0          0          0          0          0          0   _printf_percent.o
         4          0          0          0          0          0   _printf_percent_end.o
        22          0          0          0          0        100   _rserrno.o
        16          0          0          0          0         68   _snputc.o
        10          0          0          0          0         68   _sputc.o
        18          0          0          0          0         80   exit.o
         6          0          0          0          0        152   heapauxi.o
         0          0          0          0          0          0   indicate_semi.o
         2          0          0          0          0          0   libinit.o
         6          0          0          0          0          0   libinit2.o
         2          0          0          0          0          0   libshutdown.o
         2          0          0          0          0          0   libshutdown2.o
         8          4          0          0         96         68   libspace.o
       238          0          0          0          0        100   lludivv7m.o
        52          4          0          0          0         84   noretval__2snprintf.o
         8          4          0          0          0         68   rt_errno_addr_intlibspace.o
        78          0          0          0          0         80   rt_memclr_w.o
       100          0          0          0          0         80   rt_memcpy_w.o
         2          0          0          0          0          0   rtexit.o
        10          0          0          0          0          0   rtexit2.o
        12          4          0          0          0         68   sys_exit.o
        74          0          0          0          0         80   sys_stackheap_outer.o
         2          0          0          0          0         68   use_no_semi.o
        10          0          0          0          0        116   fpinit.o
         0          0          0          0          0          0   usenofp.o
        58          0          0          0          0        136   sqrtf.o

    ----------------------------------------------------------------------
      3832         66      34818          0         96      24511   Library Totals
        14          0          2          0          0          0   (incl. Padding)

    ----------------------------------------------------------------------

      Code (inc. data)   RO Data    RW Data    ZI Data      Debug   Library Name

      2490         20      34816          0          0      22667   arm_cortexM4lf_math.lib
      1260         46          0          0         96       1592   c_w.l
        10          0          0          0          0        116   fz_wm.l
        58          0          0          0          0        136   m_wm.l

    ----------------------------------------------------------------------
      3832         66      34818          0         96      24511   Library Totals

    ----------------------------------------------------------------------

==============================================================================


      Code (inc. data)   RO Data    RW Data    ZI Data      Debug   

     25262        958      47434         48      20848     937941   Grand Totals
     25262        958      47434         48      20848     937941   ELF Image Totals
     25262        958      47434         48          0          0   ROM Totals

==============================================================================

    Total RO  Size (Code + RO Data)                72696 (  70.99kB)
    Total RW  Size (RW Data + ZI Data)             20896 (  20.41kB)
    Total ROM Size (Code + RO Data + RW Data)      72744 (  71.04kB)

==============================================================================

